Archive member included to satisfy reference by file (symbol)

/home/patrik/programs/STM32CubeCLT/GNU-tools-for-STM32/bin/../lib/gcc/arm-none-eabi/13.3.1/../../../../arm-none-eabi/lib/thumb/v7e-m+fp/hard/libc_nano.a(libc_a-exit.o)
                              /home/patrik/programs/STM32CubeCLT/GNU-tools-for-STM32/bin/../lib/gcc/arm-none-eabi/13.3.1/../../../../arm-none-eabi/lib/thumb/v7e-m+fp/hard/crt0.o (exit)
/home/patrik/programs/STM32CubeCLT/GNU-tools-for-STM32/bin/../lib/gcc/arm-none-eabi/13.3.1/../../../../arm-none-eabi/lib/thumb/v7e-m+fp/hard/libc_nano.a(libc_a-findfp.o)
                              /home/patrik/programs/STM32CubeCLT/GNU-tools-for-STM32/bin/../lib/gcc/arm-none-eabi/13.3.1/../../../../arm-none-eabi/lib/thumb/v7e-m+fp/hard/libc_nano.a(libc_a-exit.o) (__stdio_exit_handler)
/home/patrik/programs/STM32CubeCLT/GNU-tools-for-STM32/bin/../lib/gcc/arm-none-eabi/13.3.1/../../../../arm-none-eabi/lib/thumb/v7e-m+fp/hard/libc_nano.a(libc_a-fwalk.o)
                              /home/patrik/programs/STM32CubeCLT/GNU-tools-for-STM32/bin/../lib/gcc/arm-none-eabi/13.3.1/../../../../arm-none-eabi/lib/thumb/v7e-m+fp/hard/libc_nano.a(libc_a-findfp.o) (_fwalk_sglue)
/home/patrik/programs/STM32CubeCLT/GNU-tools-for-STM32/bin/../lib/gcc/arm-none-eabi/13.3.1/../../../../arm-none-eabi/lib/thumb/v7e-m+fp/hard/libc_nano.a(libc_a-stdio.o)
                              /home/patrik/programs/STM32CubeCLT/GNU-tools-for-STM32/bin/../lib/gcc/arm-none-eabi/13.3.1/../../../../arm-none-eabi/lib/thumb/v7e-m+fp/hard/libc_nano.a(libc_a-findfp.o) (__sread)
/home/patrik/programs/STM32CubeCLT/GNU-tools-for-STM32/bin/../lib/gcc/arm-none-eabi/13.3.1/../../../../arm-none-eabi/lib/thumb/v7e-m+fp/hard/libc_nano.a(libc_a-memset.o)
                              /home/patrik/programs/STM32CubeCLT/GNU-tools-for-STM32/bin/../lib/gcc/arm-none-eabi/13.3.1/../../../../arm-none-eabi/lib/thumb/v7e-m+fp/hard/crt0.o (memset)
/home/patrik/programs/STM32CubeCLT/GNU-tools-for-STM32/bin/../lib/gcc/arm-none-eabi/13.3.1/../../../../arm-none-eabi/lib/thumb/v7e-m+fp/hard/libc_nano.a(libc_a-closer.o)
                              /home/patrik/programs/STM32CubeCLT/GNU-tools-for-STM32/bin/../lib/gcc/arm-none-eabi/13.3.1/../../../../arm-none-eabi/lib/thumb/v7e-m+fp/hard/libc_nano.a(libc_a-stdio.o) (_close_r)
/home/patrik/programs/STM32CubeCLT/GNU-tools-for-STM32/bin/../lib/gcc/arm-none-eabi/13.3.1/../../../../arm-none-eabi/lib/thumb/v7e-m+fp/hard/libc_nano.a(libc_a-reent.o)
                              /home/patrik/programs/STM32CubeCLT/GNU-tools-for-STM32/bin/../lib/gcc/arm-none-eabi/13.3.1/../../../../arm-none-eabi/lib/thumb/v7e-m+fp/hard/libc_nano.a(libc_a-closer.o) (errno)
/home/patrik/programs/STM32CubeCLT/GNU-tools-for-STM32/bin/../lib/gcc/arm-none-eabi/13.3.1/../../../../arm-none-eabi/lib/thumb/v7e-m+fp/hard/libc_nano.a(libc_a-impure.o)
                              /home/patrik/programs/STM32CubeCLT/GNU-tools-for-STM32/bin/../lib/gcc/arm-none-eabi/13.3.1/../../../../arm-none-eabi/lib/thumb/v7e-m+fp/hard/libc_nano.a(libc_a-reent.o) (_impure_ptr)
/home/patrik/programs/STM32CubeCLT/GNU-tools-for-STM32/bin/../lib/gcc/arm-none-eabi/13.3.1/../../../../arm-none-eabi/lib/thumb/v7e-m+fp/hard/libc_nano.a(libc_a-lseekr.o)
                              /home/patrik/programs/STM32CubeCLT/GNU-tools-for-STM32/bin/../lib/gcc/arm-none-eabi/13.3.1/../../../../arm-none-eabi/lib/thumb/v7e-m+fp/hard/libc_nano.a(libc_a-stdio.o) (_lseek_r)
/home/patrik/programs/STM32CubeCLT/GNU-tools-for-STM32/bin/../lib/gcc/arm-none-eabi/13.3.1/../../../../arm-none-eabi/lib/thumb/v7e-m+fp/hard/libc_nano.a(libc_a-readr.o)
                              /home/patrik/programs/STM32CubeCLT/GNU-tools-for-STM32/bin/../lib/gcc/arm-none-eabi/13.3.1/../../../../arm-none-eabi/lib/thumb/v7e-m+fp/hard/libc_nano.a(libc_a-stdio.o) (_read_r)
/home/patrik/programs/STM32CubeCLT/GNU-tools-for-STM32/bin/../lib/gcc/arm-none-eabi/13.3.1/../../../../arm-none-eabi/lib/thumb/v7e-m+fp/hard/libc_nano.a(libc_a-writer.o)
                              /home/patrik/programs/STM32CubeCLT/GNU-tools-for-STM32/bin/../lib/gcc/arm-none-eabi/13.3.1/../../../../arm-none-eabi/lib/thumb/v7e-m+fp/hard/libc_nano.a(libc_a-stdio.o) (_write_r)
/home/patrik/programs/STM32CubeCLT/GNU-tools-for-STM32/bin/../lib/gcc/arm-none-eabi/13.3.1/../../../../arm-none-eabi/lib/thumb/v7e-m+fp/hard/libc_nano.a(libc_a-init.o)
                              /home/patrik/programs/STM32CubeCLT/GNU-tools-for-STM32/bin/../lib/gcc/arm-none-eabi/13.3.1/../../../../arm-none-eabi/lib/thumb/v7e-m+fp/hard/crt0.o (__libc_init_array)
/home/patrik/programs/STM32CubeCLT/GNU-tools-for-STM32/bin/../lib/gcc/arm-none-eabi/13.3.1/../../../../arm-none-eabi/lib/thumb/v7e-m+fp/hard/libc_nano.a(libc_a-lock.o)
                              /home/patrik/programs/STM32CubeCLT/GNU-tools-for-STM32/bin/../lib/gcc/arm-none-eabi/13.3.1/../../../../arm-none-eabi/lib/thumb/v7e-m+fp/hard/libc_nano.a(libc_a-findfp.o) (__retarget_lock_init_recursive)
[...]
Memory Configuration

Name             Origin             Length             Attributes
RAM              0x20000000         0x00020000         xrw
FLASH            0x08000000         0x00080000         xr
*default*        0x00000000         0xffffffff

Linker script and memory map

LOAD /home/patrik/programs/STM32CubeCLT/GNU-tools-for-STM32/bin/../lib/gcc/arm-none-eabi/13.3.1/thumb/v7e-m+fp/hard/crti.o
LOAD /home/patrik/programs/STM32CubeCLT/GNU-tools-for-STM32/bin/../lib/gcc/arm-none-eabi/13.3.1/thumb/v7e-m+fp/hard/crtbegin.o
LOAD /home/patrik/programs/STM32CubeCLT/GNU-tools-for-STM32/bin/../lib/gcc/arm-none-eabi/13.3.1/../../../../arm-none-eabi/lib/thumb/v7e-m+fp/hard/crt0.o
START GROUP
LOAD /home/patrik/programs/STM32CubeCLT/GNU-tools-for-STM32/bin/../lib/gcc/arm-none-eabi/13.3.1/../../../../arm-none-eabi/lib/thumb/v7e-m+fp/hard/libc_nano.a
LOAD /home/patrik/programs/STM32CubeCLT/GNU-tools-for-STM32/bin/../lib/gcc/arm-none-eabi/13.3.1/../../../../arm-none-eabi/lib/thumb/v7e-m+fp/hard/libm.a
END GROUP
LOAD cmake/stm32cubemx/CMakeFiles/STM32_Drivers.dir/__/__/Src/system_stm32g4xx.c.obj
LOAD cmake/stm32cubemx/CMakeFiles/STM32_Drivers.dir/__/__/Drivers/STM32G4xx_HAL_Driver/Src/stm32g4xx_ll_utils.c.obj
LOAD cmake/stm32cubemx/CMakeFiles/STM32_Drivers.dir/__/__/Drivers/STM32G4xx_HAL_Driver/Src/stm32g4xx_ll_exti.c.obj
LOAD cmake/stm32cubemx/CMakeFiles/STM32_Drivers.dir/__/__/Drivers/STM32G4xx_HAL_Driver/Src/stm32g4xx_ll_gpio.c.obj
LOAD cmake/stm32cubemx/CMakeFiles/STM32_Drivers.dir/__/__/Drivers/STM32G4xx_HAL_Driver/Src/stm32g4xx_hal_adc.c.obj
LOAD cmake/stm32cubemx/CMakeFiles/STM32_Drivers.dir/__/__/Drivers/STM32G4xx_HAL_Driver/Src/stm32g4xx_hal_adc_ex.c.obj
LOAD cmake/stm32cubemx/CMakeFiles/STM32_Drivers.dir/__/__/Drivers/STM32G4xx_HAL_Driver/Src/stm32g4xx_ll_adc.c.obj
LOAD cmake/stm32cubemx/CMakeFiles/STM32_Drivers.dir/__/__/Drivers/STM32G4xx_HAL_Driver/Src/stm32g4xx_ll_pwr.c.obj
LOAD cmake/stm32cubemx/CMakeFiles/STM32_Drivers.dir/__/__/Drivers/STM32G4xx_HAL_Driver/Src/stm32g4xx_hal.c.obj
LOAD cmake/stm32cubemx/CMakeFiles/STM32_Drivers.dir/__/__/Drivers/STM32G4xx_HAL_Driver/Src/stm32g4xx_hal_rcc.c.obj
LOAD cmake/stm32cubemx/CMakeFiles/STM32_Drivers.dir/__/__/Drivers/STM32G4xx_HAL_Driver/Src/stm32g4xx_hal_rcc_ex.c.obj
LOAD cmake/stm32cubemx/CMakeFiles/STM32_Drivers.dir/__/__/Drivers/STM32G4xx_HAL_Driver/Src/stm32g4xx_hal_flash.c.obj
LOAD cmake/stm32cubemx/CMakeFiles/STM32_Drivers.dir/__/__/Drivers/STM32G4xx_HAL_Driver/Src/stm32g4xx_hal_flash_ex.c.obj
LOAD cmake/stm32cubemx/CMakeFiles/STM32_Drivers.dir/__/__/Drivers/STM32G4xx_HAL_Driver/Src/stm32g4xx_hal_flash_ramfunc.c.obj
LOAD cmake/stm32cubemx/CMakeFiles/STM32_Drivers.dir/__/__/Drivers/STM32G4xx_HAL_Driver/Src/stm32g4xx_hal_gpio.c.obj
LOAD cmake/stm32cubemx/CMakeFiles/STM32_Drivers.dir/__/__/Drivers/STM32G4xx_HAL_Driver/Src/stm32g4xx_hal_exti.c.obj
LOAD cmake/stm32cubemx/CMakeFiles/STM32_Drivers.dir/__/__/Drivers/STM32G4xx_HAL_Driver/Src/stm32g4xx_hal_dma.c.obj
LOAD cmake/stm32cubemx/CMakeFiles/STM32_Drivers.dir/__/__/Drivers/STM32G4xx_HAL_Driver/Src/stm32g4xx_hal_dma_ex.c.obj
LOAD cmake/stm32cubemx/CMakeFiles/STM32_Drivers.dir/__/__/Drivers/STM32G4xx_HAL_Driver/Src/stm32g4xx_hal_pwr.c.obj
LOAD cmake/stm32cubemx/CMakeFiles/STM32_Drivers.dir/__/__/Drivers/STM32G4xx_HAL_Driver/Src/stm32g4xx_hal_pwr_ex.c.obj
LOAD cmake/stm32cubemx/CMakeFiles/STM32_Drivers.dir/__/__/Drivers/STM32G4xx_HAL_Driver/Src/stm32g4xx_hal_cortex.c.obj
LOAD cmake/stm32cubemx/CMakeFiles/STM32_Drivers.dir/__/__/Drivers/STM32G4xx_HAL_Driver/Src/stm32g4xx_ll_dac.c.obj
LOAD cmake/stm32cubemx/CMakeFiles/STM32_Drivers.dir/__/__/Drivers/STM32G4xx_HAL_Driver/Src/stm32g4xx_ll_dma.c.obj
LOAD cmake/stm32cubemx/CMakeFiles/STM32_Drivers.dir/__/__/Drivers/STM32G4xx_HAL_Driver/Src/stm32g4xx_hal_uart.c.obj
LOAD cmake/stm32cubemx/CMakeFiles/STM32_Drivers.dir/__/__/Drivers/STM32G4xx_HAL_Driver/Src/stm32g4xx_hal_uart_ex.c.obj
LOAD cmake/stm32cubemx/CMakeFiles/STM32_Drivers.dir/__/__/Drivers/STM32G4xx_HAL_Driver/Src/stm32g4xx_hal_opamp.c.obj
LOAD cmake/stm32cubemx/CMakeFiles/STM32_Drivers.dir/__/__/Drivers/STM32G4xx_HAL_Driver/Src/stm32g4xx_hal_opamp_ex.c.obj
LOAD cmake/stm32cubemx/CMakeFiles/STM32_Drivers.dir/__/__/Drivers/STM32G4xx_HAL_Driver/Src/stm32g4xx_ll_tim.c.obj
LOAD cmake/stm32cubemx/CMakeFiles/STM32_Drivers.dir/__/__/Drivers/STM32G4xx_HAL_Driver/Src/stm32g4xx_hal_tim.c.obj
LOAD cmake/stm32cubemx/CMakeFiles/STM32_Drivers.dir/__/__/Drivers/STM32G4xx_HAL_Driver/Src/stm32g4xx_hal_tim_ex.c.obj
LOAD CMakeFiles/DAC_GenerateWaveform_TriggerHW_Init.dir/Src/main.c.obj
LOAD CMakeFiles/DAC_GenerateWaveform_TriggerHW_Init.dir/Src/gpio.c.obj
LOAD CMakeFiles/DAC_GenerateWaveform_TriggerHW_Init.dir/Src/adc.c.obj
LOAD CMakeFiles/DAC_GenerateWaveform_TriggerHW_Init.dir/Src/dac.c.obj
LOAD CMakeFiles/DAC_GenerateWaveform_TriggerHW_Init.dir/Src/dma.c.obj
LOAD CMakeFiles/DAC_GenerateWaveform_TriggerHW_Init.dir/Src/usart.c.obj
LOAD CMakeFiles/DAC_GenerateWaveform_TriggerHW_Init.dir/Src/opamp.c.obj
LOAD CMakeFiles/DAC_GenerateWaveform_TriggerHW_Init.dir/Src/tim.c.obj
LOAD CMakeFiles/DAC_GenerateWaveform_TriggerHW_Init.dir/Src/stm32g4xx_it.c.obj
LOAD CMakeFiles/DAC_GenerateWaveform_TriggerHW_Init.dir/Src/stm32g4xx_hal_msp.c.obj
LOAD CMakeFiles/DAC_GenerateWaveform_TriggerHW_Init.dir/Src/sysmem.c.obj
LOAD CMakeFiles/DAC_GenerateWaveform_TriggerHW_Init.dir/Src/syscalls.c.obj
LOAD CMakeFiles/DAC_GenerateWaveform_TriggerHW_Init.dir/startup_stm32g474xx.s.obj
START GROUP
LOAD /home/patrik/programs/STM32CubeCLT/GNU-tools-for-STM32/bin/../lib/gcc/arm-none-eabi/13.3.1/thumb/v7e-m+fp/hard/libgcc.a
LOAD /home/patrik/programs/STM32CubeCLT/GNU-tools-for-STM32/bin/../lib/gcc/arm-none-eabi/13.3.1/../../../../arm-none-eabi/lib/thumb/v7e-m+fp/hard/libg_nano.a
LOAD /home/patrik/programs/STM32CubeCLT/GNU-tools-for-STM32/bin/../lib/gcc/arm-none-eabi/13.3.1/../../../../arm-none-eabi/lib/thumb/v7e-m+fp/hard/libc_nano.a
END GROUP
START GROUP
LOAD /home/patrik/programs/STM32CubeCLT/GNU-tools-for-STM32/bin/../lib/gcc/arm-none-eabi/13.3.1/thumb/v7e-m+fp/hard/libgcc.a
LOAD /home/patrik/programs/STM32CubeCLT/GNU-tools-for-STM32/bin/../lib/gcc/arm-none-eabi/13.3.1/../../../../arm-none-eabi/lib/thumb/v7e-m+fp/hard/libc_nano.a
END GROUP
LOAD /home/patrik/programs/STM32CubeCLT/GNU-tools-for-STM32/bin/../lib/gcc/arm-none-eabi/13.3.1/thumb/v7e-m+fp/hard/crtend.o
LOAD /home/patrik/programs/STM32CubeCLT/GNU-tools-for-STM32/bin/../lib/gcc/arm-none-eabi/13.3.1/thumb/v7e-m+fp/hard/crtn.o
                0x20020000                        _estack = (ORIGIN (RAM) + LENGTH (RAM))
                0x00000200                        _Min_Heap_Size = 0x200
                0x00000400                        _Min_Stack_Size = 0x400

.isr_vector     0x08000000      0x1d8
                0x08000000                        . = ALIGN (0x4)
 *(.isr_vector)
 .isr_vector    0x08000000      0x1d8 CMakeFiles/DAC_GenerateWaveform_TriggerHW_Init.dir/startup_stm32g474xx.s.obj
                0x08000000                g_pfnVectors
                0x080001d8                        . = ALIGN (0x4)

.text           0x080001d8     0x5dec
                0x080001d8                        . = ALIGN (0x4)
 *(.text)
 .text          0x080001d8       0x40 /home/patrik/programs/STM32CubeCLT/GNU-tools-for-STM32/bin/../lib/gcc/arm-none-eabi/13.3.1/thumb/v7e-m+fp/hard/crtbegin.o
 .text          0x08000218       0x30 /home/patrik/programs/STM32CubeCLT/GNU-tools-for-STM32/bin/../lib/gcc/arm-none-eabi/13.3.1/thumb/v7e-m+fp/hard/libgcc.a(_aeabi_uldivmod.o)
                0x08000218                __aeabi_uldivmod
 .text          0x08000248      0x2f8 /home/patrik/programs/STM32CubeCLT/GNU-tools-for-STM32/bin/../lib/gcc/arm-none-eabi/13.3.1/thumb/v7e-m+fp/hard/libgcc.a(_udivmoddi4.o)
                0x08000248                __udivmoddi4
 .text          0x08000540        0x4 /home/patrik/programs/STM32CubeCLT/GNU-tools-for-STM32/bin/../lib/gcc/arm-none-eabi/13.3.1/thumb/v7e-m+fp/hard/libgcc.a(_dvmd_tls.o)
                0x08000540                __aeabi_ldiv0
                0x08000540                __aeabi_idiv0
 *(.text*)
 .text.memset   0x08000544       0x10 /home/patrik/programs/STM32CubeCLT/GNU-tools-for-STM32/bin/../lib/gcc/arm-none-eabi/13.3.1/../../../../arm-none-eabi/lib/thumb/v7e-m+fp/hard/libc_nano.a(libc_a-memset.o)
                0x08000544                memset
 .text.__libc_init_array
                0x08000554       0x48 /home/patrik/programs/STM32CubeCLT/GNU-tools-for-STM32/bin/../lib/gcc/arm-none-eabi/13.3.1/../../../../arm-none-eabi/lib/thumb/v7e-m+fp/hard/libc_nano.a(libc_a-init.o)
                0x08000554                __libc_init_array
 .text.SystemInit
                0x0800059c       0x2c cmake/stm32cubemx/CMakeFiles/STM32_Drivers.dir/__/__/Src/system_stm32g4xx.c.obj
                0x0800059c                SystemInit
 .text.LL_mDelay
                0x080005c8       0x50 cmake/stm32cubemx/CMakeFiles/STM32_Drivers.dir/__/__/Drivers/STM32G4xx_HAL_Driver/Src/stm32g4xx_ll_utils.c.obj
                0x080005c8                LL_mDelay
 .text.LL_SetSystemCoreClock
                0x08000618       0x20 cmake/stm32cubemx/CMakeFiles/STM32_Drivers.dir/__/__/Drivers/STM32G4xx_HAL_Driver/Src/stm32g4xx_ll_utils.c.obj
                0x08000618                LL_SetSystemCoreClock
 .text.LL_EXTI_EnableIT_0_31
                0x08000638       0x24 cmake/stm32cubemx/CMakeFiles/STM32_Drivers.dir/__/__/Drivers/STM32G4xx_HAL_Driver/Src/stm32g4xx_ll_exti.c.obj
 .text.LL_EXTI_EnableIT_32_63
                0x0800065c       0x24 cmake/stm32cubemx/CMakeFiles/STM32_Drivers.dir/__/__/Drivers/STM32G4xx_HAL_Driver/Src/stm32g4xx_ll_exti.c.obj
 .text.LL_EXTI_DisableIT_0_31
                0x08000680       0x28 cmake/stm32cubemx/CMakeFiles/STM32_Drivers.dir/__/__/Drivers/STM32G4xx_HAL_Driver/Src/stm32g4xx_ll_exti.c.obj
 .text.LL_EXTI_DisableIT_32_63
                0x080006a8       0x28 cmake/stm32cubemx/CMakeFiles/STM32_Drivers.dir/__/__/Drivers/STM32G4xx_HAL_Driver/Src/stm32g4xx_ll_exti.c.obj
 .text.LL_EXTI_EnableEvent_0_31
                0x080006d0       0x24 cmake/stm32cubemx/CMakeFiles/STM32_Drivers.dir/__/__/Drivers/STM32G4xx_HAL_Driver/Src/stm32g4xx_ll_exti.c.obj
 .text.LL_EXTI_EnableEvent_32_63
                0x080006f4       0x24 cmake/stm32cubemx/CMakeFiles/STM32_Drivers.dir/__/__/Drivers/STM32G4xx_HAL_Driver/Src/stm32g4xx_ll_exti.c.obj
 .text.LL_EXTI_DisableEvent_0_31
                0x08000718       0x28 cmake/stm32cubemx/CMakeFiles/STM32_Drivers.dir/__/__/Drivers/STM32G4xx_HAL_Driver/Src/stm32g4xx_ll_exti.c.obj
 .text.LL_EXTI_DisableEvent_32_63
                0x08000740       0x28 cmake/stm32cubemx/CMakeFiles/STM32_Drivers.dir/__/__/Drivers/STM32G4xx_HAL_Driver/Src/stm32g4xx_ll_exti.c.obj
 .text.LL_EXTI_EnableRisingTrig_0_31
                0x08000768       0x24 cmake/stm32cubemx/CMakeFiles/STM32_Drivers.dir/__/__/Drivers/STM32G4xx_HAL_Driver/Src/stm32g4xx_ll_exti.c.obj
 .text.LL_EXTI_EnableRisingTrig_32_63
                0x0800078c       0x24 cmake/stm32cubemx/CMakeFiles/STM32_Drivers.dir/__/__/Drivers/STM32G4xx_HAL_Driver/Src/stm32g4xx_ll_exti.c.obj
 .text.LL_EXTI_DisableRisingTrig_0_31
                0x080007b0       0x28 cmake/stm32cubemx/CMakeFiles/STM32_Drivers.dir/__/__/Drivers/STM32G4xx_HAL_Driver/Src/stm32g4xx_ll_exti.c.obj
 .text.LL_EXTI_DisableRisingTrig_32_63
                0x080007d8       0x28 cmake/stm32cubemx/CMakeFiles/STM32_Drivers.dir/__/__/Drivers/STM32G4xx_HAL_Driver/Src/stm32g4xx_ll_exti.c.obj
 .text.LL_EXTI_EnableFallingTrig_0_31
                0x08000800       0x24 cmake/stm32cubemx/CMakeFiles/STM32_Drivers.dir/__/__/Drivers/STM32G4xx_HAL_Driver/Src/stm32g4xx_ll_exti.c.obj
 .text.LL_EXTI_EnableFallingTrig_32_63
                0x08000824       0x24 cmake/stm32cubemx/CMakeFiles/STM32_Drivers.dir/__/__/Drivers/STM32G4xx_HAL_Driver/Src/stm32g4xx_ll_exti.c.obj
 .text.LL_EXTI_DisableFallingTrig_0_31
                0x08000848       0x28 cmake/stm32cubemx/CMakeFiles/STM32_Drivers.dir/__/__/Drivers/STM32G4xx_HAL_Driver/Src/stm32g4xx_ll_exti.c.obj
 .text.LL_EXTI_DisableFallingTrig_32_63
                0x08000870       0x28 cmake/stm32cubemx/CMakeFiles/STM32_Drivers.dir/__/__/Drivers/STM32G4xx_HAL_Driver/Src/stm32g4xx_ll_exti.c.obj
 .text.LL_EXTI_Init
                0x08000898      0x1ec cmake/stm32cubemx/CMakeFiles/STM32_Drivers.dir/__/__/Drivers/STM32G4xx_HAL_Driver/Src/stm32g4xx_ll_exti.c.obj
                0x08000898                LL_EXTI_Init
 .text.LL_GPIO_SetPinMode
                0x08000a84       0x7a cmake/stm32cubemx/CMakeFiles/STM32_Drivers.dir/__/__/Drivers/STM32G4xx_HAL_Driver/Src/stm32g4xx_ll_gpio.c.obj
 .text.LL_GPIO_SetPinOutputType
                0x08000afe       0x30 cmake/stm32cubemx/CMakeFiles/STM32_Drivers.dir/__/__/Drivers/STM32G4xx_HAL_Driver/Src/stm32g4xx_ll_gpio.c.obj
 .text.LL_GPIO_SetPinSpeed
                0x08000b2e       0x7a cmake/stm32cubemx/CMakeFiles/STM32_Drivers.dir/__/__/Drivers/STM32G4xx_HAL_Driver/Src/stm32g4xx_ll_gpio.c.obj
 .text.LL_GPIO_SetPinPull
                0x08000ba8       0x7a cmake/stm32cubemx/CMakeFiles/STM32_Drivers.dir/__/__/Drivers/STM32G4xx_HAL_Driver/Src/stm32g4xx_ll_gpio.c.obj
 .text.LL_GPIO_SetAFPin_0_7
                0x08000c22       0x7a cmake/stm32cubemx/CMakeFiles/STM32_Drivers.dir/__/__/Drivers/STM32G4xx_HAL_Driver/Src/stm32g4xx_ll_gpio.c.obj
 .text.LL_GPIO_SetAFPin_8_15
                0x08000c9c       0x7e cmake/stm32cubemx/CMakeFiles/STM32_Drivers.dir/__/__/Drivers/STM32G4xx_HAL_Driver/Src/stm32g4xx_ll_gpio.c.obj
 .text.LL_GPIO_Init
                0x08000d1a       0xdc cmake/stm32cubemx/CMakeFiles/STM32_Drivers.dir/__/__/Drivers/STM32G4xx_HAL_Driver/Src/stm32g4xx_ll_gpio.c.obj
                0x08000d1a                LL_GPIO_Init
 .text.LL_ADC_SetCommonClock
                0x08000df6       0x26 cmake/stm32cubemx/CMakeFiles/STM32_Drivers.dir/__/__/Drivers/STM32G4xx_HAL_Driver/Src/stm32g4xx_hal_adc.c.obj
 .text.LL_ADC_SetCommonPathInternalCh
                0x08000e1c       0x26 cmake/stm32cubemx/CMakeFiles/STM32_Drivers.dir/__/__/Drivers/STM32G4xx_HAL_Driver/Src/stm32g4xx_hal_adc.c.obj
 .text.LL_ADC_GetCommonPathInternalCh
                0x08000e42       0x1c cmake/stm32cubemx/CMakeFiles/STM32_Drivers.dir/__/__/Drivers/STM32G4xx_HAL_Driver/Src/stm32g4xx_hal_adc.c.obj
 *fill*         0x08000e5e        0x2 
 .text.LL_ADC_SetOffset
                0x08000e60       0x48 cmake/stm32cubemx/CMakeFiles/STM32_Drivers.dir/__/__/Drivers/STM32G4xx_HAL_Driver/Src/stm32g4xx_hal_adc.c.obj
 .text.LL_ADC_GetOffsetChannel
                0x08000ea8       0x2c cmake/stm32cubemx/CMakeFiles/STM32_Drivers.dir/__/__/Drivers/STM32G4xx_HAL_Driver/Src/stm32g4xx_hal_adc.c.obj
 .text.LL_ADC_SetOffsetState
                0x08000ed4       0x36 cmake/stm32cubemx/CMakeFiles/STM32_Drivers.dir/__/__/Drivers/STM32G4xx_HAL_Driver/Src/stm32g4xx_hal_adc.c.obj
 .text.LL_ADC_SetOffsetSign
                0x08000f0a       0x36 cmake/stm32cubemx/CMakeFiles/STM32_Drivers.dir/__/__/Drivers/STM32G4xx_HAL_Driver/Src/stm32g4xx_hal_adc.c.obj
 .text.LL_ADC_SetOffsetSaturation
                0x08000f40       0x36 cmake/stm32cubemx/CMakeFiles/STM32_Drivers.dir/__/__/Drivers/STM32G4xx_HAL_Driver/Src/stm32g4xx_hal_adc.c.obj
 .text.LL_ADC_SetSamplingTimeCommonConfig
                0x08000f76       0x26 cmake/stm32cubemx/CMakeFiles/STM32_Drivers.dir/__/__/Drivers/STM32G4xx_HAL_Driver/Src/stm32g4xx_hal_adc.c.obj
 .text.LL_ADC_REG_SetSequencerRanks
                0x08000f9c       0x58 cmake/stm32cubemx/CMakeFiles/STM32_Drivers.dir/__/__/Drivers/STM32G4xx_HAL_Driver/Src/stm32g4xx_hal_adc.c.obj
 .text.LL_ADC_SetChannelSamplingTime
                0x08000ff4       0x56 cmake/stm32cubemx/CMakeFiles/STM32_Drivers.dir/__/__/Drivers/STM32G4xx_HAL_Driver/Src/stm32g4xx_hal_adc.c.obj
 *fill*         0x0800104a        0x2 
 .text.LL_ADC_SetChannelSingleDiff
                0x0800104c       0x48 cmake/stm32cubemx/CMakeFiles/STM32_Drivers.dir/__/__/Drivers/STM32G4xx_HAL_Driver/Src/stm32g4xx_hal_adc.c.obj
 .text.LL_ADC_DisableDeepPowerDown
                0x08001094       0x24 cmake/stm32cubemx/CMakeFiles/STM32_Drivers.dir/__/__/Drivers/STM32G4xx_HAL_Driver/Src/stm32g4xx_hal_adc.c.obj
 .text.LL_ADC_IsDeepPowerDownEnabled
                0x080010b8       0x28 cmake/stm32cubemx/CMakeFiles/STM32_Drivers.dir/__/__/Drivers/STM32G4xx_HAL_Driver/Src/stm32g4xx_hal_adc.c.obj
 .text.LL_ADC_EnableInternalRegulator
                0x080010e0       0x28 cmake/stm32cubemx/CMakeFiles/STM32_Drivers.dir/__/__/Drivers/STM32G4xx_HAL_Driver/Src/stm32g4xx_hal_adc.c.obj
 .text.LL_ADC_IsInternalRegulatorEnabled
                0x08001108       0x28 cmake/stm32cubemx/CMakeFiles/STM32_Drivers.dir/__/__/Drivers/STM32G4xx_HAL_Driver/Src/stm32g4xx_hal_adc.c.obj
 .text.LL_ADC_IsEnabled
                0x08001130       0x26 cmake/stm32cubemx/CMakeFiles/STM32_Drivers.dir/__/__/Drivers/STM32G4xx_HAL_Driver/Src/stm32g4xx_hal_adc.c.obj
 .text.LL_ADC_REG_IsConversionOngoing
                0x08001156       0x26 cmake/stm32cubemx/CMakeFiles/STM32_Drivers.dir/__/__/Drivers/STM32G4xx_HAL_Driver/Src/stm32g4xx_hal_adc.c.obj
 .text.LL_ADC_INJ_IsConversionOngoing
                0x0800117c       0x26 cmake/stm32cubemx/CMakeFiles/STM32_Drivers.dir/__/__/Drivers/STM32G4xx_HAL_Driver/Src/stm32g4xx_hal_adc.c.obj
 *fill*         0x080011a2        0x2 
 .text.HAL_ADC_Init
                0x080011a4      0x378 cmake/stm32cubemx/CMakeFiles/STM32_Drivers.dir/__/__/Drivers/STM32G4xx_HAL_Driver/Src/stm32g4xx_hal_adc.c.obj
                0x080011a4                HAL_ADC_Init
 .text.HAL_ADC_ConfigChannel
                0x0800151c      0x880 cmake/stm32cubemx/CMakeFiles/STM32_Drivers.dir/__/__/Drivers/STM32G4xx_HAL_Driver/Src/stm32g4xx_hal_adc.c.obj
                0x0800151c                HAL_ADC_ConfigChannel
 .text.LL_ADC_IsEnabled
                0x08001d9c       0x26 cmake/stm32cubemx/CMakeFiles/STM32_Drivers.dir/__/__/Drivers/STM32G4xx_HAL_Driver/Src/stm32g4xx_hal_adc_ex.c.obj
 .text.LL_ADC_REG_IsConversionOngoing
                0x08001dc2       0x26 cmake/stm32cubemx/CMakeFiles/STM32_Drivers.dir/__/__/Drivers/STM32G4xx_HAL_Driver/Src/stm32g4xx_hal_adc_ex.c.obj
 .text.HAL_ADCEx_MultiModeConfigChannel
                0x08001de8      0x210 cmake/stm32cubemx/CMakeFiles/STM32_Drivers.dir/__/__/Drivers/STM32G4xx_HAL_Driver/Src/stm32g4xx_hal_adc_ex.c.obj
                0x08001de8                HAL_ADCEx_MultiModeConfigChannel
 .text.HAL_Init
                0x08001ff8       0x30 cmake/stm32cubemx/CMakeFiles/STM32_Drivers.dir/__/__/Drivers/STM32G4xx_HAL_Driver/Src/stm32g4xx_hal.c.obj
                0x08001ff8                HAL_Init
 .text.HAL_InitTick
                0x08002028       0x74 cmake/stm32cubemx/CMakeFiles/STM32_Drivers.dir/__/__/Drivers/STM32G4xx_HAL_Driver/Src/stm32g4xx_hal.c.obj
                0x08002028                HAL_InitTick
 .text.HAL_IncTick
                0x0800209c       0x24 cmake/stm32cubemx/CMakeFiles/STM32_Drivers.dir/__/__/Drivers/STM32G4xx_HAL_Driver/Src/stm32g4xx_hal.c.obj
                0x0800209c                HAL_IncTick
 .text.HAL_GetTick
                0x080020c0       0x18 cmake/stm32cubemx/CMakeFiles/STM32_Drivers.dir/__/__/Drivers/STM32G4xx_HAL_Driver/Src/stm32g4xx_hal.c.obj
                0x080020c0                HAL_GetTick
 .text.HAL_RCC_GetSysClockFreq
                0x080020d8       0xc4 cmake/stm32cubemx/CMakeFiles/STM32_Drivers.dir/__/__/Drivers/STM32G4xx_HAL_Driver/Src/stm32g4xx_hal_rcc.c.obj
                0x080020d8                HAL_RCC_GetSysClockFreq
 .text.HAL_RCC_GetHCLKFreq
                0x0800219c       0x18 cmake/stm32cubemx/CMakeFiles/STM32_Drivers.dir/__/__/Drivers/STM32G4xx_HAL_Driver/Src/stm32g4xx_hal_rcc.c.obj
                0x0800219c                HAL_RCC_GetHCLKFreq
 .text.HAL_RCC_GetPCLK1Freq
                0x080021b4       0x2c cmake/stm32cubemx/CMakeFiles/STM32_Drivers.dir/__/__/Drivers/STM32G4xx_HAL_Driver/Src/stm32g4xx_hal_rcc.c.obj
                0x080021b4                HAL_RCC_GetPCLK1Freq
 .text.HAL_RCC_GetPCLK2Freq
                0x080021e0       0x2c cmake/stm32cubemx/CMakeFiles/STM32_Drivers.dir/__/__/Drivers/STM32G4xx_HAL_Driver/Src/stm32g4xx_hal_rcc.c.obj
                0x080021e0                HAL_RCC_GetPCLK2Freq
 .text.HAL_GPIO_Init
                0x0800220c      0x304 cmake/stm32cubemx/CMakeFiles/STM32_Drivers.dir/__/__/Drivers/STM32G4xx_HAL_Driver/Src/stm32g4xx_hal_gpio.c.obj
                0x0800220c                HAL_GPIO_Init
 .text.HAL_DMA_Init
                0x08002510      0x150 cmake/stm32cubemx/CMakeFiles/STM32_Drivers.dir/__/__/Drivers/STM32G4xx_HAL_Driver/Src/stm32g4xx_hal_dma.c.obj
                0x08002510                HAL_DMA_Init
 .text.HAL_DMA_IRQHandler
                0x08002660      0x15e cmake/stm32cubemx/CMakeFiles/STM32_Drivers.dir/__/__/Drivers/STM32G4xx_HAL_Driver/Src/stm32g4xx_hal_dma.c.obj
                0x08002660                HAL_DMA_IRQHandler
 *fill*         0x080027be        0x2 
 .text.DMA_CalcDMAMUXChannelBaseAndMask
                0x080027c0       0x7c cmake/stm32cubemx/CMakeFiles/STM32_Drivers.dir/__/__/Drivers/STM32G4xx_HAL_Driver/Src/stm32g4xx_hal_dma.c.obj
 .text.DMA_CalcDMAMUXRequestGenBaseAndMask
                0x0800283c       0x48 cmake/stm32cubemx/CMakeFiles/STM32_Drivers.dir/__/__/Drivers/STM32G4xx_HAL_Driver/Src/stm32g4xx_hal_dma.c.obj
 .text.HAL_PWREx_DisableUCPDDeadBattery
                0x08002884       0x20 cmake/stm32cubemx/CMakeFiles/STM32_Drivers.dir/__/__/Drivers/STM32G4xx_HAL_Driver/Src/stm32g4xx_hal_pwr_ex.c.obj
                0x08002884                HAL_PWREx_DisableUCPDDeadBattery
 .text.__NVIC_SetPriorityGrouping
                0x080028a4       0x48 cmake/stm32cubemx/CMakeFiles/STM32_Drivers.dir/__/__/Drivers/STM32G4xx_HAL_Driver/Src/stm32g4xx_hal_cortex.c.obj
 .text.__NVIC_GetPriorityGrouping
                0x080028ec       0x1c cmake/stm32cubemx/CMakeFiles/STM32_Drivers.dir/__/__/Drivers/STM32G4xx_HAL_Driver/Src/stm32g4xx_hal_cortex.c.obj
 .text.__NVIC_EnableIRQ
                0x08002908       0x3c cmake/stm32cubemx/CMakeFiles/STM32_Drivers.dir/__/__/Drivers/STM32G4xx_HAL_Driver/Src/stm32g4xx_hal_cortex.c.obj
 .text.__NVIC_SetPriority
                0x08002944       0x54 cmake/stm32cubemx/CMakeFiles/STM32_Drivers.dir/__/__/Drivers/STM32G4xx_HAL_Driver/Src/stm32g4xx_hal_cortex.c.obj
 .text.NVIC_EncodePriority
                0x08002998       0x66 cmake/stm32cubemx/CMakeFiles/STM32_Drivers.dir/__/__/Drivers/STM32G4xx_HAL_Driver/Src/stm32g4xx_hal_cortex.c.obj
 *fill*         0x080029fe        0x2 
 .text.SysTick_Config
                0x08002a00       0x44 cmake/stm32cubemx/CMakeFiles/STM32_Drivers.dir/__/__/Drivers/STM32G4xx_HAL_Driver/Src/stm32g4xx_hal_cortex.c.obj
 .text.HAL_NVIC_SetPriorityGrouping
                0x08002a44       0x16 cmake/stm32cubemx/CMakeFiles/STM32_Drivers.dir/__/__/Drivers/STM32G4xx_HAL_Driver/Src/stm32g4xx_hal_cortex.c.obj
                0x08002a44                HAL_NVIC_SetPriorityGrouping
 .text.HAL_NVIC_SetPriority
                0x08002a5a       0x34 cmake/stm32cubemx/CMakeFiles/STM32_Drivers.dir/__/__/Drivers/STM32G4xx_HAL_Driver/Src/stm32g4xx_hal_cortex.c.obj
                0x08002a5a                HAL_NVIC_SetPriority
 .text.HAL_NVIC_EnableIRQ
                0x08002a8e       0x1c cmake/stm32cubemx/CMakeFiles/STM32_Drivers.dir/__/__/Drivers/STM32G4xx_HAL_Driver/Src/stm32g4xx_hal_cortex.c.obj
                0x08002a8e                HAL_NVIC_EnableIRQ
 .text.HAL_SYSTICK_Config
                0x08002aaa       0x18 cmake/stm32cubemx/CMakeFiles/STM32_Drivers.dir/__/__/Drivers/STM32G4xx_HAL_Driver/Src/stm32g4xx_hal_cortex.c.obj
                0x08002aaa                HAL_SYSTICK_Config
 .text.LL_DAC_IsEnabled
                0x08002ac2       0x3e cmake/stm32cubemx/CMakeFiles/STM32_Drivers.dir/__/__/Drivers/STM32G4xx_HAL_Driver/Src/stm32g4xx_ll_dac.c.obj
 .text.LL_DAC_Init
                0x08002b00      0x14e cmake/stm32cubemx/CMakeFiles/STM32_Drivers.dir/__/__/Drivers/STM32G4xx_HAL_Driver/Src/stm32g4xx_ll_dac.c.obj
                0x08002b00                LL_DAC_Init
 .text.HAL_UART_Init
                0x08002c4e       0xa0 cmake/stm32cubemx/CMakeFiles/STM32_Drivers.dir/__/__/Drivers/STM32G4xx_HAL_Driver/Src/stm32g4xx_hal_uart.c.obj
                0x08002c4e                HAL_UART_Init
 *fill*         0x08002cee        0x2 
 .text.UART_SetConfig
                0x08002cf0      0x5f8 cmake/stm32cubemx/CMakeFiles/STM32_Drivers.dir/__/__/Drivers/STM32G4xx_HAL_Driver/Src/stm32g4xx_hal_uart.c.obj
                0x08002cf0                UART_SetConfig
 .text.UART_AdvFeatureConfig
                0x080032e8      0x144 cmake/stm32cubemx/CMakeFiles/STM32_Drivers.dir/__/__/Drivers/STM32G4xx_HAL_Driver/Src/stm32g4xx_hal_uart.c.obj
                0x080032e8                UART_AdvFeatureConfig
 .text.UART_CheckIdleState
                0x0800342c      0x154 cmake/stm32cubemx/CMakeFiles/STM32_Drivers.dir/__/__/Drivers/STM32G4xx_HAL_Driver/Src/stm32g4xx_hal_uart.c.obj
                0x0800342c                UART_CheckIdleState
 .text.UART_WaitOnFlagUntilTimeout
                0x08003580       0xda cmake/stm32cubemx/CMakeFiles/STM32_Drivers.dir/__/__/Drivers/STM32G4xx_HAL_Driver/Src/stm32g4xx_hal_uart.c.obj
                0x08003580                UART_WaitOnFlagUntilTimeout
 .text.UART_EndRxTransfer
                0x0800365a       0xcc cmake/stm32cubemx/CMakeFiles/STM32_Drivers.dir/__/__/Drivers/STM32G4xx_HAL_Driver/Src/stm32g4xx_hal_uart.c.obj
 .text.HAL_UARTEx_DisableFifoMode
                0x08003726       0x72 cmake/stm32cubemx/CMakeFiles/STM32_Drivers.dir/__/__/Drivers/STM32G4xx_HAL_Driver/Src/stm32g4xx_hal_uart_ex.c.obj
                0x08003726                HAL_UARTEx_DisableFifoMode
 .text.HAL_UARTEx_SetTxFifoThreshold
                0x08003798       0x7c cmake/stm32cubemx/CMakeFiles/STM32_Drivers.dir/__/__/Drivers/STM32G4xx_HAL_Driver/Src/stm32g4xx_hal_uart_ex.c.obj
                0x08003798                HAL_UARTEx_SetTxFifoThreshold
 .text.HAL_UARTEx_SetRxFifoThreshold
                0x08003814       0x7c cmake/stm32cubemx/CMakeFiles/STM32_Drivers.dir/__/__/Drivers/STM32G4xx_HAL_Driver/Src/stm32g4xx_hal_uart_ex.c.obj
                0x08003814                HAL_UARTEx_SetRxFifoThreshold
 .text.UARTEx_SetNbDataToProcess
                0x08003890       0x9c cmake/stm32cubemx/CMakeFiles/STM32_Drivers.dir/__/__/Drivers/STM32G4xx_HAL_Driver/Src/stm32g4xx_hal_uart_ex.c.obj
 .text.HAL_OPAMP_Init
                0x0800392c      0x1a0 cmake/stm32cubemx/CMakeFiles/STM32_Drivers.dir/__/__/Drivers/STM32G4xx_HAL_Driver/Src/stm32g4xx_hal_opamp.c.obj
                0x0800392c                HAL_OPAMP_Init
 .text.LL_TIM_SetPrescaler
                0x08003acc       0x1c cmake/stm32cubemx/CMakeFiles/STM32_Drivers.dir/__/__/Drivers/STM32G4xx_HAL_Driver/Src/stm32g4xx_ll_tim.c.obj
 .text.LL_TIM_SetAutoReload
                0x08003ae8       0x1c cmake/stm32cubemx/CMakeFiles/STM32_Drivers.dir/__/__/Drivers/STM32G4xx_HAL_Driver/Src/stm32g4xx_ll_tim.c.obj
 .text.LL_TIM_SetRepetitionCounter
                0x08003b04       0x1c cmake/stm32cubemx/CMakeFiles/STM32_Drivers.dir/__/__/Drivers/STM32G4xx_HAL_Driver/Src/stm32g4xx_ll_tim.c.obj
 .text.LL_TIM_GenerateEvent_UPDATE
                0x08003b20       0x20 cmake/stm32cubemx/CMakeFiles/STM32_Drivers.dir/__/__/Drivers/STM32G4xx_HAL_Driver/Src/stm32g4xx_ll_tim.c.obj
 .text.LL_TIM_Init
                0x08003b40      0x144 cmake/stm32cubemx/CMakeFiles/STM32_Drivers.dir/__/__/Drivers/STM32G4xx_HAL_Driver/Src/stm32g4xx_ll_tim.c.obj
                0x08003b40                LL_TIM_Init
 .text.HAL_TIM_Base_Init
                0x08003c84       0xae cmake/stm32cubemx/CMakeFiles/STM32_Drivers.dir/__/__/Drivers/STM32G4xx_HAL_Driver/Src/stm32g4xx_hal_tim.c.obj
                0x08003c84                HAL_TIM_Base_Init
 *fill*         0x08003d32        0x2 
 .text.TIM_Base_SetConfig
                0x08003d34      0x168 cmake/stm32cubemx/CMakeFiles/STM32_Drivers.dir/__/__/Drivers/STM32G4xx_HAL_Driver/Src/stm32g4xx_hal_tim.c.obj
                0x08003d34                TIM_Base_SetConfig
 .text.HAL_TIMEx_MasterConfigSynchronization
                0x08003e9c      0x12c cmake/stm32cubemx/CMakeFiles/STM32_Drivers.dir/__/__/Drivers/STM32G4xx_HAL_Driver/Src/stm32g4xx_hal_tim_ex.c.obj
                0x08003e9c                HAL_TIMEx_MasterConfigSynchronization
 .text.LL_DAC_EnableDMAReq
                0x08003fc8       0x2e CMakeFiles/DAC_GenerateWaveform_TriggerHW_Init.dir/Src/main.c.obj
 .text.LL_DAC_DMA_GetRegAddr
                0x08003ff6       0x32 CMakeFiles/DAC_GenerateWaveform_TriggerHW_Init.dir/Src/main.c.obj
 .text.LL_DAC_Enable
                0x08004028       0x2c CMakeFiles/DAC_GenerateWaveform_TriggerHW_Init.dir/Src/main.c.obj
 .text.LL_DAC_EnableTrigger
                0x08004054       0x2c CMakeFiles/DAC_GenerateWaveform_TriggerHW_Init.dir/Src/main.c.obj
 .text.LL_DAC_EnableIT_DMAUDR1
                0x08004080       0x20 CMakeFiles/DAC_GenerateWaveform_TriggerHW_Init.dir/Src/main.c.obj
 .text.LL_DAC_DisableIT_DMAUDR1
                0x080040a0       0x20 CMakeFiles/DAC_GenerateWaveform_TriggerHW_Init.dir/Src/main.c.obj
 .text.LL_DMA_EnableChannel
                0x080040c0       0x44 CMakeFiles/DAC_GenerateWaveform_TriggerHW_Init.dir/Src/main.c.obj
 .text.LL_DMA_SetDataLength
                0x08004104       0x4c CMakeFiles/DAC_GenerateWaveform_TriggerHW_Init.dir/Src/main.c.obj
 .text.LL_DMA_ConfigAddresses
                0x08004150       0x7c CMakeFiles/DAC_GenerateWaveform_TriggerHW_Init.dir/Src/main.c.obj
 .text.LL_DMA_EnableIT_TE
                0x080041cc       0x44 CMakeFiles/DAC_GenerateWaveform_TriggerHW_Init.dir/Src/main.c.obj
 .text.LL_RCC_HSI_Enable
                0x08004210       0x20 CMakeFiles/DAC_GenerateWaveform_TriggerHW_Init.dir/Src/main.c.obj
 .text.LL_RCC_HSI_IsReady
                0x08004230       0x28 CMakeFiles/DAC_GenerateWaveform_TriggerHW_Init.dir/Src/main.c.obj
 .text.LL_RCC_HSI_SetCalibTrimming
                0x08004258       0x2c CMakeFiles/DAC_GenerateWaveform_TriggerHW_Init.dir/Src/main.c.obj
 .text.LL_RCC_SetSysClkSource
                0x08004284       0x28 CMakeFiles/DAC_GenerateWaveform_TriggerHW_Init.dir/Src/main.c.obj
 .text.LL_RCC_GetSysClkSource
                0x080042ac       0x1c CMakeFiles/DAC_GenerateWaveform_TriggerHW_Init.dir/Src/main.c.obj
 .text.LL_RCC_SetAHBPrescaler
                0x080042c8       0x28 CMakeFiles/DAC_GenerateWaveform_TriggerHW_Init.dir/Src/main.c.obj
 .text.LL_RCC_SetAPB1Prescaler
                0x080042f0       0x28 CMakeFiles/DAC_GenerateWaveform_TriggerHW_Init.dir/Src/main.c.obj
 .text.LL_RCC_SetAPB2Prescaler
                0x08004318       0x28 CMakeFiles/DAC_GenerateWaveform_TriggerHW_Init.dir/Src/main.c.obj
 .text.LL_RCC_GetAPB1Prescaler
                0x08004340       0x1c CMakeFiles/DAC_GenerateWaveform_TriggerHW_Init.dir/Src/main.c.obj
 .text.LL_RCC_PLL_Enable
                0x0800435c       0x20 CMakeFiles/DAC_GenerateWaveform_TriggerHW_Init.dir/Src/main.c.obj
 .text.LL_RCC_PLL_IsReady
                0x0800437c       0x28 CMakeFiles/DAC_GenerateWaveform_TriggerHW_Init.dir/Src/main.c.obj
 .text.LL_RCC_PLL_ConfigDomain_SYS
                0x080043a4       0x40 CMakeFiles/DAC_GenerateWaveform_TriggerHW_Init.dir/Src/main.c.obj
 .text.LL_RCC_PLL_EnableDomain_SYS
                0x080043e4       0x20 CMakeFiles/DAC_GenerateWaveform_TriggerHW_Init.dir/Src/main.c.obj
 .text.LL_FLASH_SetLatency
                0x08004404       0x28 CMakeFiles/DAC_GenerateWaveform_TriggerHW_Init.dir/Src/main.c.obj
 .text.LL_FLASH_GetLatency
                0x0800442c       0x1c CMakeFiles/DAC_GenerateWaveform_TriggerHW_Init.dir/Src/main.c.obj
 .text.LL_PWR_SetRegulVoltageScaling
                0x08004448       0x28 CMakeFiles/DAC_GenerateWaveform_TriggerHW_Init.dir/Src/main.c.obj
 .text.LL_TIM_EnableCounter
                0x08004470       0x20 CMakeFiles/DAC_GenerateWaveform_TriggerHW_Init.dir/Src/main.c.obj
 .text.LL_GPIO_SetOutputPin
                0x08004490       0x1c CMakeFiles/DAC_GenerateWaveform_TriggerHW_Init.dir/Src/main.c.obj
 .text.LL_GPIO_ResetOutputPin
                0x080044ac       0x1c CMakeFiles/DAC_GenerateWaveform_TriggerHW_Init.dir/Src/main.c.obj
 .text.LL_GPIO_TogglePin
                0x080044c8       0x32 CMakeFiles/DAC_GenerateWaveform_TriggerHW_Init.dir/Src/main.c.obj
 *fill*         0x080044fa        0x2 
 .text.main     0x080044fc       0xcc CMakeFiles/DAC_GenerateWaveform_TriggerHW_Init.dir/Src/main.c.obj
                0x080044fc                main
 .text.SystemClock_Config
                0x080045c8       0xb4 CMakeFiles/DAC_GenerateWaveform_TriggerHW_Init.dir/Src/main.c.obj
                0x080045c8                SystemClock_Config
 .text.Activate_DAC
                0x0800467c       0x60 CMakeFiles/DAC_GenerateWaveform_TriggerHW_Init.dir/Src/main.c.obj
                0x0800467c                Activate_DAC
 .text.UserButton_Callback
                0x080046dc       0x24 CMakeFiles/DAC_GenerateWaveform_TriggerHW_Init.dir/Src/main.c.obj
                0x080046dc                UserButton_Callback
 .text.DacDmaTransferError_Callback
                0x08004700       0x10 CMakeFiles/DAC_GenerateWaveform_TriggerHW_Init.dir/Src/main.c.obj
                0x08004700                DacDmaTransferError_Callback
 .text.DacUnderrunError_Callback
                0x08004710       0x1c CMakeFiles/DAC_GenerateWaveform_TriggerHW_Init.dir/Src/main.c.obj
                0x08004710                DacUnderrunError_Callback
 .text.LED_On   0x0800472c       0x12 CMakeFiles/DAC_GenerateWaveform_TriggerHW_Init.dir/Src/main.c.obj
                0x0800472c                LED_On
 .text.LED_Off  0x0800473e       0x12 CMakeFiles/DAC_GenerateWaveform_TriggerHW_Init.dir/Src/main.c.obj
                0x0800473e                LED_Off
 .text.LED_Blinking
                0x08004750       0x26 CMakeFiles/DAC_GenerateWaveform_TriggerHW_Init.dir/Src/main.c.obj
                0x08004750                LED_Blinking
 *fill*         0x08004776        0x2 
 .text.WaitForUserButtonPress
                0x08004778       0x30 CMakeFiles/DAC_GenerateWaveform_TriggerHW_Init.dir/Src/main.c.obj
                0x08004778                WaitForUserButtonPress
 .text.TIM_PrescalerReloadCalculation
                0x080047a8       0x90 CMakeFiles/DAC_GenerateWaveform_TriggerHW_Init.dir/Src/main.c.obj
                0x080047a8                TIM_PrescalerReloadCalculation
 .text.Error_Handler
                0x08004838        0xe CMakeFiles/DAC_GenerateWaveform_TriggerHW_Init.dir/Src/main.c.obj
                0x08004838                Error_Handler
 *fill*         0x08004846        0x2 
 .text.__NVIC_GetPriorityGrouping
                0x08004848       0x1c CMakeFiles/DAC_GenerateWaveform_TriggerHW_Init.dir/Src/gpio.c.obj
 .text.__NVIC_EnableIRQ
                0x08004864       0x3c CMakeFiles/DAC_GenerateWaveform_TriggerHW_Init.dir/Src/gpio.c.obj
 .text.__NVIC_SetPriority
                0x080048a0       0x54 CMakeFiles/DAC_GenerateWaveform_TriggerHW_Init.dir/Src/gpio.c.obj
 .text.NVIC_EncodePriority
                0x080048f4       0x66 CMakeFiles/DAC_GenerateWaveform_TriggerHW_Init.dir/Src/gpio.c.obj
 *fill*         0x0800495a        0x2 
 .text.LL_AHB2_GRP1_EnableClock
                0x0800495c       0x30 CMakeFiles/DAC_GenerateWaveform_TriggerHW_Init.dir/Src/gpio.c.obj
 .text.LL_SYSCFG_SetEXTISource
                0x0800498c       0x70 CMakeFiles/DAC_GenerateWaveform_TriggerHW_Init.dir/Src/gpio.c.obj
 .text.LL_GPIO_SetPinMode
                0x080049fc       0x7a CMakeFiles/DAC_GenerateWaveform_TriggerHW_Init.dir/Src/gpio.c.obj
 .text.LL_GPIO_SetPinPull
                0x08004a76       0x7a CMakeFiles/DAC_GenerateWaveform_TriggerHW_Init.dir/Src/gpio.c.obj
 .text.LL_GPIO_SetOutputPin
                0x08004af0       0x1c CMakeFiles/DAC_GenerateWaveform_TriggerHW_Init.dir/Src/gpio.c.obj
 .text.LL_GPIO_ResetOutputPin
                0x08004b0c       0x1c CMakeFiles/DAC_GenerateWaveform_TriggerHW_Init.dir/Src/gpio.c.obj
 .text.MX_GPIO_Init
                0x08004b28      0x1a0 CMakeFiles/DAC_GenerateWaveform_TriggerHW_Init.dir/Src/gpio.c.obj
                0x08004b28                MX_GPIO_Init
 .text.LL_RCC_SetADCClockSource
                0x08004cc8       0x48 CMakeFiles/DAC_GenerateWaveform_TriggerHW_Init.dir/Src/adc.c.obj
 .text.MX_ADC1_Init
                0x08004d10       0xfc CMakeFiles/DAC_GenerateWaveform_TriggerHW_Init.dir/Src/adc.c.obj
                0x08004d10                MX_ADC1_Init
 .text.MX_ADC2_Init
                0x08004e0c       0xc0 CMakeFiles/DAC_GenerateWaveform_TriggerHW_Init.dir/Src/adc.c.obj
                0x08004e0c                MX_ADC2_Init
 .text.HAL_ADC_MspInit
                0x08004ecc       0xf8 CMakeFiles/DAC_GenerateWaveform_TriggerHW_Init.dir/Src/adc.c.obj
                0x08004ecc                HAL_ADC_MspInit
 .text.__NVIC_GetPriorityGrouping
                0x08004fc4       0x1c CMakeFiles/DAC_GenerateWaveform_TriggerHW_Init.dir/Src/dac.c.obj
 .text.__NVIC_EnableIRQ
                0x08004fe0       0x3c CMakeFiles/DAC_GenerateWaveform_TriggerHW_Init.dir/Src/dac.c.obj
 .text.__NVIC_SetPriority
                0x0800501c       0x54 CMakeFiles/DAC_GenerateWaveform_TriggerHW_Init.dir/Src/dac.c.obj
 .text.NVIC_EncodePriority
                0x08005070       0x66 CMakeFiles/DAC_GenerateWaveform_TriggerHW_Init.dir/Src/dac.c.obj
 .text.LL_DAC_SetSignedFormat
                0x080050d6       0x40 CMakeFiles/DAC_GenerateWaveform_TriggerHW_Init.dir/Src/dac.c.obj
 .text.LL_DAC_DisableDMADoubleDataMode
                0x08005116       0x30 CMakeFiles/DAC_GenerateWaveform_TriggerHW_Init.dir/Src/dac.c.obj
 .text.LL_DAC_EnableTrigger
                0x08005146       0x2c CMakeFiles/DAC_GenerateWaveform_TriggerHW_Init.dir/Src/dac.c.obj
 *fill*         0x08005172        0x2 
 .text.LL_DMA_SetDataTransferDirection
                0x08005174       0x50 CMakeFiles/DAC_GenerateWaveform_TriggerHW_Init.dir/Src/dac.c.obj
 .text.LL_DMA_SetMode
                0x080051c4       0x4c CMakeFiles/DAC_GenerateWaveform_TriggerHW_Init.dir/Src/dac.c.obj
 .text.LL_DMA_SetPeriphIncMode
                0x08005210       0x4c CMakeFiles/DAC_GenerateWaveform_TriggerHW_Init.dir/Src/dac.c.obj
 .text.LL_DMA_SetMemoryIncMode
                0x0800525c       0x4c CMakeFiles/DAC_GenerateWaveform_TriggerHW_Init.dir/Src/dac.c.obj
 .text.LL_DMA_SetPeriphSize
                0x080052a8       0x4c CMakeFiles/DAC_GenerateWaveform_TriggerHW_Init.dir/Src/dac.c.obj
 .text.LL_DMA_SetMemorySize
                0x080052f4       0x4c CMakeFiles/DAC_GenerateWaveform_TriggerHW_Init.dir/Src/dac.c.obj
 .text.LL_DMA_SetChannelPriorityLevel
                0x08005340       0x4c CMakeFiles/DAC_GenerateWaveform_TriggerHW_Init.dir/Src/dac.c.obj
 .text.LL_DMA_SetPeriphRequest
                0x0800538c       0x54 CMakeFiles/DAC_GenerateWaveform_TriggerHW_Init.dir/Src/dac.c.obj
 .text.LL_AHB2_GRP1_EnableClock
                0x080053e0       0x30 CMakeFiles/DAC_GenerateWaveform_TriggerHW_Init.dir/Src/dac.c.obj
 .text.MX_DAC1_Init
                0x08005410      0x11c CMakeFiles/DAC_GenerateWaveform_TriggerHW_Init.dir/Src/dac.c.obj
                0x08005410                MX_DAC1_Init
 .text.__NVIC_GetPriorityGrouping
                0x0800552c       0x1c CMakeFiles/DAC_GenerateWaveform_TriggerHW_Init.dir/Src/dma.c.obj
 .text.__NVIC_EnableIRQ
                0x08005548       0x3c CMakeFiles/DAC_GenerateWaveform_TriggerHW_Init.dir/Src/dma.c.obj
 .text.__NVIC_SetPriority
                0x08005584       0x54 CMakeFiles/DAC_GenerateWaveform_TriggerHW_Init.dir/Src/dma.c.obj
 .text.NVIC_EncodePriority
                0x080055d8       0x66 CMakeFiles/DAC_GenerateWaveform_TriggerHW_Init.dir/Src/dma.c.obj
 *fill*         0x0800563e        0x2 
 .text.LL_AHB1_GRP1_EnableClock
                0x08005640       0x30 CMakeFiles/DAC_GenerateWaveform_TriggerHW_Init.dir/Src/dma.c.obj
 .text.MX_DMA_Init
                0x08005670       0x44 CMakeFiles/DAC_GenerateWaveform_TriggerHW_Init.dir/Src/dma.c.obj
                0x08005670                MX_DMA_Init
 .text.LL_RCC_SetUSARTClockSource
                0x080056b4       0x34 CMakeFiles/DAC_GenerateWaveform_TriggerHW_Init.dir/Src/usart.c.obj
 .text.LL_RCC_SetLPUARTClockSource
                0x080056e8       0x2c CMakeFiles/DAC_GenerateWaveform_TriggerHW_Init.dir/Src/usart.c.obj
 .text.MX_LPUART1_UART_Init
                0x08005714       0x94 CMakeFiles/DAC_GenerateWaveform_TriggerHW_Init.dir/Src/usart.c.obj
                0x08005714                MX_LPUART1_UART_Init
 .text.MX_USART1_UART_Init
                0x080057a8       0x98 CMakeFiles/DAC_GenerateWaveform_TriggerHW_Init.dir/Src/usart.c.obj
                0x080057a8                MX_USART1_UART_Init
 .text.HAL_UART_MspInit
                0x08005840       0xf4 CMakeFiles/DAC_GenerateWaveform_TriggerHW_Init.dir/Src/usart.c.obj
                0x08005840                HAL_UART_MspInit
 .text.MX_OPAMP1_Init
                0x08005934       0x4c CMakeFiles/DAC_GenerateWaveform_TriggerHW_Init.dir/Src/opamp.c.obj
                0x08005934                MX_OPAMP1_Init
 .text.MX_OPAMP2_Init
                0x08005980       0x4c CMakeFiles/DAC_GenerateWaveform_TriggerHW_Init.dir/Src/opamp.c.obj
                0x08005980                MX_OPAMP2_Init
 .text.HAL_OPAMP_MspInit
                0x080059cc       0xa8 CMakeFiles/DAC_GenerateWaveform_TriggerHW_Init.dir/Src/opamp.c.obj
                0x080059cc                HAL_OPAMP_MspInit
 .text.__NVIC_GetPriorityGrouping
                0x08005a74       0x1c CMakeFiles/DAC_GenerateWaveform_TriggerHW_Init.dir/Src/tim.c.obj
 .text.__NVIC_EnableIRQ
                0x08005a90       0x3c CMakeFiles/DAC_GenerateWaveform_TriggerHW_Init.dir/Src/tim.c.obj
 .text.__NVIC_SetPriority
                0x08005acc       0x54 CMakeFiles/DAC_GenerateWaveform_TriggerHW_Init.dir/Src/tim.c.obj
 .text.NVIC_EncodePriority
                0x08005b20       0x66 CMakeFiles/DAC_GenerateWaveform_TriggerHW_Init.dir/Src/tim.c.obj
 *fill*         0x08005b86        0x2 
 .text.LL_APB1_GRP1_EnableClock
                0x08005b88       0x30 CMakeFiles/DAC_GenerateWaveform_TriggerHW_Init.dir/Src/tim.c.obj
 .text.LL_TIM_DisableARRPreload
                0x08005bb8       0x20 CMakeFiles/DAC_GenerateWaveform_TriggerHW_Init.dir/Src/tim.c.obj
 .text.LL_TIM_SetTriggerOutput
                0x08005bd8       0x2a CMakeFiles/DAC_GenerateWaveform_TriggerHW_Init.dir/Src/tim.c.obj
 .text.LL_TIM_DisableMasterSlaveMode
                0x08005c02       0x20 CMakeFiles/DAC_GenerateWaveform_TriggerHW_Init.dir/Src/tim.c.obj
 *fill*         0x08005c22        0x2 
 .text.MX_TIM6_Init
                0x08005c24       0x80 CMakeFiles/DAC_GenerateWaveform_TriggerHW_Init.dir/Src/tim.c.obj
                0x08005c24                MX_TIM6_Init
 .text.MX_TIM7_Init
                0x08005ca4       0x74 CMakeFiles/DAC_GenerateWaveform_TriggerHW_Init.dir/Src/tim.c.obj
                0x08005ca4                MX_TIM7_Init
 .text.HAL_TIM_Base_MspInit
                0x08005d18       0x40 CMakeFiles/DAC_GenerateWaveform_TriggerHW_Init.dir/Src/tim.c.obj
                0x08005d18                HAL_TIM_Base_MspInit
 .text.LL_DAC_IsActiveFlag_DMAUDR1
                0x08005d58       0x28 CMakeFiles/DAC_GenerateWaveform_TriggerHW_Init.dir/Src/stm32g4xx_it.c.obj
 .text.LL_DAC_ClearFlag_DMAUDR1
                0x08005d80       0x1c CMakeFiles/DAC_GenerateWaveform_TriggerHW_Init.dir/Src/stm32g4xx_it.c.obj
 .text.LL_DMA_IsActiveFlag_TE3
                0x08005d9c       0x28 CMakeFiles/DAC_GenerateWaveform_TriggerHW_Init.dir/Src/stm32g4xx_it.c.obj
 .text.LL_DMA_ClearFlag_TE3
                0x08005dc4       0x1c CMakeFiles/DAC_GenerateWaveform_TriggerHW_Init.dir/Src/stm32g4xx_it.c.obj
 .text.LL_EXTI_IsActiveFlag_0_31
                0x08005de0       0x2c CMakeFiles/DAC_GenerateWaveform_TriggerHW_Init.dir/Src/stm32g4xx_it.c.obj
 .text.LL_EXTI_ClearFlag_0_31
                0x08005e0c       0x20 CMakeFiles/DAC_GenerateWaveform_TriggerHW_Init.dir/Src/stm32g4xx_it.c.obj
 .text.NMI_Handler
                0x08005e2c        0xe CMakeFiles/DAC_GenerateWaveform_TriggerHW_Init.dir/Src/stm32g4xx_it.c.obj
                0x08005e2c                NMI_Handler
 .text.HardFault_Handler
                0x08005e3a        0x8 CMakeFiles/DAC_GenerateWaveform_TriggerHW_Init.dir/Src/stm32g4xx_it.c.obj
                0x08005e3a                HardFault_Handler
 .text.MemManage_Handler
                0x08005e42        0x8 CMakeFiles/DAC_GenerateWaveform_TriggerHW_Init.dir/Src/stm32g4xx_it.c.obj
                0x08005e42                MemManage_Handler
 .text.BusFault_Handler
                0x08005e4a        0x8 CMakeFiles/DAC_GenerateWaveform_TriggerHW_Init.dir/Src/stm32g4xx_it.c.obj
                0x08005e4a                BusFault_Handler
 .text.UsageFault_Handler
                0x08005e52        0x8 CMakeFiles/DAC_GenerateWaveform_TriggerHW_Init.dir/Src/stm32g4xx_it.c.obj
                0x08005e52                UsageFault_Handler
 .text.SVC_Handler
                0x08005e5a        0xe CMakeFiles/DAC_GenerateWaveform_TriggerHW_Init.dir/Src/stm32g4xx_it.c.obj
                0x08005e5a                SVC_Handler
 .text.DebugMon_Handler
                0x08005e68        0xe CMakeFiles/DAC_GenerateWaveform_TriggerHW_Init.dir/Src/stm32g4xx_it.c.obj
                0x08005e68                DebugMon_Handler
 .text.PendSV_Handler
                0x08005e76        0xe CMakeFiles/DAC_GenerateWaveform_TriggerHW_Init.dir/Src/stm32g4xx_it.c.obj
                0x08005e76                PendSV_Handler
 .text.SysTick_Handler
                0x08005e84        0xc CMakeFiles/DAC_GenerateWaveform_TriggerHW_Init.dir/Src/stm32g4xx_it.c.obj
                0x08005e84                SysTick_Handler
 .text.DMA1_Channel1_IRQHandler
                0x08005e90       0x14 CMakeFiles/DAC_GenerateWaveform_TriggerHW_Init.dir/Src/stm32g4xx_it.c.obj
                0x08005e90                DMA1_Channel1_IRQHandler
 .text.DMA1_Channel3_IRQHandler
                0x08005ea4       0x24 CMakeFiles/DAC_GenerateWaveform_TriggerHW_Init.dir/Src/stm32g4xx_it.c.obj
                0x08005ea4                DMA1_Channel3_IRQHandler
 .text.EXTI15_10_IRQHandler
                0x08005ec8       0x22 CMakeFiles/DAC_GenerateWaveform_TriggerHW_Init.dir/Src/stm32g4xx_it.c.obj
                0x08005ec8                EXTI15_10_IRQHandler
 *fill*         0x08005eea        0x2 
 .text.TIM6_DAC_IRQHandler
                0x08005eec       0x24 CMakeFiles/DAC_GenerateWaveform_TriggerHW_Init.dir/Src/stm32g4xx_it.c.obj
                0x08005eec                TIM6_DAC_IRQHandler
 .text.HAL_MspInit
                0x08005f10       0x48 CMakeFiles/DAC_GenerateWaveform_TriggerHW_Init.dir/Src/stm32g4xx_hal_msp.c.obj
                0x08005f10                HAL_MspInit
 .text.Reset_Handler
                0x08005f58       0x50 CMakeFiles/DAC_GenerateWaveform_TriggerHW_Init.dir/startup_stm32g474xx.s.obj
                0x08005f58                Reset_Handler
 .text.Default_Handler
                0x08005fa8        0x2 CMakeFiles/DAC_GenerateWaveform_TriggerHW_Init.dir/startup_stm32g474xx.s.obj
                0x08005fa8                RTC_Alarm_IRQHandler
                0x08005fa8                EXTI2_IRQHandler
                0x08005fa8                TIM8_TRG_COM_IRQHandler
                0x08005fa8                TIM8_CC_IRQHandler
                0x08005fa8                HRTIM1_Master_IRQHandler
                0x08005fa8                SPI4_IRQHandler
                0x08005fa8                FDCAN3_IT0_IRQHandler
                0x08005fa8                TIM1_CC_IRQHandler
                0x08005fa8                HRTIM1_FLT_IRQHandler
                0x08005fa8                HRTIM1_TIMF_IRQHandler
                0x08005fa8                USB_HP_IRQHandler
                0x08005fa8                CORDIC_IRQHandler
                0x08005fa8                HRTIM1_TIMD_IRQHandler
                0x08005fa8                DMA2_Channel8_IRQHandler
                0x08005fa8                EXTI3_IRQHandler
                0x08005fa8                I2C3_ER_IRQHandler
                0x08005fa8                EXTI0_IRQHandler
                0x08005fa8                I2C2_EV_IRQHandler
                0x08005fa8                FPU_IRQHandler
                0x08005fa8                FDCAN1_IT1_IRQHandler
                0x08005fa8                TIM1_UP_TIM16_IRQHandler
                0x08005fa8                ADC1_2_IRQHandler
                0x08005fa8                HRTIM1_TIME_IRQHandler
                0x08005fa8                SPI1_IRQHandler
                0x08005fa8                HRTIM1_TIMC_IRQHandler
                0x08005fa8                TIM8_UP_IRQHandler
                0x08005fa8                DMA2_Channel2_IRQHandler
                0x08005fa8                DMA1_Channel4_IRQHandler
                0x08005fa8                TIM20_TRG_COM_IRQHandler
                0x08005fa8                USART3_IRQHandler
                0x08005fa8                DMA1_Channel7_IRQHandler
                0x08005fa8                UART5_IRQHandler
                0x08005fa8                ADC3_IRQHandler
                0x08005fa8                TIM4_IRQHandler
                0x08005fa8                DMA2_Channel1_IRQHandler
                0x08005fa8                QUADSPI_IRQHandler
                0x08005fa8                I2C1_EV_IRQHandler
                0x08005fa8                DMA1_Channel6_IRQHandler
                0x08005fa8                UART4_IRQHandler
                0x08005fa8                DMA2_Channel4_IRQHandler
                0x08005fa8                TIM3_IRQHandler
                0x08005fa8                RCC_IRQHandler
                0x08005fa8                TIM20_UP_IRQHandler
                0x08005fa8                Default_Handler
                0x08005fa8                DMA2_Channel7_IRQHandler
                0x08005fa8                RTC_TAMP_LSECSS_IRQHandler
                0x08005fa8                FMAC_IRQHandler
                0x08005fa8                DMA1_Channel8_IRQHandler
                0x08005fa8                HRTIM1_TIMA_IRQHandler
                0x08005fa8                TIM7_DAC_IRQHandler
                0x08005fa8                FDCAN3_IT1_IRQHandler
                0x08005fa8                TIM5_IRQHandler
                0x08005fa8                UCPD1_IRQHandler
                0x08005fa8                I2C3_EV_IRQHandler
                0x08005fa8                EXTI9_5_IRQHandler
                0x08005fa8                RTC_WKUP_IRQHandler
                0x08005fa8                PVD_PVM_IRQHandler
                0x08005fa8                SPI2_IRQHandler
                0x08005fa8                ADC5_IRQHandler
                0x08005fa8                DMA2_Channel5_IRQHandler
                0x08005fa8                CRS_IRQHandler
                0x08005fa8                DMA1_Channel5_IRQHandler
                0x08005fa8                USB_LP_IRQHandler
                0x08005fa8                EXTI4_IRQHandler
                0x08005fa8                RNG_IRQHandler
                0x08005fa8                HRTIM1_TIMB_IRQHandler
                0x08005fa8                TIM1_TRG_COM_TIM17_IRQHandler
                0x08005fa8                FDCAN2_IT1_IRQHandler
                0x08005fa8                ADC4_IRQHandler
                0x08005fa8                WWDG_IRQHandler
                0x08005fa8                I2C4_EV_IRQHandler
                0x08005fa8                FDCAN2_IT0_IRQHandler
                0x08005fa8                LPUART1_IRQHandler
                0x08005fa8                DMA2_Channel6_IRQHandler
                0x08005fa8                FDCAN1_IT0_IRQHandler
                0x08005fa8                TIM2_IRQHandler
                0x08005fa8                COMP7_IRQHandler
                0x08005fa8                COMP1_2_3_IRQHandler
                0x08005fa8                EXTI1_IRQHandler
                0x08005fa8                USART2_IRQHandler
                0x08005fa8                COMP4_5_6_IRQHandler
                0x08005fa8                TIM20_BRK_IRQHandler
                0x08005fa8                I2C2_ER_IRQHandler
                0x08005fa8                DMA1_Channel2_IRQHandler
                0x08005fa8                TIM8_BRK_IRQHandler
                0x08005fa8                FLASH_IRQHandler
                0x08005fa8                TIM20_CC_IRQHandler
                0x08005fa8                USART1_IRQHandler
                0x08005fa8                SPI3_IRQHandler
                0x08005fa8                I2C1_ER_IRQHandler
                0x08005fa8                FMC_IRQHandler
                0x08005fa8                LPTIM1_IRQHandler
                0x08005fa8                DMAMUX_OVR_IRQHandler
                0x08005fa8                I2C4_ER_IRQHandler
                0x08005fa8                USBWakeUp_IRQHandler
                0x08005fa8                SAI1_IRQHandler
                0x08005fa8                DMA2_Channel3_IRQHandler
                0x08005fa8                TIM1_BRK_TIM15_IRQHandler
 *(.glue_7)
 .glue_7        0x08005faa        0x0 linker stubs
 *(.glue_7t)
 .glue_7t       0x08005faa        0x0 linker stubs
 *(.eh_frame)
 *fill*         0x08005faa        0x2 
 .eh_frame      0x08005fac        0x0 /home/patrik/programs/STM32CubeCLT/GNU-tools-for-STM32/bin/../lib/gcc/arm-none-eabi/13.3.1/thumb/v7e-m+fp/hard/crtbegin.o
 *(.init)
 .init          0x08005fac        0x4 /home/patrik/programs/STM32CubeCLT/GNU-tools-for-STM32/bin/../lib/gcc/arm-none-eabi/13.3.1/thumb/v7e-m+fp/hard/crti.o
                0x08005fac                _init
 .init          0x08005fb0        0x8 /home/patrik/programs/STM32CubeCLT/GNU-tools-for-STM32/bin/../lib/gcc/arm-none-eabi/13.3.1/thumb/v7e-m+fp/hard/crtn.o
 *(.fini)
 .fini          0x08005fb8        0x4 /home/patrik/programs/STM32CubeCLT/GNU-tools-for-STM32/bin/../lib/gcc/arm-none-eabi/13.3.1/thumb/v7e-m+fp/hard/crti.o
                0x08005fb8                _fini
 .fini          0x08005fbc        0x8 /home/patrik/programs/STM32CubeCLT/GNU-tools-for-STM32/bin/../lib/gcc/arm-none-eabi/13.3.1/thumb/v7e-m+fp/hard/crtn.o
                0x08005fc4                        . = ALIGN (0x4)
                0x08005fc4                        _etext = .

.vfp11_veneer   0x08005fc4        0x0
 .vfp11_veneer  0x08005fc4        0x0 linker stubs

.v4_bx          0x08005fc4        0x0
 .v4_bx         0x08005fc4        0x0 linker stubs

.iplt           0x08005fc4        0x0
 .iplt          0x08005fc4        0x0 /home/patrik/programs/STM32CubeCLT/GNU-tools-for-STM32/bin/../lib/gcc/arm-none-eabi/13.3.1/thumb/v7e-m+fp/hard/crtbegin.o

.rodata         0x08005fc4       0x80
                0x08005fc4                        . = ALIGN (0x4)
 *(.rodata)
 *(.rodata*)
 .rodata.APBPrescTable
                0x08005fc4        0x8 cmake/stm32cubemx/CMakeFiles/STM32_Drivers.dir/__/__/Src/system_stm32g4xx.c.obj
                0x08005fc4                APBPrescTable
 .rodata.UARTPrescTable
                0x08005fcc       0x18 cmake/stm32cubemx/CMakeFiles/STM32_Drivers.dir/__/__/Drivers/STM32G4xx_HAL_Driver/Src/stm32g4xx_hal_uart.c.obj
                0x08005fcc                UARTPrescTable
 .rodata.numerator.1
                0x08005fe4        0x8 cmake/stm32cubemx/CMakeFiles/STM32_Drivers.dir/__/__/Drivers/STM32G4xx_HAL_Driver/Src/stm32g4xx_hal_uart_ex.c.obj
 .rodata.denominator.0
                0x08005fec        0x8 cmake/stm32cubemx/CMakeFiles/STM32_Drivers.dir/__/__/Drivers/STM32G4xx_HAL_Driver/Src/stm32g4xx_hal_uart_ex.c.obj
 .rodata.CHANNEL_OFFSET_TAB
                0x08005ff4        0x8 CMakeFiles/DAC_GenerateWaveform_TriggerHW_Init.dir/Src/main.c.obj
 .rodata.WaveformSine_12bits_32samples
                0x08005ffc       0x40 CMakeFiles/DAC_GenerateWaveform_TriggerHW_Init.dir/Src/main.c.obj
                0x08005ffc                WaveformSine_12bits_32samples
 .rodata.CHANNEL_OFFSET_TAB
                0x0800603c        0x8 CMakeFiles/DAC_GenerateWaveform_TriggerHW_Init.dir/Src/dac.c.obj
                0x08006044                        . = ALIGN (0x4)

.ARM.extab      0x08006044        0x0
                0x08006044                        . = ALIGN (0x4)
 *(.ARM.extab* .gnu.linkonce.armextab.*)
                0x08006044                        . = ALIGN (0x4)

.ARM            0x08006044        0x8
                0x08006044                        . = ALIGN (0x4)
                0x08006044                        __exidx_start = .
 *(.ARM.exidx*)
 .ARM.exidx     0x08006044        0x8 /home/patrik/programs/STM32CubeCLT/GNU-tools-for-STM32/bin/../lib/gcc/arm-none-eabi/13.3.1/thumb/v7e-m+fp/hard/libgcc.a(_udivmoddi4.o)
                0x0800604c                        __exidx_end = .
                0x0800604c                        . = ALIGN (0x4)

.preinit_array  0x0800604c        0x0
                0x0800604c                        . = ALIGN (0x4)
                0x0800604c                        PROVIDE (__preinit_array_start = .)
 *(.preinit_array*)
                0x0800604c                        PROVIDE (__preinit_array_end = .)
                0x0800604c                        . = ALIGN (0x4)

.init_array     0x0800604c        0x4
                0x0800604c                        . = ALIGN (0x4)
                0x0800604c                        PROVIDE (__init_array_start = .)
 *(SORT_BY_NAME(.init_array.*))
 *(.init_array*)
 .init_array    0x0800604c        0x4 /home/patrik/programs/STM32CubeCLT/GNU-tools-for-STM32/bin/../lib/gcc/arm-none-eabi/13.3.1/thumb/v7e-m+fp/hard/crtbegin.o
                0x08006050                        PROVIDE (__init_array_end = .)
                0x08006050                        . = ALIGN (0x4)

.fini_array     0x08006050        0x4
                0x08006050                        . = ALIGN (0x4)
                [!provide]                        PROVIDE (__fini_array_start = .)
 *(SORT_BY_NAME(.fini_array.*))
 *(.fini_array*)
 .fini_array    0x08006050        0x4 /home/patrik/programs/STM32CubeCLT/GNU-tools-for-STM32/bin/../lib/gcc/arm-none-eabi/13.3.1/thumb/v7e-m+fp/hard/crtbegin.o
                [!provide]                        PROVIDE (__fini_array_end = .)
                0x08006054                        . = ALIGN (0x4)
                0x08006054                        _sidata = LOADADDR (.data)

.rel.dyn        0x08006054        0x0
 .rel.iplt      0x08006054        0x0 /home/patrik/programs/STM32CubeCLT/GNU-tools-for-STM32/bin/../lib/gcc/arm-none-eabi/13.3.1/thumb/v7e-m+fp/hard/crtbegin.o

.data           0x20000000        0xc load address 0x08006054
                0x20000000                        . = ALIGN (0x4)
                0x20000000                        _sdata = .
 *(.data)
 *(.data*)
 .data.SystemCoreClock
                0x20000000        0x4 cmake/stm32cubemx/CMakeFiles/STM32_Drivers.dir/__/__/Src/system_stm32g4xx.c.obj
                0x20000000                SystemCoreClock
 .data.uwTickPrio
                0x20000004        0x4 cmake/stm32cubemx/CMakeFiles/STM32_Drivers.dir/__/__/Drivers/STM32G4xx_HAL_Driver/Src/stm32g4xx_hal.c.obj
                0x20000004                uwTickPrio
 .data.uwTickFreq
                0x20000008        0x4 cmake/stm32cubemx/CMakeFiles/STM32_Drivers.dir/__/__/Drivers/STM32G4xx_HAL_Driver/Src/stm32g4xx_hal.c.obj
                0x20000008                uwTickFreq
 *(.RamFunc)
 *(.RamFunc*)
                0x2000000c                        . = ALIGN (0x4)
                0x2000000c                        _edata = .

.igot.plt       0x2000000c        0x0 load address 0x08006060
 .igot.plt      0x2000000c        0x0 /home/patrik/programs/STM32CubeCLT/GNU-tools-for-STM32/bin/../lib/gcc/arm-none-eabi/13.3.1/thumb/v7e-m+fp/hard/crtbegin.o
                0x2000000c                        . = ALIGN (0x4)

.bss            0x2000000c      0x354 load address 0x08006060
                0x2000000c                        _sbss = .
                0x2000000c                        __bss_start__ = _sbss
 *(.bss)
 .bss           0x2000000c       0x1c /home/patrik/programs/STM32CubeCLT/GNU-tools-for-STM32/bin/../lib/gcc/arm-none-eabi/13.3.1/thumb/v7e-m+fp/hard/crtbegin.o
 *(.bss*)
 .bss.uwTick    0x20000028        0x4 cmake/stm32cubemx/CMakeFiles/STM32_Drivers.dir/__/__/Drivers/STM32G4xx_HAL_Driver/Src/stm32g4xx_hal.c.obj
                0x20000028                uwTick
 .bss.ubButtonPress
                0x2000002c        0x1 CMakeFiles/DAC_GenerateWaveform_TriggerHW_Init.dir/Src/main.c.obj
                0x2000002c                ubButtonPress
 *fill*         0x2000002d        0x3 
 .bss.timer_prescaler
                0x20000030        0x4 CMakeFiles/DAC_GenerateWaveform_TriggerHW_Init.dir/Src/main.c.obj
                0x20000030                timer_prescaler
 .bss.timer_reload
                0x20000034        0x4 CMakeFiles/DAC_GenerateWaveform_TriggerHW_Init.dir/Src/main.c.obj
                0x20000034                timer_reload
 .bss.hadc1     0x20000038       0x6c CMakeFiles/DAC_GenerateWaveform_TriggerHW_Init.dir/Src/adc.c.obj
                0x20000038                hadc1
 .bss.hadc2     0x200000a4       0x6c CMakeFiles/DAC_GenerateWaveform_TriggerHW_Init.dir/Src/adc.c.obj
                0x200000a4                hadc2
 .bss.hdma_adc1
                0x20000110       0x60 CMakeFiles/DAC_GenerateWaveform_TriggerHW_Init.dir/Src/adc.c.obj
                0x20000110                hdma_adc1
 .bss.HAL_RCC_ADC12_CLK_ENABLED
                0x20000170        0x4 CMakeFiles/DAC_GenerateWaveform_TriggerHW_Init.dir/Src/adc.c.obj
 .bss.hlpuart1  0x20000174       0x94 CMakeFiles/DAC_GenerateWaveform_TriggerHW_Init.dir/Src/usart.c.obj
                0x20000174                hlpuart1
 .bss.huart1    0x20000208       0x94 CMakeFiles/DAC_GenerateWaveform_TriggerHW_Init.dir/Src/usart.c.obj
                0x20000208                huart1
 .bss.hopamp1   0x2000029c       0x3c CMakeFiles/DAC_GenerateWaveform_TriggerHW_Init.dir/Src/opamp.c.obj
                0x2000029c                hopamp1
 .bss.hopamp2   0x200002d8       0x3c CMakeFiles/DAC_GenerateWaveform_TriggerHW_Init.dir/Src/opamp.c.obj
                0x200002d8                hopamp2
 .bss.htim7     0x20000314       0x4c CMakeFiles/DAC_GenerateWaveform_TriggerHW_Init.dir/Src/tim.c.obj
                0x20000314                htim7
 *(COMMON)
                0x20000360                        . = ALIGN (0x4)
                0x20000360                        _ebss = .
                0x20000360                        __bss_end__ = _ebss

._user_heap_stack
                0x20000360      0x600 load address 0x08006060
                0x20000360                        . = ALIGN (0x8)
                [!provide]                        PROVIDE (end = .)
                0x20000360                        PROVIDE (_end = .)
                0x20000560                        . = (. + _Min_Heap_Size)
 *fill*         0x20000360      0x200 
                0x20000960                        . = (. + _Min_Stack_Size)
 *fill*         0x20000560      0x400 
                0x20000960                        . = ALIGN (0x8)

/DISCARD/
 libc.a(*)
 libm.a(*)
 libgcc.a(*)
OUTPUT(DAC_GenerateWaveform_TriggerHW_Init.elf elf32-littlearm)
LOAD linker stubs
LOAD /home/patrik/programs/STM32CubeCLT/GNU-tools-for-STM32/bin/../lib/gcc/arm-none-eabi/13.3.1/../../../../arm-none-eabi/lib/thumb/v7e-m+fp/hard/libc.a
LOAD /home/patrik/programs/STM32CubeCLT/GNU-tools-for-STM32/bin/../lib/gcc/arm-none-eabi/13.3.1/../../../../arm-none-eabi/lib/thumb/v7e-m+fp/hard/libm.a
LOAD /home/patrik/programs/STM32CubeCLT/GNU-tools-for-STM32/bin/../lib/gcc/arm-none-eabi/13.3.1/thumb/v7e-m+fp/hard/libgcc.a

.ARM.attributes
                0x00000000       0x30
 .ARM.attributes
                0x00000000       0x22 /home/patrik/programs/STM32CubeCLT/GNU-tools-for-STM32/bin/../lib/gcc/arm-none-eabi/13.3.1/thumb/v7e-m+fp/hard/crti.o
 .ARM.attributes
                0x00000022       0x34 /home/patrik/programs/STM32CubeCLT/GNU-tools-for-STM32/bin/../lib/gcc/arm-none-eabi/13.3.1/thumb/v7e-m+fp/hard/crtbegin.o
 .ARM.attributes
                0x00000056       0x34 /home/patrik/programs/STM32CubeCLT/GNU-tools-for-STM32/bin/../lib/gcc/arm-none-eabi/13.3.1/../../../../arm-none-eabi/lib/thumb/v7e-m+fp/hard/libc_nano.a(libc_a-memset.o)
 .ARM.attributes
                0x0000008a       0x34 /home/patrik/programs/STM32CubeCLT/GNU-tools-for-STM32/bin/../lib/gcc/arm-none-eabi/13.3.1/../../../../arm-none-eabi/lib/thumb/v7e-m+fp/hard/libc_nano.a(libc_a-init.o)
 .ARM.attributes
                0x000000be       0x34 cmake/stm32cubemx/CMakeFiles/STM32_Drivers.dir/__/__/Src/system_stm32g4xx.c.obj
 .ARM.attributes
                0x000000f2       0x34 cmake/stm32cubemx/CMakeFiles/STM32_Drivers.dir/__/__/Drivers/STM32G4xx_HAL_Driver/Src/stm32g4xx_ll_utils.c.obj
 .ARM.attributes
                0x00000126       0x34 cmake/stm32cubemx/CMakeFiles/STM32_Drivers.dir/__/__/Drivers/STM32G4xx_HAL_Driver/Src/stm32g4xx_ll_exti.c.obj
 .ARM.attributes
                0x0000015a       0x34 cmake/stm32cubemx/CMakeFiles/STM32_Drivers.dir/__/__/Drivers/STM32G4xx_HAL_Driver/Src/stm32g4xx_ll_gpio.c.obj
 .ARM.attributes
                0x0000018e       0x34 cmake/stm32cubemx/CMakeFiles/STM32_Drivers.dir/__/__/Drivers/STM32G4xx_HAL_Driver/Src/stm32g4xx_hal_adc.c.obj
 .ARM.attributes
                0x000001c2       0x34 cmake/stm32cubemx/CMakeFiles/STM32_Drivers.dir/__/__/Drivers/STM32G4xx_HAL_Driver/Src/stm32g4xx_hal_adc_ex.c.obj
 .ARM.attributes
                0x000001f6       0x34 cmake/stm32cubemx/CMakeFiles/STM32_Drivers.dir/__/__/Drivers/STM32G4xx_HAL_Driver/Src/stm32g4xx_hal.c.obj
 .ARM.attributes
                0x0000022a       0x34 cmake/stm32cubemx/CMakeFiles/STM32_Drivers.dir/__/__/Drivers/STM32G4xx_HAL_Driver/Src/stm32g4xx_hal_rcc.c.obj
 .ARM.attributes
                0x0000025e       0x34 cmake/stm32cubemx/CMakeFiles/STM32_Drivers.dir/__/__/Drivers/STM32G4xx_HAL_Driver/Src/stm32g4xx_hal_gpio.c.obj
 .ARM.attributes
                0x00000292       0x34 cmake/stm32cubemx/CMakeFiles/STM32_Drivers.dir/__/__/Drivers/STM32G4xx_HAL_Driver/Src/stm32g4xx_hal_dma.c.obj
 .ARM.attributes
                0x000002c6       0x34 cmake/stm32cubemx/CMakeFiles/STM32_Drivers.dir/__/__/Drivers/STM32G4xx_HAL_Driver/Src/stm32g4xx_hal_pwr_ex.c.obj
 .ARM.attributes
                0x000002fa       0x34 cmake/stm32cubemx/CMakeFiles/STM32_Drivers.dir/__/__/Drivers/STM32G4xx_HAL_Driver/Src/stm32g4xx_hal_cortex.c.obj
 .ARM.attributes
                0x0000032e       0x34 cmake/stm32cubemx/CMakeFiles/STM32_Drivers.dir/__/__/Drivers/STM32G4xx_HAL_Driver/Src/stm32g4xx_ll_dac.c.obj
 .ARM.attributes
                0x00000362       0x34 cmake/stm32cubemx/CMakeFiles/STM32_Drivers.dir/__/__/Drivers/STM32G4xx_HAL_Driver/Src/stm32g4xx_hal_uart.c.obj
 .ARM.attributes
                0x00000396       0x34 cmake/stm32cubemx/CMakeFiles/STM32_Drivers.dir/__/__/Drivers/STM32G4xx_HAL_Driver/Src/stm32g4xx_hal_uart_ex.c.obj
 .ARM.attributes
                0x000003ca       0x34 cmake/stm32cubemx/CMakeFiles/STM32_Drivers.dir/__/__/Drivers/STM32G4xx_HAL_Driver/Src/stm32g4xx_hal_opamp.c.obj
 .ARM.attributes
                0x000003fe       0x34 cmake/stm32cubemx/CMakeFiles/STM32_Drivers.dir/__/__/Drivers/STM32G4xx_HAL_Driver/Src/stm32g4xx_ll_tim.c.obj
 .ARM.attributes
                0x00000432       0x34 cmake/stm32cubemx/CMakeFiles/STM32_Drivers.dir/__/__/Drivers/STM32G4xx_HAL_Driver/Src/stm32g4xx_hal_tim.c.obj
 .ARM.attributes
                0x00000466       0x34 cmake/stm32cubemx/CMakeFiles/STM32_Drivers.dir/__/__/Drivers/STM32G4xx_HAL_Driver/Src/stm32g4xx_hal_tim_ex.c.obj
 .ARM.attributes
                0x0000049a       0x34 CMakeFiles/DAC_GenerateWaveform_TriggerHW_Init.dir/Src/main.c.obj
 .ARM.attributes
                0x000004ce       0x34 CMakeFiles/DAC_GenerateWaveform_TriggerHW_Init.dir/Src/gpio.c.obj
 .ARM.attributes
                0x00000502       0x34 CMakeFiles/DAC_GenerateWaveform_TriggerHW_Init.dir/Src/adc.c.obj
 .ARM.attributes
                0x00000536       0x34 CMakeFiles/DAC_GenerateWaveform_TriggerHW_Init.dir/Src/dac.c.obj
 .ARM.attributes
                0x0000056a       0x34 CMakeFiles/DAC_GenerateWaveform_TriggerHW_Init.dir/Src/dma.c.obj
 .ARM.attributes
                0x0000059e       0x34 CMakeFiles/DAC_GenerateWaveform_TriggerHW_Init.dir/Src/usart.c.obj
 .ARM.attributes
                0x000005d2       0x34 CMakeFiles/DAC_GenerateWaveform_TriggerHW_Init.dir/Src/opamp.c.obj
 .ARM.attributes
                0x00000606       0x34 CMakeFiles/DAC_GenerateWaveform_TriggerHW_Init.dir/Src/tim.c.obj
 .ARM.attributes
                0x0000063a       0x34 CMakeFiles/DAC_GenerateWaveform_TriggerHW_Init.dir/Src/stm32g4xx_it.c.obj
 .ARM.attributes
                0x0000066e       0x34 CMakeFiles/DAC_GenerateWaveform_TriggerHW_Init.dir/Src/stm32g4xx_hal_msp.c.obj
 .ARM.attributes
                0x000006a2       0x21 CMakeFiles/DAC_GenerateWaveform_TriggerHW_Init.dir/startup_stm32g474xx.s.obj
 .ARM.attributes
                0x000006c3       0x22 /home/patrik/programs/STM32CubeCLT/GNU-tools-for-STM32/bin/../lib/gcc/arm-none-eabi/13.3.1/thumb/v7e-m+fp/hard/libgcc.a(_aeabi_uldivmod.o)
 .ARM.attributes
                0x000006e5       0x34 /home/patrik/programs/STM32CubeCLT/GNU-tools-for-STM32/bin/../lib/gcc/arm-none-eabi/13.3.1/thumb/v7e-m+fp/hard/libgcc.a(_udivmoddi4.o)
 .ARM.attributes
                0x00000719       0x22 /home/patrik/programs/STM32CubeCLT/GNU-tools-for-STM32/bin/../lib/gcc/arm-none-eabi/13.3.1/thumb/v7e-m+fp/hard/libgcc.a(_dvmd_tls.o)
 .ARM.attributes
                0x0000073b       0x22 /home/patrik/programs/STM32CubeCLT/GNU-tools-for-STM32/bin/../lib/gcc/arm-none-eabi/13.3.1/thumb/v7e-m+fp/hard/crtn.o

.comment        0x00000000       0x43
 .comment       0x00000000       0x43 cmake/stm32cubemx/CMakeFiles/STM32_Drivers.dir/__/__/Src/system_stm32g4xx.c.obj
                                 0x44 (size before relaxing)
 .comment       0x00000043       0x44 cmake/stm32cubemx/CMakeFiles/STM32_Drivers.dir/__/__/Drivers/STM32G4xx_HAL_Driver/Src/stm32g4xx_ll_utils.c.obj
 .comment       0x00000043       0x44 cmake/stm32cubemx/CMakeFiles/STM32_Drivers.dir/__/__/Drivers/STM32G4xx_HAL_Driver/Src/stm32g4xx_ll_exti.c.obj
 .comment       0x00000043       0x44 cmake/stm32cubemx/CMakeFiles/STM32_Drivers.dir/__/__/Drivers/STM32G4xx_HAL_Driver/Src/stm32g4xx_ll_gpio.c.obj
 .comment       0x00000043       0x44 cmake/stm32cubemx/CMakeFiles/STM32_Drivers.dir/__/__/Drivers/STM32G4xx_HAL_Driver/Src/stm32g4xx_hal_adc.c.obj
 .comment       0x00000043       0x44 cmake/stm32cubemx/CMakeFiles/STM32_Drivers.dir/__/__/Drivers/STM32G4xx_HAL_Driver/Src/stm32g4xx_hal_adc_ex.c.obj
 .comment       0x00000043       0x44 cmake/stm32cubemx/CMakeFiles/STM32_Drivers.dir/__/__/Drivers/STM32G4xx_HAL_Driver/Src/stm32g4xx_hal.c.obj
 .comment       0x00000043       0x44 cmake/stm32cubemx/CMakeFiles/STM32_Drivers.dir/__/__/Drivers/STM32G4xx_HAL_Driver/Src/stm32g4xx_hal_rcc.c.obj
 .comment       0x00000043       0x44 cmake/stm32cubemx/CMakeFiles/STM32_Drivers.dir/__/__/Drivers/STM32G4xx_HAL_Driver/Src/stm32g4xx_hal_gpio.c.obj
 .comment       0x00000043       0x44 cmake/stm32cubemx/CMakeFiles/STM32_Drivers.dir/__/__/Drivers/STM32G4xx_HAL_Driver/Src/stm32g4xx_hal_dma.c.obj
 .comment       0x00000043       0x44 cmake/stm32cubemx/CMakeFiles/STM32_Drivers.dir/__/__/Drivers/STM32G4xx_HAL_Driver/Src/stm32g4xx_hal_pwr_ex.c.obj
 .comment       0x00000043       0x44 cmake/stm32cubemx/CMakeFiles/STM32_Drivers.dir/__/__/Drivers/STM32G4xx_HAL_Driver/Src/stm32g4xx_hal_cortex.c.obj
 .comment       0x00000043       0x44 cmake/stm32cubemx/CMakeFiles/STM32_Drivers.dir/__/__/Drivers/STM32G4xx_HAL_Driver/Src/stm32g4xx_ll_dac.c.obj
 .comment       0x00000043       0x44 cmake/stm32cubemx/CMakeFiles/STM32_Drivers.dir/__/__/Drivers/STM32G4xx_HAL_Driver/Src/stm32g4xx_hal_uart.c.obj
 .comment       0x00000043       0x44 cmake/stm32cubemx/CMakeFiles/STM32_Drivers.dir/__/__/Drivers/STM32G4xx_HAL_Driver/Src/stm32g4xx_hal_uart_ex.c.obj
 .comment       0x00000043       0x44 cmake/stm32cubemx/CMakeFiles/STM32_Drivers.dir/__/__/Drivers/STM32G4xx_HAL_Driver/Src/stm32g4xx_hal_opamp.c.obj
 .comment       0x00000043       0x44 cmake/stm32cubemx/CMakeFiles/STM32_Drivers.dir/__/__/Drivers/STM32G4xx_HAL_Driver/Src/stm32g4xx_ll_tim.c.obj
 .comment       0x00000043       0x44 cmake/stm32cubemx/CMakeFiles/STM32_Drivers.dir/__/__/Drivers/STM32G4xx_HAL_Driver/Src/stm32g4xx_hal_tim.c.obj
 .comment       0x00000043       0x44 cmake/stm32cubemx/CMakeFiles/STM32_Drivers.dir/__/__/Drivers/STM32G4xx_HAL_Driver/Src/stm32g4xx_hal_tim_ex.c.obj
 .comment       0x00000043       0x44 CMakeFiles/DAC_GenerateWaveform_TriggerHW_Init.dir/Src/main.c.obj
 .comment       0x00000043       0x44 CMakeFiles/DAC_GenerateWaveform_TriggerHW_Init.dir/Src/gpio.c.obj
 .comment       0x00000043       0x44 CMakeFiles/DAC_GenerateWaveform_TriggerHW_Init.dir/Src/adc.c.obj
 .comment       0x00000043       0x44 CMakeFiles/DAC_GenerateWaveform_TriggerHW_Init.dir/Src/dac.c.obj
 .comment       0x00000043       0x44 CMakeFiles/DAC_GenerateWaveform_TriggerHW_Init.dir/Src/dma.c.obj
 .comment       0x00000043       0x44 CMakeFiles/DAC_GenerateWaveform_TriggerHW_Init.dir/Src/usart.c.obj
 .comment       0x00000043       0x44 CMakeFiles/DAC_GenerateWaveform_TriggerHW_Init.dir/Src/opamp.c.obj
 .comment       0x00000043       0x44 CMakeFiles/DAC_GenerateWaveform_TriggerHW_Init.dir/Src/tim.c.obj
 .comment       0x00000043       0x44 CMakeFiles/DAC_GenerateWaveform_TriggerHW_Init.dir/Src/stm32g4xx_it.c.obj
 .comment       0x00000043       0x44 CMakeFiles/DAC_GenerateWaveform_TriggerHW_Init.dir/Src/stm32g4xx_hal_msp.c.obj

.debug_frame    0x00000000     0x75f4
 .debug_frame   0x00000000       0x20 /home/patrik/programs/STM32CubeCLT/GNU-tools-for-STM32/bin/../lib/gcc/arm-none-eabi/13.3.1/../../../../arm-none-eabi/lib/thumb/v7e-m+fp/hard/libc_nano.a(libc_a-memset.o)
 .debug_frame   0x00000020       0x2c /home/patrik/programs/STM32CubeCLT/GNU-tools-for-STM32/bin/../lib/gcc/arm-none-eabi/13.3.1/../../../../arm-none-eabi/lib/thumb/v7e-m+fp/hard/libc_nano.a(libc_a-init.o)
 .debug_frame   0x0000004c       0x58 cmake/stm32cubemx/CMakeFiles/STM32_Drivers.dir/__/__/Src/system_stm32g4xx.c.obj
 .debug_frame   0x000000a4      0x420 cmake/stm32cubemx/CMakeFiles/STM32_Drivers.dir/__/__/Drivers/STM32G4xx_HAL_Driver/Src/stm32g4xx_ll_utils.c.obj
 .debug_frame   0x000004c4      0x2fc cmake/stm32cubemx/CMakeFiles/STM32_Drivers.dir/__/__/Drivers/STM32G4xx_HAL_Driver/Src/stm32g4xx_ll_exti.c.obj
 .debug_frame   0x000007c0      0x1c0 cmake/stm32cubemx/CMakeFiles/STM32_Drivers.dir/__/__/Drivers/STM32G4xx_HAL_Driver/Src/stm32g4xx_ll_gpio.c.obj
 .debug_frame   0x00000980      0xacc cmake/stm32cubemx/CMakeFiles/STM32_Drivers.dir/__/__/Drivers/STM32G4xx_HAL_Driver/Src/stm32g4xx_hal_adc.c.obj
 .debug_frame   0x0000144c      0x81c cmake/stm32cubemx/CMakeFiles/STM32_Drivers.dir/__/__/Drivers/STM32G4xx_HAL_Driver/Src/stm32g4xx_hal_adc_ex.c.obj
 .debug_frame   0x00001c68      0x500 cmake/stm32cubemx/CMakeFiles/STM32_Drivers.dir/__/__/Drivers/STM32G4xx_HAL_Driver/Src/stm32g4xx_hal.c.obj
 .debug_frame   0x00002168      0x23c cmake/stm32cubemx/CMakeFiles/STM32_Drivers.dir/__/__/Drivers/STM32G4xx_HAL_Driver/Src/stm32g4xx_hal_rcc.c.obj
 .debug_frame   0x000023a4      0x14c cmake/stm32cubemx/CMakeFiles/STM32_Drivers.dir/__/__/Drivers/STM32G4xx_HAL_Driver/Src/stm32g4xx_hal_gpio.c.obj
 .debug_frame   0x000024f0      0x24c cmake/stm32cubemx/CMakeFiles/STM32_Drivers.dir/__/__/Drivers/STM32G4xx_HAL_Driver/Src/stm32g4xx_hal_dma.c.obj
 .debug_frame   0x0000273c      0x4fc cmake/stm32cubemx/CMakeFiles/STM32_Drivers.dir/__/__/Drivers/STM32G4xx_HAL_Driver/Src/stm32g4xx_hal_pwr_ex.c.obj
 .debug_frame   0x00002c38      0x4e8 cmake/stm32cubemx/CMakeFiles/STM32_Drivers.dir/__/__/Drivers/STM32G4xx_HAL_Driver/Src/stm32g4xx_hal_cortex.c.obj
 .debug_frame   0x00003120       0xf8 cmake/stm32cubemx/CMakeFiles/STM32_Drivers.dir/__/__/Drivers/STM32G4xx_HAL_Driver/Src/stm32g4xx_ll_dac.c.obj
 .debug_frame   0x00003218      0xa94 cmake/stm32cubemx/CMakeFiles/STM32_Drivers.dir/__/__/Drivers/STM32G4xx_HAL_Driver/Src/stm32g4xx_hal_uart.c.obj
 .debug_frame   0x00003cac      0x2c0 cmake/stm32cubemx/CMakeFiles/STM32_Drivers.dir/__/__/Drivers/STM32G4xx_HAL_Driver/Src/stm32g4xx_hal_uart_ex.c.obj
 .debug_frame   0x00003f6c      0x1c0 cmake/stm32cubemx/CMakeFiles/STM32_Drivers.dir/__/__/Drivers/STM32G4xx_HAL_Driver/Src/stm32g4xx_hal_opamp.c.obj
 .debug_frame   0x0000412c      0x5d0 cmake/stm32cubemx/CMakeFiles/STM32_Drivers.dir/__/__/Drivers/STM32G4xx_HAL_Driver/Src/stm32g4xx_ll_tim.c.obj
 .debug_frame   0x000046fc     0x1220 cmake/stm32cubemx/CMakeFiles/STM32_Drivers.dir/__/__/Drivers/STM32G4xx_HAL_Driver/Src/stm32g4xx_hal_tim.c.obj
 .debug_frame   0x0000591c      0xa70 cmake/stm32cubemx/CMakeFiles/STM32_Drivers.dir/__/__/Drivers/STM32G4xx_HAL_Driver/Src/stm32g4xx_hal_tim_ex.c.obj
 .debug_frame   0x0000638c      0x5fc CMakeFiles/DAC_GenerateWaveform_TriggerHW_Init.dir/Src/main.c.obj
 .debug_frame   0x00006988      0x1bc CMakeFiles/DAC_GenerateWaveform_TriggerHW_Init.dir/Src/gpio.c.obj
 .debug_frame   0x00006b44       0xc8 CMakeFiles/DAC_GenerateWaveform_TriggerHW_Init.dir/Src/adc.c.obj
 .debug_frame   0x00006c0c      0x2ac CMakeFiles/DAC_GenerateWaveform_TriggerHW_Init.dir/Src/dac.c.obj
 .debug_frame   0x00006eb8       0xec CMakeFiles/DAC_GenerateWaveform_TriggerHW_Init.dir/Src/dma.c.obj
 .debug_frame   0x00006fa4       0xe0 CMakeFiles/DAC_GenerateWaveform_TriggerHW_Init.dir/Src/usart.c.obj
 .debug_frame   0x00007084       0x90 CMakeFiles/DAC_GenerateWaveform_TriggerHW_Init.dir/Src/opamp.c.obj
 .debug_frame   0x00007114      0x1e0 CMakeFiles/DAC_GenerateWaveform_TriggerHW_Init.dir/Src/tim.c.obj
 .debug_frame   0x000072f4      0x26c CMakeFiles/DAC_GenerateWaveform_TriggerHW_Init.dir/Src/stm32g4xx_it.c.obj
 .debug_frame   0x00007560       0x34 CMakeFiles/DAC_GenerateWaveform_TriggerHW_Init.dir/Src/stm32g4xx_hal_msp.c.obj
 .debug_frame   0x00007594       0x2c /home/patrik/programs/STM32CubeCLT/GNU-tools-for-STM32/bin/../lib/gcc/arm-none-eabi/13.3.1/thumb/v7e-m+fp/hard/libgcc.a(_aeabi_uldivmod.o)
 .debug_frame   0x000075c0       0x34 /home/patrik/programs/STM32CubeCLT/GNU-tools-for-STM32/bin/../lib/gcc/arm-none-eabi/13.3.1/thumb/v7e-m+fp/hard/libgcc.a(_udivmoddi4.o)

.debug_info     0x00000000    0x1df62
 .debug_info    0x00000000      0x58e cmake/stm32cubemx/CMakeFiles/STM32_Drivers.dir/__/__/Src/system_stm32g4xx.c.obj
 .debug_info    0x0000058e      0xc20 cmake/stm32cubemx/CMakeFiles/STM32_Drivers.dir/__/__/Drivers/STM32G4xx_HAL_Driver/Src/stm32g4xx_ll_utils.c.obj
 .debug_info    0x000011ae      0x4c1 cmake/stm32cubemx/CMakeFiles/STM32_Drivers.dir/__/__/Drivers/STM32G4xx_HAL_Driver/Src/stm32g4xx_ll_exti.c.obj
 .debug_info    0x0000166f      0x95b cmake/stm32cubemx/CMakeFiles/STM32_Drivers.dir/__/__/Drivers/STM32G4xx_HAL_Driver/Src/stm32g4xx_ll_gpio.c.obj
 .debug_info    0x00001fca     0x2063 cmake/stm32cubemx/CMakeFiles/STM32_Drivers.dir/__/__/Drivers/STM32G4xx_HAL_Driver/Src/stm32g4xx_hal_adc.c.obj
 .debug_info    0x0000402d     0x1d80 cmake/stm32cubemx/CMakeFiles/STM32_Drivers.dir/__/__/Drivers/STM32G4xx_HAL_Driver/Src/stm32g4xx_hal_adc_ex.c.obj
 .debug_info    0x00005dad      0xb95 cmake/stm32cubemx/CMakeFiles/STM32_Drivers.dir/__/__/Drivers/STM32G4xx_HAL_Driver/Src/stm32g4xx_hal.c.obj
 .debug_info    0x00006942      0xbe0 cmake/stm32cubemx/CMakeFiles/STM32_Drivers.dir/__/__/Drivers/STM32G4xx_HAL_Driver/Src/stm32g4xx_hal_rcc.c.obj
 .debug_info    0x00007522      0x763 cmake/stm32cubemx/CMakeFiles/STM32_Drivers.dir/__/__/Drivers/STM32G4xx_HAL_Driver/Src/stm32g4xx_hal_gpio.c.obj
 .debug_info    0x00007c85      0x85f cmake/stm32cubemx/CMakeFiles/STM32_Drivers.dir/__/__/Drivers/STM32G4xx_HAL_Driver/Src/stm32g4xx_hal_dma.c.obj
 .debug_info    0x000084e4      0x93f cmake/stm32cubemx/CMakeFiles/STM32_Drivers.dir/__/__/Drivers/STM32G4xx_HAL_Driver/Src/stm32g4xx_hal_pwr_ex.c.obj
 .debug_info    0x00008e23      0xdf9 cmake/stm32cubemx/CMakeFiles/STM32_Drivers.dir/__/__/Drivers/STM32G4xx_HAL_Driver/Src/stm32g4xx_hal_cortex.c.obj
 .debug_info    0x00009c1c      0x5a9 cmake/stm32cubemx/CMakeFiles/STM32_Drivers.dir/__/__/Drivers/STM32G4xx_HAL_Driver/Src/stm32g4xx_ll_dac.c.obj
 .debug_info    0x0000a1c5     0x481e cmake/stm32cubemx/CMakeFiles/STM32_Drivers.dir/__/__/Drivers/STM32G4xx_HAL_Driver/Src/stm32g4xx_hal_uart.c.obj
 .debug_info    0x0000e9e3      0xfdd cmake/stm32cubemx/CMakeFiles/STM32_Drivers.dir/__/__/Drivers/STM32G4xx_HAL_Driver/Src/stm32g4xx_hal_uart_ex.c.obj
 .debug_info    0x0000f9c0      0x76a cmake/stm32cubemx/CMakeFiles/STM32_Drivers.dir/__/__/Drivers/STM32G4xx_HAL_Driver/Src/stm32g4xx_hal_opamp.c.obj
 .debug_info    0x0001012a     0x11d8 cmake/stm32cubemx/CMakeFiles/STM32_Drivers.dir/__/__/Drivers/STM32G4xx_HAL_Driver/Src/stm32g4xx_ll_tim.c.obj
 .debug_info    0x00011302     0x2c52 cmake/stm32cubemx/CMakeFiles/STM32_Drivers.dir/__/__/Drivers/STM32G4xx_HAL_Driver/Src/stm32g4xx_hal_tim.c.obj
 .debug_info    0x00013f54     0x1d95 cmake/stm32cubemx/CMakeFiles/STM32_Drivers.dir/__/__/Drivers/STM32G4xx_HAL_Driver/Src/stm32g4xx_hal_tim_ex.c.obj
 .debug_info    0x00015ce9     0x122e CMakeFiles/DAC_GenerateWaveform_TriggerHW_Init.dir/Src/main.c.obj
 .debug_info    0x00016f17      0xfcd CMakeFiles/DAC_GenerateWaveform_TriggerHW_Init.dir/Src/gpio.c.obj
 .debug_info    0x00017ee4      0xde7 CMakeFiles/DAC_GenerateWaveform_TriggerHW_Init.dir/Src/adc.c.obj
 .debug_info    0x00018ccb     0x1202 CMakeFiles/DAC_GenerateWaveform_TriggerHW_Init.dir/Src/dac.c.obj
 .debug_info    0x00019ecd      0xa87 CMakeFiles/DAC_GenerateWaveform_TriggerHW_Init.dir/Src/dma.c.obj
 .debug_info    0x0001a954      0xd8e CMakeFiles/DAC_GenerateWaveform_TriggerHW_Init.dir/Src/usart.c.obj
 .debug_info    0x0001b6e2      0x794 CMakeFiles/DAC_GenerateWaveform_TriggerHW_Init.dir/Src/opamp.c.obj
 .debug_info    0x0001be76     0x147f CMakeFiles/DAC_GenerateWaveform_TriggerHW_Init.dir/Src/tim.c.obj
 .debug_info    0x0001d2f5      0x8ac CMakeFiles/DAC_GenerateWaveform_TriggerHW_Init.dir/Src/stm32g4xx_it.c.obj
 .debug_info    0x0001dba1      0x391 CMakeFiles/DAC_GenerateWaveform_TriggerHW_Init.dir/Src/stm32g4xx_hal_msp.c.obj
 .debug_info    0x0001df32       0x30 CMakeFiles/DAC_GenerateWaveform_TriggerHW_Init.dir/startup_stm32g474xx.s.obj

.debug_abbrev   0x00000000     0x40ff
 .debug_abbrev  0x00000000      0x11a cmake/stm32cubemx/CMakeFiles/STM32_Drivers.dir/__/__/Src/system_stm32g4xx.c.obj
 .debug_abbrev  0x0000011a      0x25e cmake/stm32cubemx/CMakeFiles/STM32_Drivers.dir/__/__/Drivers/STM32G4xx_HAL_Driver/Src/stm32g4xx_ll_utils.c.obj
 .debug_abbrev  0x00000378      0x184 cmake/stm32cubemx/CMakeFiles/STM32_Drivers.dir/__/__/Drivers/STM32G4xx_HAL_Driver/Src/stm32g4xx_ll_exti.c.obj
 .debug_abbrev  0x000004fc      0x235 cmake/stm32cubemx/CMakeFiles/STM32_Drivers.dir/__/__/Drivers/STM32G4xx_HAL_Driver/Src/stm32g4xx_ll_gpio.c.obj
 .debug_abbrev  0x00000731      0x2d3 cmake/stm32cubemx/CMakeFiles/STM32_Drivers.dir/__/__/Drivers/STM32G4xx_HAL_Driver/Src/stm32g4xx_hal_adc.c.obj
 .debug_abbrev  0x00000a04      0x2ee cmake/stm32cubemx/CMakeFiles/STM32_Drivers.dir/__/__/Drivers/STM32G4xx_HAL_Driver/Src/stm32g4xx_hal_adc_ex.c.obj
 .debug_abbrev  0x00000cf2      0x271 cmake/stm32cubemx/CMakeFiles/STM32_Drivers.dir/__/__/Drivers/STM32G4xx_HAL_Driver/Src/stm32g4xx_hal.c.obj
 .debug_abbrev  0x00000f63      0x2c9 cmake/stm32cubemx/CMakeFiles/STM32_Drivers.dir/__/__/Drivers/STM32G4xx_HAL_Driver/Src/stm32g4xx_hal_rcc.c.obj
 .debug_abbrev  0x0000122c      0x1cb cmake/stm32cubemx/CMakeFiles/STM32_Drivers.dir/__/__/Drivers/STM32G4xx_HAL_Driver/Src/stm32g4xx_hal_gpio.c.obj
 .debug_abbrev  0x000013f7      0x1e2 cmake/stm32cubemx/CMakeFiles/STM32_Drivers.dir/__/__/Drivers/STM32G4xx_HAL_Driver/Src/stm32g4xx_hal_dma.c.obj
 .debug_abbrev  0x000015d9      0x22c cmake/stm32cubemx/CMakeFiles/STM32_Drivers.dir/__/__/Drivers/STM32G4xx_HAL_Driver/Src/stm32g4xx_hal_pwr_ex.c.obj
 .debug_abbrev  0x00001805      0x31c cmake/stm32cubemx/CMakeFiles/STM32_Drivers.dir/__/__/Drivers/STM32G4xx_HAL_Driver/Src/stm32g4xx_hal_cortex.c.obj
 .debug_abbrev  0x00001b21      0x1a7 cmake/stm32cubemx/CMakeFiles/STM32_Drivers.dir/__/__/Drivers/STM32G4xx_HAL_Driver/Src/stm32g4xx_ll_dac.c.obj
 .debug_abbrev  0x00001cc8      0x304 cmake/stm32cubemx/CMakeFiles/STM32_Drivers.dir/__/__/Drivers/STM32G4xx_HAL_Driver/Src/stm32g4xx_hal_uart.c.obj
 .debug_abbrev  0x00001fcc      0x2d2 cmake/stm32cubemx/CMakeFiles/STM32_Drivers.dir/__/__/Drivers/STM32G4xx_HAL_Driver/Src/stm32g4xx_hal_uart_ex.c.obj
 .debug_abbrev  0x0000229e      0x1a6 cmake/stm32cubemx/CMakeFiles/STM32_Drivers.dir/__/__/Drivers/STM32G4xx_HAL_Driver/Src/stm32g4xx_hal_opamp.c.obj
 .debug_abbrev  0x00002444      0x23e cmake/stm32cubemx/CMakeFiles/STM32_Drivers.dir/__/__/Drivers/STM32G4xx_HAL_Driver/Src/stm32g4xx_ll_tim.c.obj
 .debug_abbrev  0x00002682      0x2a7 cmake/stm32cubemx/CMakeFiles/STM32_Drivers.dir/__/__/Drivers/STM32G4xx_HAL_Driver/Src/stm32g4xx_hal_tim.c.obj
 .debug_abbrev  0x00002929      0x2c5 cmake/stm32cubemx/CMakeFiles/STM32_Drivers.dir/__/__/Drivers/STM32G4xx_HAL_Driver/Src/stm32g4xx_hal_tim_ex.c.obj
 .debug_abbrev  0x00002bee      0x2d1 CMakeFiles/DAC_GenerateWaveform_TriggerHW_Init.dir/Src/main.c.obj
 .debug_abbrev  0x00002ebf      0x286 CMakeFiles/DAC_GenerateWaveform_TriggerHW_Init.dir/Src/gpio.c.obj
 .debug_abbrev  0x00003145      0x201 CMakeFiles/DAC_GenerateWaveform_TriggerHW_Init.dir/Src/adc.c.obj
 .debug_abbrev  0x00003346      0x1f7 CMakeFiles/DAC_GenerateWaveform_TriggerHW_Init.dir/Src/dac.c.obj
 .debug_abbrev  0x0000353d      0x1e3 CMakeFiles/DAC_GenerateWaveform_TriggerHW_Init.dir/Src/dma.c.obj
 .debug_abbrev  0x00003720      0x253 CMakeFiles/DAC_GenerateWaveform_TriggerHW_Init.dir/Src/usart.c.obj
 .debug_abbrev  0x00003973      0x1db CMakeFiles/DAC_GenerateWaveform_TriggerHW_Init.dir/Src/opamp.c.obj
 .debug_abbrev  0x00003b4e      0x28a CMakeFiles/DAC_GenerateWaveform_TriggerHW_Init.dir/Src/tim.c.obj
 .debug_abbrev  0x00003dd8      0x213 CMakeFiles/DAC_GenerateWaveform_TriggerHW_Init.dir/Src/stm32g4xx_it.c.obj
 .debug_abbrev  0x00003feb       0xf0 CMakeFiles/DAC_GenerateWaveform_TriggerHW_Init.dir/Src/stm32g4xx_hal_msp.c.obj
 .debug_abbrev  0x000040db       0x24 CMakeFiles/DAC_GenerateWaveform_TriggerHW_Init.dir/startup_stm32g474xx.s.obj

.debug_aranges  0x00000000     0x1b80
 .debug_aranges
                0x00000000       0x28 cmake/stm32cubemx/CMakeFiles/STM32_Drivers.dir/__/__/Src/system_stm32g4xx.c.obj
 .debug_aranges
                0x00000028      0x100 cmake/stm32cubemx/CMakeFiles/STM32_Drivers.dir/__/__/Drivers/STM32G4xx_HAL_Driver/Src/stm32g4xx_ll_utils.c.obj
 .debug_aranges
                0x00000128       0xb0 cmake/stm32cubemx/CMakeFiles/STM32_Drivers.dir/__/__/Drivers/STM32G4xx_HAL_Driver/Src/stm32g4xx_ll_exti.c.obj
 .debug_aranges
                0x000001d8       0x70 cmake/stm32cubemx/CMakeFiles/STM32_Drivers.dir/__/__/Drivers/STM32G4xx_HAL_Driver/Src/stm32g4xx_ll_gpio.c.obj
 .debug_aranges
                0x00000248      0x248 cmake/stm32cubemx/CMakeFiles/STM32_Drivers.dir/__/__/Drivers/STM32G4xx_HAL_Driver/Src/stm32g4xx_hal_adc.c.obj
 .debug_aranges
                0x00000490      0x1c0 cmake/stm32cubemx/CMakeFiles/STM32_Drivers.dir/__/__/Drivers/STM32G4xx_HAL_Driver/Src/stm32g4xx_hal_adc_ex.c.obj
 .debug_aranges
                0x00000650      0x148 cmake/stm32cubemx/CMakeFiles/STM32_Drivers.dir/__/__/Drivers/STM32G4xx_HAL_Driver/Src/stm32g4xx_hal.c.obj
 .debug_aranges
                0x00000798       0x98 cmake/stm32cubemx/CMakeFiles/STM32_Drivers.dir/__/__/Drivers/STM32G4xx_HAL_Driver/Src/stm32g4xx_hal_rcc.c.obj
 .debug_aranges
                0x00000830       0x58 cmake/stm32cubemx/CMakeFiles/STM32_Drivers.dir/__/__/Drivers/STM32G4xx_HAL_Driver/Src/stm32g4xx_hal_gpio.c.obj
 .debug_aranges
                0x00000888       0x90 cmake/stm32cubemx/CMakeFiles/STM32_Drivers.dir/__/__/Drivers/STM32G4xx_HAL_Driver/Src/stm32g4xx_hal_dma.c.obj
 .debug_aranges
                0x00000918      0x140 cmake/stm32cubemx/CMakeFiles/STM32_Drivers.dir/__/__/Drivers/STM32G4xx_HAL_Driver/Src/stm32g4xx_hal_pwr_ex.c.obj
 .debug_aranges
                0x00000a58      0x128 cmake/stm32cubemx/CMakeFiles/STM32_Drivers.dir/__/__/Drivers/STM32G4xx_HAL_Driver/Src/stm32g4xx_hal_cortex.c.obj
 .debug_aranges
                0x00000b80       0x48 cmake/stm32cubemx/CMakeFiles/STM32_Drivers.dir/__/__/Drivers/STM32G4xx_HAL_Driver/Src/stm32g4xx_ll_dac.c.obj
 .debug_aranges
                0x00000bc8      0x248 cmake/stm32cubemx/CMakeFiles/STM32_Drivers.dir/__/__/Drivers/STM32G4xx_HAL_Driver/Src/stm32g4xx_hal_uart.c.obj
 .debug_aranges
                0x00000e10       0xa8 cmake/stm32cubemx/CMakeFiles/STM32_Drivers.dir/__/__/Drivers/STM32G4xx_HAL_Driver/Src/stm32g4xx_hal_uart_ex.c.obj
 .debug_aranges
                0x00000eb8       0x70 cmake/stm32cubemx/CMakeFiles/STM32_Drivers.dir/__/__/Drivers/STM32G4xx_HAL_Driver/Src/stm32g4xx_hal_opamp.c.obj
 .debug_aranges
                0x00000f28      0x148 cmake/stm32cubemx/CMakeFiles/STM32_Drivers.dir/__/__/Drivers/STM32G4xx_HAL_Driver/Src/stm32g4xx_ll_tim.c.obj
 .debug_aranges
                0x00001070      0x3e0 cmake/stm32cubemx/CMakeFiles/STM32_Drivers.dir/__/__/Drivers/STM32G4xx_HAL_Driver/Src/stm32g4xx_hal_tim.c.obj
 .debug_aranges
                0x00001450      0x240 cmake/stm32cubemx/CMakeFiles/STM32_Drivers.dir/__/__/Drivers/STM32G4xx_HAL_Driver/Src/stm32g4xx_hal_tim_ex.c.obj
 .debug_aranges
                0x00001690      0x168 CMakeFiles/DAC_GenerateWaveform_TriggerHW_Init.dir/Src/main.c.obj
 .debug_aranges
                0x000017f8       0x70 CMakeFiles/DAC_GenerateWaveform_TriggerHW_Init.dir/Src/gpio.c.obj
 .debug_aranges
                0x00001868       0x40 CMakeFiles/DAC_GenerateWaveform_TriggerHW_Init.dir/Src/adc.c.obj
 .debug_aranges
                0x000018a8       0xa0 CMakeFiles/DAC_GenerateWaveform_TriggerHW_Init.dir/Src/dac.c.obj
 .debug_aranges
                0x00001948       0x48 CMakeFiles/DAC_GenerateWaveform_TriggerHW_Init.dir/Src/dma.c.obj
 .debug_aranges
                0x00001990       0x48 CMakeFiles/DAC_GenerateWaveform_TriggerHW_Init.dir/Src/usart.c.obj
 .debug_aranges
                0x000019d8       0x38 CMakeFiles/DAC_GenerateWaveform_TriggerHW_Init.dir/Src/opamp.c.obj
 .debug_aranges
                0x00001a10       0x78 CMakeFiles/DAC_GenerateWaveform_TriggerHW_Init.dir/Src/tim.c.obj
 .debug_aranges
                0x00001a88       0xb0 CMakeFiles/DAC_GenerateWaveform_TriggerHW_Init.dir/Src/stm32g4xx_it.c.obj
 .debug_aranges
                0x00001b38       0x20 CMakeFiles/DAC_GenerateWaveform_TriggerHW_Init.dir/Src/stm32g4xx_hal_msp.c.obj
 .debug_aranges
                0x00001b58       0x28 CMakeFiles/DAC_GenerateWaveform_TriggerHW_Init.dir/startup_stm32g474xx.s.obj

.debug_rnglists
                0x00000000     0x151e
 .debug_rnglists
                0x00000000       0x1a cmake/stm32cubemx/CMakeFiles/STM32_Drivers.dir/__/__/Src/system_stm32g4xx.c.obj
 .debug_rnglists
                0x0000001a       0xbf cmake/stm32cubemx/CMakeFiles/STM32_Drivers.dir/__/__/Drivers/STM32G4xx_HAL_Driver/Src/stm32g4xx_ll_utils.c.obj
 .debug_rnglists
                0x000000d9       0x80 cmake/stm32cubemx/CMakeFiles/STM32_Drivers.dir/__/__/Drivers/STM32G4xx_HAL_Driver/Src/stm32g4xx_ll_exti.c.obj
 .debug_rnglists
                0x00000159       0x51 cmake/stm32cubemx/CMakeFiles/STM32_Drivers.dir/__/__/Drivers/STM32G4xx_HAL_Driver/Src/stm32g4xx_ll_gpio.c.obj
 .debug_rnglists
                0x000001aa      0x1c0 cmake/stm32cubemx/CMakeFiles/STM32_Drivers.dir/__/__/Drivers/STM32G4xx_HAL_Driver/Src/stm32g4xx_hal_adc.c.obj
 .debug_rnglists
                0x0000036a      0x15a cmake/stm32cubemx/CMakeFiles/STM32_Drivers.dir/__/__/Drivers/STM32G4xx_HAL_Driver/Src/stm32g4xx_hal_adc_ex.c.obj
 .debug_rnglists
                0x000004c4       0xf1 cmake/stm32cubemx/CMakeFiles/STM32_Drivers.dir/__/__/Drivers/STM32G4xx_HAL_Driver/Src/stm32g4xx_hal.c.obj
 .debug_rnglists
                0x000005b5       0x74 cmake/stm32cubemx/CMakeFiles/STM32_Drivers.dir/__/__/Drivers/STM32G4xx_HAL_Driver/Src/stm32g4xx_hal_rcc.c.obj
 .debug_rnglists
                0x00000629       0x3f cmake/stm32cubemx/CMakeFiles/STM32_Drivers.dir/__/__/Drivers/STM32G4xx_HAL_Driver/Src/stm32g4xx_hal_gpio.c.obj
 .debug_rnglists
                0x00000668       0x71 cmake/stm32cubemx/CMakeFiles/STM32_Drivers.dir/__/__/Drivers/STM32G4xx_HAL_Driver/Src/stm32g4xx_hal_dma.c.obj
 .debug_rnglists
                0x000006d9       0xf1 cmake/stm32cubemx/CMakeFiles/STM32_Drivers.dir/__/__/Drivers/STM32G4xx_HAL_Driver/Src/stm32g4xx_hal_pwr_ex.c.obj
 .debug_rnglists
                0x000007ca       0xda cmake/stm32cubemx/CMakeFiles/STM32_Drivers.dir/__/__/Drivers/STM32G4xx_HAL_Driver/Src/stm32g4xx_hal_cortex.c.obj
 .debug_rnglists
                0x000008a4       0x33 cmake/stm32cubemx/CMakeFiles/STM32_Drivers.dir/__/__/Drivers/STM32G4xx_HAL_Driver/Src/stm32g4xx_ll_dac.c.obj
 .debug_rnglists
                0x000008d7      0x1fa cmake/stm32cubemx/CMakeFiles/STM32_Drivers.dir/__/__/Drivers/STM32G4xx_HAL_Driver/Src/stm32g4xx_hal_uart.c.obj
 .debug_rnglists
                0x00000ad1       0x7f cmake/stm32cubemx/CMakeFiles/STM32_Drivers.dir/__/__/Drivers/STM32G4xx_HAL_Driver/Src/stm32g4xx_hal_uart_ex.c.obj
 .debug_rnglists
                0x00000b50       0x52 cmake/stm32cubemx/CMakeFiles/STM32_Drivers.dir/__/__/Drivers/STM32G4xx_HAL_Driver/Src/stm32g4xx_hal_opamp.c.obj
 .debug_rnglists
                0x00000ba2       0xfe cmake/stm32cubemx/CMakeFiles/STM32_Drivers.dir/__/__/Drivers/STM32G4xx_HAL_Driver/Src/stm32g4xx_ll_tim.c.obj
 .debug_rnglists
                0x00000ca0      0x328 cmake/stm32cubemx/CMakeFiles/STM32_Drivers.dir/__/__/Drivers/STM32G4xx_HAL_Driver/Src/stm32g4xx_hal_tim.c.obj
 .debug_rnglists
                0x00000fc8      0x1cc cmake/stm32cubemx/CMakeFiles/STM32_Drivers.dir/__/__/Drivers/STM32G4xx_HAL_Driver/Src/stm32g4xx_hal_tim_ex.c.obj
 .debug_rnglists
                0x00001194      0x10c CMakeFiles/DAC_GenerateWaveform_TriggerHW_Init.dir/Src/main.c.obj
 .debug_rnglists
                0x000012a0       0x50 CMakeFiles/DAC_GenerateWaveform_TriggerHW_Init.dir/Src/gpio.c.obj
 .debug_rnglists
                0x000012f0       0x2e CMakeFiles/DAC_GenerateWaveform_TriggerHW_Init.dir/Src/adc.c.obj
 .debug_rnglists
                0x0000131e       0x74 CMakeFiles/DAC_GenerateWaveform_TriggerHW_Init.dir/Src/dac.c.obj
 .debug_rnglists
                0x00001392       0x31 CMakeFiles/DAC_GenerateWaveform_TriggerHW_Init.dir/Src/dma.c.obj
 .debug_rnglists