Archive member included to satisfy reference by file (symbol)

/home/patrik/programs/STM32CubeCLT/GNU-tools-for-STM32/bin/../lib/gcc/arm-none-eabi/13.3.1/../../../../arm-none-eabi/lib/thumb/v7e-m+fp/hard/libc_nano.a(libc_a-exit.o)
                              /home/patrik/programs/STM32CubeCLT/GNU-tools-for-STM32/bin/../lib/gcc/arm-none-eabi/13.3.1/../../../../arm-none-eabi/lib/thumb/v7e-m+fp/hard/crt0.o (exit)
/home/patrik/programs/STM32CubeCLT/GNU-tools-for-STM32/bin/../lib/gcc/arm-none-eabi/13.3.1/../../../../arm-none-eabi/lib/thumb/v7e-m+fp/hard/libc_nano.a(libc_a-findfp.o)
                              /home/patrik/programs/STM32CubeCLT/GNU-tools-for-STM32/bin/../lib/gcc/arm-none-eabi/13.3.1/../../../../arm-none-eabi/lib/thumb/v7e-m+fp/hard/libc_nano.a(libc_a-exit.o) (__stdio_exit_handler)
/home/patrik/programs/STM32CubeCLT/GNU-tools-for-STM32/bin/../lib/gcc/arm-none-eabi/13.3.1/../../../../arm-none-eabi/lib/thumb/v7e-m+fp/hard/libc_nano.a(libc_a-fwalk.o)
                              /home/patrik/programs/STM32CubeCLT/GNU-tools-for-STM32/bin/../lib/gcc/arm-none-eabi/13.3.1/../../../../arm-none-eabi/lib/thumb/v7e-m+fp/hard/libc_nano.a(libc_a-findfp.o) (_fwalk_sglue)
/home/patrik/programs/STM32CubeCLT/GNU-tools-for-STM32/bin/../lib/gcc/arm-none-eabi/13.3.1/../../../../arm-none-eabi/lib/thumb/v7e-m+fp/hard/libc_nano.a(libc_a-stdio.o)
                              /home/patrik/programs/STM32CubeCLT/GNU-tools-for-STM32/bin/../lib/gcc/arm-none-eabi/13.3.1/../../../../arm-none-eabi/lib/thumb/v7e-m+fp/hard/libc_nano.a(libc_a-findfp.o) (__sread)
/home/patrik/programs/STM32CubeCLT/GNU-tools-for-STM32/bin/../lib/gcc/arm-none-eabi/13.3.1/../../../../arm-none-eabi/lib/thumb/v7e-m+fp/hard/libc_nano.a(libc_a-memset.o)
                              /home/patrik/programs/STM32CubeCLT/GNU-tools-for-STM32/bin/../lib/gcc/arm-none-eabi/13.3.1/../../../../arm-none-eabi/lib/thumb/v7e-m+fp/hard/crt0.o (memset)
/home/patrik/programs/STM32CubeCLT/GNU-tools-for-STM32/bin/../lib/gcc/arm-none-eabi/13.3.1/../../../../arm-none-eabi/lib/thumb/v7e-m+fp/hard/libc_nano.a(libc_a-closer.o)
                              /home/patrik/programs/STM32CubeCLT/GNU-tools-for-STM32/bin/../lib/gcc/arm-none-eabi/13.3.1/../../../../arm-none-eabi/lib/thumb/v7e-m+fp/hard/libc_nano.a(libc_a-stdio.o) (_close_r)
/home/patrik/programs/STM32CubeCLT/GNU-tools-for-STM32/bin/../lib/gcc/arm-none-eabi/13.3.1/../../../../arm-none-eabi/lib/thumb/v7e-m+fp/hard/libc_nano.a(libc_a-reent.o)
                              /home/patrik/programs/STM32CubeCLT/GNU-tools-for-STM32/bin/../lib/gcc/arm-none-eabi/13.3.1/../../../../arm-none-eabi/lib/thumb/v7e-m+fp/hard/libc_nano.a(libc_a-closer.o) (errno)
/home/patrik/programs/STM32CubeCLT/GNU-tools-for-STM32/bin/../lib/gcc/arm-none-eabi/13.3.1/../../../../arm-none-eabi/lib/thumb/v7e-m+fp/hard/libc_nano.a(libc_a-impure.o)
                              /home/patrik/programs/STM32CubeCLT/GNU-tools-for-STM32/bin/../lib/gcc/arm-none-eabi/13.3.1/../../../../arm-none-eabi/lib/thumb/v7e-m+fp/hard/libc_nano.a(libc_a-reent.o) (_impure_ptr)
/home/patrik/programs/STM32CubeCLT/GNU-tools-for-STM32/bin/../lib/gcc/arm-none-eabi/13.3.1/../../../../arm-none-eabi/lib/thumb/v7e-m+fp/hard/libc_nano.a(libc_a-lseekr.o)
                              /home/patrik/programs/STM32CubeCLT/GNU-tools-for-STM32/bin/../lib/gcc/arm-none-eabi/13.3.1/../../../../arm-none-eabi/lib/thumb/v7e-m+fp/hard/libc_nano.a(libc_a-stdio.o) (_lseek_r)
/home/patrik/programs/STM32CubeCLT/GNU-tools-for-STM32/bin/../lib/gcc/arm-none-eabi/13.3.1/../../../../arm-none-eabi/lib/thumb/v7e-m+fp/hard/libc_nano.a(libc_a-readr.o)
                              /home/patrik/programs/STM32CubeCLT/GNU-tools-for-STM32/bin/../lib/gcc/arm-none-eabi/13.3.1/../../../../arm-none-eabi/lib/thumb/v7e-m+fp/hard/libc_nano.a(libc_a-stdio.o) (_read_r)
/home/patrik/programs/STM32CubeCLT/GNU-tools-for-STM32/bin/../lib/gcc/arm-none-eabi/13.3.1/../../../../arm-none-eabi/lib/thumb/v7e-m+fp/hard/libc_nano.a(libc_a-writer.o)
                              /home/patrik/programs/STM32CubeCLT/GNU-tools-for-STM32/bin/../lib/gcc/arm-none-eabi/13.3.1/../../../../arm-none-eabi/lib/thumb/v7e-m+fp/hard/libc_nano.a(libc_a-stdio.o) (_write_r)
/home/patrik/programs/STM32CubeCLT/GNU-tools-for-STM32/bin/../lib/gcc/arm-none-eabi/13.3.1/../../../../arm-none-eabi/lib/thumb/v7e-m+fp/hard/libc_nano.a(libc_a-errno.o)
                              CMakeFiles/DAC_GenerateWaveform_TriggerHW_Init.dir/Src/sysmem.c.obj (__errno)
/home/patrik/programs/STM32CubeCLT/GNU-tools-for-STM32/bin/../lib/gcc/arm-none-eabi/13.3.1/../../../../arm-none-eabi/lib/thumb/v7e-m+fp/hard/libc_nano.a(libc_a-init.o)
                              /home/patrik/programs/STM32CubeCLT/GNU-tools-for-STM32/bin/../lib/gcc/arm-none-eabi/13.3.1/../../../../arm-none-eabi/lib/thumb/v7e-m+fp/hard/crt0.o (__libc_init_array)
[...]
Memory Configuration

Name             Origin             Length             Attributes
RAM              0x20000000         0x00020000         xrw
FLASH            0x08000000         0x00080000         xr
*default*        0x00000000         0xffffffff

Linker script and memory map

LOAD /home/patrik/programs/STM32CubeCLT/GNU-tools-for-STM32/bin/../lib/gcc/arm-none-eabi/13.3.1/thumb/v7e-m+fp/hard/crti.o
LOAD /home/patrik/programs/STM32CubeCLT/GNU-tools-for-STM32/bin/../lib/gcc/arm-none-eabi/13.3.1/thumb/v7e-m+fp/hard/crtbegin.o
LOAD /home/patrik/programs/STM32CubeCLT/GNU-tools-for-STM32/bin/../lib/gcc/arm-none-eabi/13.3.1/../../../../arm-none-eabi/lib/thumb/v7e-m+fp/hard/crt0.o
START GROUP
END GROUP
START GROUP
LOAD /home/patrik/programs/STM32CubeCLT/GNU-tools-for-STM32/bin/../lib/gcc/arm-none-eabi/13.3.1/../../../../arm-none-eabi/lib/thumb/v7e-m+fp/hard/libstdc++_nano.a
LOAD /home/patrik/programs/STM32CubeCLT/GNU-tools-for-STM32/bin/../lib/gcc/arm-none-eabi/13.3.1/../../../../arm-none-eabi/lib/thumb/v7e-m+fp/hard/libsupc++_nano.a
END GROUP
LOAD cmake/stm32cubemx/CMakeFiles/STM32_Drivers.dir/__/__/Src/system_stm32g4xx.c.obj
LOAD cmake/stm32cubemx/CMakeFiles/STM32_Drivers.dir/__/__/Drivers/STM32G4xx_HAL_Driver/Src/stm32g4xx_ll_utils.c.obj
LOAD cmake/stm32cubemx/CMakeFiles/STM32_Drivers.dir/__/__/Drivers/STM32G4xx_HAL_Driver/Src/stm32g4xx_ll_exti.c.obj
LOAD cmake/stm32cubemx/CMakeFiles/STM32_Drivers.dir/__/__/Drivers/STM32G4xx_HAL_Driver/Src/stm32g4xx_ll_gpio.c.obj
LOAD cmake/stm32cubemx/CMakeFiles/STM32_Drivers.dir/__/__/Drivers/STM32G4xx_HAL_Driver/Src/stm32g4xx_hal_adc.c.obj
LOAD cmake/stm32cubemx/CMakeFiles/STM32_Drivers.dir/__/__/Drivers/STM32G4xx_HAL_Driver/Src/stm32g4xx_hal_adc_ex.c.obj
LOAD cmake/stm32cubemx/CMakeFiles/STM32_Drivers.dir/__/__/Drivers/STM32G4xx_HAL_Driver/Src/stm32g4xx_ll_adc.c.obj
LOAD cmake/stm32cubemx/CMakeFiles/STM32_Drivers.dir/__/__/Drivers/STM32G4xx_HAL_Driver/Src/stm32g4xx_ll_pwr.c.obj
LOAD cmake/stm32cubemx/CMakeFiles/STM32_Drivers.dir/__/__/Drivers/STM32G4xx_HAL_Driver/Src/stm32g4xx_hal.c.obj
LOAD cmake/stm32cubemx/CMakeFiles/STM32_Drivers.dir/__/__/Drivers/STM32G4xx_HAL_Driver/Src/stm32g4xx_hal_rcc.c.obj
LOAD cmake/stm32cubemx/CMakeFiles/STM32_Drivers.dir/__/__/Drivers/STM32G4xx_HAL_Driver/Src/stm32g4xx_hal_rcc_ex.c.obj
LOAD cmake/stm32cubemx/CMakeFiles/STM32_Drivers.dir/__/__/Drivers/STM32G4xx_HAL_Driver/Src/stm32g4xx_hal_flash.c.obj
LOAD cmake/stm32cubemx/CMakeFiles/STM32_Drivers.dir/__/__/Drivers/STM32G4xx_HAL_Driver/Src/stm32g4xx_hal_flash_ex.c.obj
LOAD cmake/stm32cubemx/CMakeFiles/STM32_Drivers.dir/__/__/Drivers/STM32G4xx_HAL_Driver/Src/stm32g4xx_hal_flash_ramfunc.c.obj
LOAD cmake/stm32cubemx/CMakeFiles/STM32_Drivers.dir/__/__/Drivers/STM32G4xx_HAL_Driver/Src/stm32g4xx_hal_gpio.c.obj
LOAD cmake/stm32cubemx/CMakeFiles/STM32_Drivers.dir/__/__/Drivers/STM32G4xx_HAL_Driver/Src/stm32g4xx_hal_exti.c.obj
LOAD cmake/stm32cubemx/CMakeFiles/STM32_Drivers.dir/__/__/Drivers/STM32G4xx_HAL_Driver/Src/stm32g4xx_hal_dma.c.obj
LOAD cmake/stm32cubemx/CMakeFiles/STM32_Drivers.dir/__/__/Drivers/STM32G4xx_HAL_Driver/Src/stm32g4xx_hal_dma_ex.c.obj
LOAD cmake/stm32cubemx/CMakeFiles/STM32_Drivers.dir/__/__/Drivers/STM32G4xx_HAL_Driver/Src/stm32g4xx_hal_pwr.c.obj
LOAD cmake/stm32cubemx/CMakeFiles/STM32_Drivers.dir/__/__/Drivers/STM32G4xx_HAL_Driver/Src/stm32g4xx_hal_pwr_ex.c.obj
LOAD cmake/stm32cubemx/CMakeFiles/STM32_Drivers.dir/__/__/Drivers/STM32G4xx_HAL_Driver/Src/stm32g4xx_hal_cortex.c.obj
LOAD cmake/stm32cubemx/CMakeFiles/STM32_Drivers.dir/__/__/Drivers/STM32G4xx_HAL_Driver/Src/stm32g4xx_ll_dac.c.obj
LOAD cmake/stm32cubemx/CMakeFiles/STM32_Drivers.dir/__/__/Drivers/STM32G4xx_HAL_Driver/Src/stm32g4xx_ll_dma.c.obj
LOAD cmake/stm32cubemx/CMakeFiles/STM32_Drivers.dir/__/__/Drivers/STM32G4xx_HAL_Driver/Src/stm32g4xx_hal_uart.c.obj
LOAD cmake/stm32cubemx/CMakeFiles/STM32_Drivers.dir/__/__/Drivers/STM32G4xx_HAL_Driver/Src/stm32g4xx_hal_uart_ex.c.obj
LOAD cmake/stm32cubemx/CMakeFiles/STM32_Drivers.dir/__/__/Drivers/STM32G4xx_HAL_Driver/Src/stm32g4xx_hal_opamp.c.obj
LOAD cmake/stm32cubemx/CMakeFiles/STM32_Drivers.dir/__/__/Drivers/STM32G4xx_HAL_Driver/Src/stm32g4xx_hal_opamp_ex.c.obj
LOAD cmake/stm32cubemx/CMakeFiles/STM32_Drivers.dir/__/__/Drivers/STM32G4xx_HAL_Driver/Src/stm32g4xx_ll_tim.c.obj
LOAD cmake/stm32cubemx/CMakeFiles/STM32_Drivers.dir/__/__/Drivers/STM32G4xx_HAL_Driver/Src/stm32g4xx_hal_tim.c.obj
LOAD cmake/stm32cubemx/CMakeFiles/STM32_Drivers.dir/__/__/Drivers/STM32G4xx_HAL_Driver/Src/stm32g4xx_hal_tim_ex.c.obj
LOAD CMakeFiles/DAC_GenerateWaveform_TriggerHW_Init.dir/Src/main.cpp.obj
LOAD CMakeFiles/DAC_GenerateWaveform_TriggerHW_Init.dir/Src/gpio.c.obj
LOAD CMakeFiles/DAC_GenerateWaveform_TriggerHW_Init.dir/Src/adc.c.obj
LOAD CMakeFiles/DAC_GenerateWaveform_TriggerHW_Init.dir/Src/dac.c.obj
LOAD CMakeFiles/DAC_GenerateWaveform_TriggerHW_Init.dir/Src/dma.c.obj
LOAD CMakeFiles/DAC_GenerateWaveform_TriggerHW_Init.dir/Src/usart.c.obj
LOAD CMakeFiles/DAC_GenerateWaveform_TriggerHW_Init.dir/Src/opamp.c.obj
LOAD CMakeFiles/DAC_GenerateWaveform_TriggerHW_Init.dir/Src/tim.c.obj
LOAD CMakeFiles/DAC_GenerateWaveform_TriggerHW_Init.dir/Src/stm32g4xx_it.c.obj
LOAD CMakeFiles/DAC_GenerateWaveform_TriggerHW_Init.dir/Src/stm32g4xx_hal_msp.c.obj
LOAD CMakeFiles/DAC_GenerateWaveform_TriggerHW_Init.dir/Src/sysmem.c.obj
LOAD CMakeFiles/DAC_GenerateWaveform_TriggerHW_Init.dir/Src/syscalls.c.obj
LOAD CMakeFiles/DAC_GenerateWaveform_TriggerHW_Init.dir/startup_stm32g474xx.s.obj
LOAD /home/patrik/programs/STM32CubeCLT/GNU-tools-for-STM32/bin/../lib/gcc/arm-none-eabi/13.3.1/../../../../arm-none-eabi/lib/thumb/v7e-m+fp/hard/libstdc++_nano.a
LOAD /home/patrik/programs/STM32CubeCLT/GNU-tools-for-STM32/bin/../lib/gcc/arm-none-eabi/13.3.1/../../../../arm-none-eabi/lib/thumb/v7e-m+fp/hard/libm.a
LOAD /home/patrik/programs/STM32CubeCLT/GNU-tools-for-STM32/bin/../lib/gcc/arm-none-eabi/13.3.1/../../../../arm-none-eabi/lib/thumb/v7e-m+fp/hard/libc_nano.a
START GROUP
LOAD /home/patrik/programs/STM32CubeCLT/GNU-tools-for-STM32/bin/../lib/gcc/arm-none-eabi/13.3.1/thumb/v7e-m+fp/hard/libgcc.a
LOAD /home/patrik/programs/STM32CubeCLT/GNU-tools-for-STM32/bin/../lib/gcc/arm-none-eabi/13.3.1/../../../../arm-none-eabi/lib/thumb/v7e-m+fp/hard/libg_nano.a
LOAD /home/patrik/programs/STM32CubeCLT/GNU-tools-for-STM32/bin/../lib/gcc/arm-none-eabi/13.3.1/../../../../arm-none-eabi/lib/thumb/v7e-m+fp/hard/libc_nano.a
END GROUP
START GROUP
LOAD /home/patrik/programs/STM32CubeCLT/GNU-tools-for-STM32/bin/../lib/gcc/arm-none-eabi/13.3.1/thumb/v7e-m+fp/hard/libgcc.a
LOAD /home/patrik/programs/STM32CubeCLT/GNU-tools-for-STM32/bin/../lib/gcc/arm-none-eabi/13.3.1/../../../../arm-none-eabi/lib/thumb/v7e-m+fp/hard/libc_nano.a
END GROUP
LOAD /home/patrik/programs/STM32CubeCLT/GNU-tools-for-STM32/bin/../lib/gcc/arm-none-eabi/13.3.1/thumb/v7e-m+fp/hard/crtend.o
LOAD /home/patrik/programs/STM32CubeCLT/GNU-tools-for-STM32/bin/../lib/gcc/arm-none-eabi/13.3.1/thumb/v7e-m+fp/hard/crtn.o
                0x20020000                        _estack = (ORIGIN (RAM) + LENGTH (RAM))
                0x00000200                        _Min_Heap_Size = 0x200
                0x00000400                        _Min_Stack_Size = 0x400

.isr_vector     0x08000000      0x1d8
                0x08000000                        . = ALIGN (0x4)
 *(.isr_vector)
 .isr_vector    0x08000000      0x1d8 CMakeFiles/DAC_GenerateWaveform_TriggerHW_Init.dir/startup_stm32g474xx.s.obj
                0x08000000                g_pfnVectors
                0x080001d8                        . = ALIGN (0x4)

.text           0x080001d8     0x5e4c
                0x080001d8                        . = ALIGN (0x4)
 *(.text)
 .text          0x080001d8       0x40 /home/patrik/programs/STM32CubeCLT/GNU-tools-for-STM32/bin/../lib/gcc/arm-none-eabi/13.3.1/thumb/v7e-m+fp/hard/crtbegin.o
 .text          0x08000218       0x30 /home/patrik/programs/STM32CubeCLT/GNU-tools-for-STM32/bin/../lib/gcc/arm-none-eabi/13.3.1/thumb/v7e-m+fp/hard/libgcc.a(_aeabi_uldivmod.o)
                0x08000218                __aeabi_uldivmod
 .text          0x08000248      0x2f8 /home/patrik/programs/STM32CubeCLT/GNU-tools-for-STM32/bin/../lib/gcc/arm-none-eabi/13.3.1/thumb/v7e-m+fp/hard/libgcc.a(_udivmoddi4.o)
                0x08000248                __udivmoddi4
 .text          0x08000540        0x4 /home/patrik/programs/STM32CubeCLT/GNU-tools-for-STM32/bin/../lib/gcc/arm-none-eabi/13.3.1/thumb/v7e-m+fp/hard/libgcc.a(_dvmd_tls.o)
                0x08000540                __aeabi_ldiv0
                0x08000540                __aeabi_idiv0
 *(.text*)
 .text.SystemInit
                0x08000544       0x2c cmake/stm32cubemx/CMakeFiles/STM32_Drivers.dir/__/__/Src/system_stm32g4xx.c.obj
                0x08000544                SystemInit
 .text.LL_mDelay
                0x08000570       0x50 cmake/stm32cubemx/CMakeFiles/STM32_Drivers.dir/__/__/Drivers/STM32G4xx_HAL_Driver/Src/stm32g4xx_ll_utils.c.obj
                0x08000570                LL_mDelay
 .text.LL_SetSystemCoreClock
                0x080005c0       0x20 cmake/stm32cubemx/CMakeFiles/STM32_Drivers.dir/__/__/Drivers/STM32G4xx_HAL_Driver/Src/stm32g4xx_ll_utils.c.obj
                0x080005c0                LL_SetSystemCoreClock
 .text.LL_EXTI_EnableIT_0_31
                0x080005e0       0x24 cmake/stm32cubemx/CMakeFiles/STM32_Drivers.dir/__/__/Drivers/STM32G4xx_HAL_Driver/Src/stm32g4xx_ll_exti.c.obj
 .text.LL_EXTI_EnableIT_32_63
                0x08000604       0x24 cmake/stm32cubemx/CMakeFiles/STM32_Drivers.dir/__/__/Drivers/STM32G4xx_HAL_Driver/Src/stm32g4xx_ll_exti.c.obj
 .text.LL_EXTI_DisableIT_0_31
                0x08000628       0x28 cmake/stm32cubemx/CMakeFiles/STM32_Drivers.dir/__/__/Drivers/STM32G4xx_HAL_Driver/Src/stm32g4xx_ll_exti.c.obj
 .text.LL_EXTI_DisableIT_32_63
                0x08000650       0x28 cmake/stm32cubemx/CMakeFiles/STM32_Drivers.dir/__/__/Drivers/STM32G4xx_HAL_Driver/Src/stm32g4xx_ll_exti.c.obj
 .text.LL_EXTI_EnableEvent_0_31
                0x08000678       0x24 cmake/stm32cubemx/CMakeFiles/STM32_Drivers.dir/__/__/Drivers/STM32G4xx_HAL_Driver/Src/stm32g4xx_ll_exti.c.obj
 .text.LL_EXTI_EnableEvent_32_63
                0x0800069c       0x24 cmake/stm32cubemx/CMakeFiles/STM32_Drivers.dir/__/__/Drivers/STM32G4xx_HAL_Driver/Src/stm32g4xx_ll_exti.c.obj
 .text.LL_EXTI_DisableEvent_0_31
                0x080006c0       0x28 cmake/stm32cubemx/CMakeFiles/STM32_Drivers.dir/__/__/Drivers/STM32G4xx_HAL_Driver/Src/stm32g4xx_ll_exti.c.obj
 .text.LL_EXTI_DisableEvent_32_63
                0x080006e8       0x28 cmake/stm32cubemx/CMakeFiles/STM32_Drivers.dir/__/__/Drivers/STM32G4xx_HAL_Driver/Src/stm32g4xx_ll_exti.c.obj
 .text.LL_EXTI_EnableRisingTrig_0_31
                0x08000710       0x24 cmake/stm32cubemx/CMakeFiles/STM32_Drivers.dir/__/__/Drivers/STM32G4xx_HAL_Driver/Src/stm32g4xx_ll_exti.c.obj
 .text.LL_EXTI_EnableRisingTrig_32_63
                0x08000734       0x24 cmake/stm32cubemx/CMakeFiles/STM32_Drivers.dir/__/__/Drivers/STM32G4xx_HAL_Driver/Src/stm32g4xx_ll_exti.c.obj
 .text.LL_EXTI_DisableRisingTrig_0_31
                0x08000758       0x28 cmake/stm32cubemx/CMakeFiles/STM32_Drivers.dir/__/__/Drivers/STM32G4xx_HAL_Driver/Src/stm32g4xx_ll_exti.c.obj
 .text.LL_EXTI_DisableRisingTrig_32_63
                0x08000780       0x28 cmake/stm32cubemx/CMakeFiles/STM32_Drivers.dir/__/__/Drivers/STM32G4xx_HAL_Driver/Src/stm32g4xx_ll_exti.c.obj
 .text.LL_EXTI_EnableFallingTrig_0_31
                0x080007a8       0x24 cmake/stm32cubemx/CMakeFiles/STM32_Drivers.dir/__/__/Drivers/STM32G4xx_HAL_Driver/Src/stm32g4xx_ll_exti.c.obj
 .text.LL_EXTI_EnableFallingTrig_32_63
                0x080007cc       0x24 cmake/stm32cubemx/CMakeFiles/STM32_Drivers.dir/__/__/Drivers/STM32G4xx_HAL_Driver/Src/stm32g4xx_ll_exti.c.obj
 .text.LL_EXTI_DisableFallingTrig_0_31
                0x080007f0       0x28 cmake/stm32cubemx/CMakeFiles/STM32_Drivers.dir/__/__/Drivers/STM32G4xx_HAL_Driver/Src/stm32g4xx_ll_exti.c.obj
 .text.LL_EXTI_DisableFallingTrig_32_63
                0x08000818       0x28 cmake/stm32cubemx/CMakeFiles/STM32_Drivers.dir/__/__/Drivers/STM32G4xx_HAL_Driver/Src/stm32g4xx_ll_exti.c.obj
 .text.LL_EXTI_Init
                0x08000840      0x1ec cmake/stm32cubemx/CMakeFiles/STM32_Drivers.dir/__/__/Drivers/STM32G4xx_HAL_Driver/Src/stm32g4xx_ll_exti.c.obj
                0x08000840                LL_EXTI_Init
 .text.LL_GPIO_SetPinMode
                0x08000a2c       0x7a cmake/stm32cubemx/CMakeFiles/STM32_Drivers.dir/__/__/Drivers/STM32G4xx_HAL_Driver/Src/stm32g4xx_ll_gpio.c.obj
 .text.LL_GPIO_SetPinOutputType
                0x08000aa6       0x30 cmake/stm32cubemx/CMakeFiles/STM32_Drivers.dir/__/__/Drivers/STM32G4xx_HAL_Driver/Src/stm32g4xx_ll_gpio.c.obj
 .text.LL_GPIO_SetPinSpeed
                0x08000ad6       0x7a cmake/stm32cubemx/CMakeFiles/STM32_Drivers.dir/__/__/Drivers/STM32G4xx_HAL_Driver/Src/stm32g4xx_ll_gpio.c.obj
 .text.LL_GPIO_SetPinPull
                0x08000b50       0x7a cmake/stm32cubemx/CMakeFiles/STM32_Drivers.dir/__/__/Drivers/STM32G4xx_HAL_Driver/Src/stm32g4xx_ll_gpio.c.obj
 .text.LL_GPIO_SetAFPin_0_7
                0x08000bca       0x7a cmake/stm32cubemx/CMakeFiles/STM32_Drivers.dir/__/__/Drivers/STM32G4xx_HAL_Driver/Src/stm32g4xx_ll_gpio.c.obj
 .text.LL_GPIO_SetAFPin_8_15
                0x08000c44       0x7e cmake/stm32cubemx/CMakeFiles/STM32_Drivers.dir/__/__/Drivers/STM32G4xx_HAL_Driver/Src/stm32g4xx_ll_gpio.c.obj
 .text.LL_GPIO_Init
                0x08000cc2       0xdc cmake/stm32cubemx/CMakeFiles/STM32_Drivers.dir/__/__/Drivers/STM32G4xx_HAL_Driver/Src/stm32g4xx_ll_gpio.c.obj
                0x08000cc2                LL_GPIO_Init
 .text.LL_ADC_SetCommonClock
                0x08000d9e       0x26 cmake/stm32cubemx/CMakeFiles/STM32_Drivers.dir/__/__/Drivers/STM32G4xx_HAL_Driver/Src/stm32g4xx_hal_adc.c.obj
 .text.LL_ADC_SetCommonPathInternalCh
                0x08000dc4       0x26 cmake/stm32cubemx/CMakeFiles/STM32_Drivers.dir/__/__/Drivers/STM32G4xx_HAL_Driver/Src/stm32g4xx_hal_adc.c.obj
 .text.LL_ADC_GetCommonPathInternalCh
                0x08000dea       0x1c cmake/stm32cubemx/CMakeFiles/STM32_Drivers.dir/__/__/Drivers/STM32G4xx_HAL_Driver/Src/stm32g4xx_hal_adc.c.obj
 *fill*         0x08000e06        0x2 
 .text.LL_ADC_SetOffset
                0x08000e08       0x48 cmake/stm32cubemx/CMakeFiles/STM32_Drivers.dir/__/__/Drivers/STM32G4xx_HAL_Driver/Src/stm32g4xx_hal_adc.c.obj
 .text.LL_ADC_GetOffsetChannel
                0x08000e50       0x2c cmake/stm32cubemx/CMakeFiles/STM32_Drivers.dir/__/__/Drivers/STM32G4xx_HAL_Driver/Src/stm32g4xx_hal_adc.c.obj
 .text.LL_ADC_SetOffsetState
                0x08000e7c       0x36 cmake/stm32cubemx/CMakeFiles/STM32_Drivers.dir/__/__/Drivers/STM32G4xx_HAL_Driver/Src/stm32g4xx_hal_adc.c.obj
 .text.LL_ADC_SetOffsetSign
                0x08000eb2       0x36 cmake/stm32cubemx/CMakeFiles/STM32_Drivers.dir/__/__/Drivers/STM32G4xx_HAL_Driver/Src/stm32g4xx_hal_adc.c.obj
 .text.LL_ADC_SetOffsetSaturation
                0x08000ee8       0x36 cmake/stm32cubemx/CMakeFiles/STM32_Drivers.dir/__/__/Drivers/STM32G4xx_HAL_Driver/Src/stm32g4xx_hal_adc.c.obj
 .text.LL_ADC_SetSamplingTimeCommonConfig
                0x08000f1e       0x26 cmake/stm32cubemx/CMakeFiles/STM32_Drivers.dir/__/__/Drivers/STM32G4xx_HAL_Driver/Src/stm32g4xx_hal_adc.c.obj
 .text.LL_ADC_REG_SetSequencerRanks
                0x08000f44       0x58 cmake/stm32cubemx/CMakeFiles/STM32_Drivers.dir/__/__/Drivers/STM32G4xx_HAL_Driver/Src/stm32g4xx_hal_adc.c.obj
 .text.LL_ADC_SetChannelSamplingTime
                0x08000f9c       0x56 cmake/stm32cubemx/CMakeFiles/STM32_Drivers.dir/__/__/Drivers/STM32G4xx_HAL_Driver/Src/stm32g4xx_hal_adc.c.obj
 *fill*         0x08000ff2        0x2 
 .text.LL_ADC_SetChannelSingleDiff
                0x08000ff4       0x48 cmake/stm32cubemx/CMakeFiles/STM32_Drivers.dir/__/__/Drivers/STM32G4xx_HAL_Driver/Src/stm32g4xx_hal_adc.c.obj
 .text.LL_ADC_DisableDeepPowerDown
                0x0800103c       0x24 cmake/stm32cubemx/CMakeFiles/STM32_Drivers.dir/__/__/Drivers/STM32G4xx_HAL_Driver/Src/stm32g4xx_hal_adc.c.obj
 .text.LL_ADC_IsDeepPowerDownEnabled
                0x08001060       0x28 cmake/stm32cubemx/CMakeFiles/STM32_Drivers.dir/__/__/Drivers/STM32G4xx_HAL_Driver/Src/stm32g4xx_hal_adc.c.obj
 .text.LL_ADC_EnableInternalRegulator
                0x08001088       0x28 cmake/stm32cubemx/CMakeFiles/STM32_Drivers.dir/__/__/Drivers/STM32G4xx_HAL_Driver/Src/stm32g4xx_hal_adc.c.obj
 .text.LL_ADC_IsInternalRegulatorEnabled
                0x080010b0       0x28 cmake/stm32cubemx/CMakeFiles/STM32_Drivers.dir/__/__/Drivers/STM32G4xx_HAL_Driver/Src/stm32g4xx_hal_adc.c.obj
 .text.LL_ADC_IsEnabled
                0x080010d8       0x26 cmake/stm32cubemx/CMakeFiles/STM32_Drivers.dir/__/__/Drivers/STM32G4xx_HAL_Driver/Src/stm32g4xx_hal_adc.c.obj
 .text.LL_ADC_REG_IsConversionOngoing
                0x080010fe       0x26 cmake/stm32cubemx/CMakeFiles/STM32_Drivers.dir/__/__/Drivers/STM32G4xx_HAL_Driver/Src/stm32g4xx_hal_adc.c.obj
 .text.LL_ADC_INJ_IsConversionOngoing
                0x08001124       0x26 cmake/stm32cubemx/CMakeFiles/STM32_Drivers.dir/__/__/Drivers/STM32G4xx_HAL_Driver/Src/stm32g4xx_hal_adc.c.obj
 *fill*         0x0800114a        0x2 
 .text.HAL_ADC_Init
                0x0800114c      0x378 cmake/stm32cubemx/CMakeFiles/STM32_Drivers.dir/__/__/Drivers/STM32G4xx_HAL_Driver/Src/stm32g4xx_hal_adc.c.obj
                0x0800114c                HAL_ADC_Init
 .text.HAL_ADC_ConfigChannel
                0x080014c4      0x880 cmake/stm32cubemx/CMakeFiles/STM32_Drivers.dir/__/__/Drivers/STM32G4xx_HAL_Driver/Src/stm32g4xx_hal_adc.c.obj
                0x080014c4                HAL_ADC_ConfigChannel
 .text.LL_ADC_IsEnabled
                0x08001d44       0x26 cmake/stm32cubemx/CMakeFiles/STM32_Drivers.dir/__/__/Drivers/STM32G4xx_HAL_Driver/Src/stm32g4xx_hal_adc_ex.c.obj
 .text.LL_ADC_REG_IsConversionOngoing
                0x08001d6a       0x26 cmake/stm32cubemx/CMakeFiles/STM32_Drivers.dir/__/__/Drivers/STM32G4xx_HAL_Driver/Src/stm32g4xx_hal_adc_ex.c.obj
 .text.HAL_ADCEx_MultiModeConfigChannel
                0x08001d90      0x210 cmake/stm32cubemx/CMakeFiles/STM32_Drivers.dir/__/__/Drivers/STM32G4xx_HAL_Driver/Src/stm32g4xx_hal_adc_ex.c.obj
                0x08001d90                HAL_ADCEx_MultiModeConfigChannel
 .text.HAL_Init
                0x08001fa0       0x30 cmake/stm32cubemx/CMakeFiles/STM32_Drivers.dir/__/__/Drivers/STM32G4xx_HAL_Driver/Src/stm32g4xx_hal.c.obj
                0x08001fa0                HAL_Init
 .text.HAL_InitTick
                0x08001fd0       0x74 cmake/stm32cubemx/CMakeFiles/STM32_Drivers.dir/__/__/Drivers/STM32G4xx_HAL_Driver/Src/stm32g4xx_hal.c.obj
                0x08001fd0                HAL_InitTick
 .text.HAL_IncTick
                0x08002044       0x24 cmake/stm32cubemx/CMakeFiles/STM32_Drivers.dir/__/__/Drivers/STM32G4xx_HAL_Driver/Src/stm32g4xx_hal.c.obj
                0x08002044                HAL_IncTick
 .text.HAL_GetTick
                0x08002068       0x18 cmake/stm32cubemx/CMakeFiles/STM32_Drivers.dir/__/__/Drivers/STM32G4xx_HAL_Driver/Src/stm32g4xx_hal.c.obj
                0x08002068                HAL_GetTick
 .text.HAL_RCC_GetSysClockFreq
                0x08002080       0xc4 cmake/stm32cubemx/CMakeFiles/STM32_Drivers.dir/__/__/Drivers/STM32G4xx_HAL_Driver/Src/stm32g4xx_hal_rcc.c.obj
                0x08002080                HAL_RCC_GetSysClockFreq
 .text.HAL_RCC_GetHCLKFreq
                0x08002144       0x18 cmake/stm32cubemx/CMakeFiles/STM32_Drivers.dir/__/__/Drivers/STM32G4xx_HAL_Driver/Src/stm32g4xx_hal_rcc.c.obj
                0x08002144                HAL_RCC_GetHCLKFreq
 .text.HAL_RCC_GetPCLK1Freq
                0x0800215c       0x2c cmake/stm32cubemx/CMakeFiles/STM32_Drivers.dir/__/__/Drivers/STM32G4xx_HAL_Driver/Src/stm32g4xx_hal_rcc.c.obj
                0x0800215c                HAL_RCC_GetPCLK1Freq
 .text.HAL_RCC_GetPCLK2Freq
                0x08002188       0x2c cmake/stm32cubemx/CMakeFiles/STM32_Drivers.dir/__/__/Drivers/STM32G4xx_HAL_Driver/Src/stm32g4xx_hal_rcc.c.obj
                0x08002188                HAL_RCC_GetPCLK2Freq
 .text.HAL_GPIO_Init
                0x080021b4      0x304 cmake/stm32cubemx/CMakeFiles/STM32_Drivers.dir/__/__/Drivers/STM32G4xx_HAL_Driver/Src/stm32g4xx_hal_gpio.c.obj
                0x080021b4                HAL_GPIO_Init
 .text.HAL_DMA_Init
                0x080024b8      0x150 cmake/stm32cubemx/CMakeFiles/STM32_Drivers.dir/__/__/Drivers/STM32G4xx_HAL_Driver/Src/stm32g4xx_hal_dma.c.obj
                0x080024b8                HAL_DMA_Init
 .text.HAL_DMA_IRQHandler
                0x08002608      0x15e cmake/stm32cubemx/CMakeFiles/STM32_Drivers.dir/__/__/Drivers/STM32G4xx_HAL_Driver/Src/stm32g4xx_hal_dma.c.obj
                0x08002608                HAL_DMA_IRQHandler
 *fill*         0x08002766        0x2 
 .text.DMA_CalcDMAMUXChannelBaseAndMask
                0x08002768       0x7c cmake/stm32cubemx/CMakeFiles/STM32_Drivers.dir/__/__/Drivers/STM32G4xx_HAL_Driver/Src/stm32g4xx_hal_dma.c.obj
 .text.DMA_CalcDMAMUXRequestGenBaseAndMask
                0x080027e4       0x48 cmake/stm32cubemx/CMakeFiles/STM32_Drivers.dir/__/__/Drivers/STM32G4xx_HAL_Driver/Src/stm32g4xx_hal_dma.c.obj
 .text.HAL_PWREx_DisableUCPDDeadBattery
                0x0800282c       0x20 cmake/stm32cubemx/CMakeFiles/STM32_Drivers.dir/__/__/Drivers/STM32G4xx_HAL_Driver/Src/stm32g4xx_hal_pwr_ex.c.obj
                0x0800282c                HAL_PWREx_DisableUCPDDeadBattery
 .text.__NVIC_SetPriorityGrouping
                0x0800284c       0x48 cmake/stm32cubemx/CMakeFiles/STM32_Drivers.dir/__/__/Drivers/STM32G4xx_HAL_Driver/Src/stm32g4xx_hal_cortex.c.obj
 .text.__NVIC_GetPriorityGrouping
                0x08002894       0x1c cmake/stm32cubemx/CMakeFiles/STM32_Drivers.dir/__/__/Drivers/STM32G4xx_HAL_Driver/Src/stm32g4xx_hal_cortex.c.obj
 .text.__NVIC_EnableIRQ
                0x080028b0       0x3c cmake/stm32cubemx/CMakeFiles/STM32_Drivers.dir/__/__/Drivers/STM32G4xx_HAL_Driver/Src/stm32g4xx_hal_cortex.c.obj
 .text.__NVIC_SetPriority
                0x080028ec       0x54 cmake/stm32cubemx/CMakeFiles/STM32_Drivers.dir/__/__/Drivers/STM32G4xx_HAL_Driver/Src/stm32g4xx_hal_cortex.c.obj
 .text.NVIC_EncodePriority
                0x08002940       0x66 cmake/stm32cubemx/CMakeFiles/STM32_Drivers.dir/__/__/Drivers/STM32G4xx_HAL_Driver/Src/stm32g4xx_hal_cortex.c.obj
 *fill*         0x080029a6        0x2 
 .text.SysTick_Config
                0x080029a8       0x44 cmake/stm32cubemx/CMakeFiles/STM32_Drivers.dir/__/__/Drivers/STM32G4xx_HAL_Driver/Src/stm32g4xx_hal_cortex.c.obj
 .text.HAL_NVIC_SetPriorityGrouping
                0x080029ec       0x16 cmake/stm32cubemx/CMakeFiles/STM32_Drivers.dir/__/__/Drivers/STM32G4xx_HAL_Driver/Src/stm32g4xx_hal_cortex.c.obj
                0x080029ec                HAL_NVIC_SetPriorityGrouping
 .text.HAL_NVIC_SetPriority
                0x08002a02       0x34 cmake/stm32cubemx/CMakeFiles/STM32_Drivers.dir/__/__/Drivers/STM32G4xx_HAL_Driver/Src/stm32g4xx_hal_cortex.c.obj
                0x08002a02                HAL_NVIC_SetPriority
 .text.HAL_NVIC_EnableIRQ
                0x08002a36       0x1c cmake/stm32cubemx/CMakeFiles/STM32_Drivers.dir/__/__/Drivers/STM32G4xx_HAL_Driver/Src/stm32g4xx_hal_cortex.c.obj
                0x08002a36                HAL_NVIC_EnableIRQ
 .text.HAL_SYSTICK_Config
                0x08002a52       0x18 cmake/stm32cubemx/CMakeFiles/STM32_Drivers.dir/__/__/Drivers/STM32G4xx_HAL_Driver/Src/stm32g4xx_hal_cortex.c.obj
                0x08002a52                HAL_SYSTICK_Config
 .text.LL_DAC_IsEnabled
                0x08002a6a       0x3e cmake/stm32cubemx/CMakeFiles/STM32_Drivers.dir/__/__/Drivers/STM32G4xx_HAL_Driver/Src/stm32g4xx_ll_dac.c.obj
 .text.LL_DAC_Init
                0x08002aa8      0x14e cmake/stm32cubemx/CMakeFiles/STM32_Drivers.dir/__/__/Drivers/STM32G4xx_HAL_Driver/Src/stm32g4xx_ll_dac.c.obj
                0x08002aa8                LL_DAC_Init
 .text.HAL_UART_Init
                0x08002bf6       0xa0 cmake/stm32cubemx/CMakeFiles/STM32_Drivers.dir/__/__/Drivers/STM32G4xx_HAL_Driver/Src/stm32g4xx_hal_uart.c.obj
                0x08002bf6                HAL_UART_Init
 *fill*         0x08002c96        0x2 
 .text.UART_SetConfig
                0x08002c98      0x5f8 cmake/stm32cubemx/CMakeFiles/STM32_Drivers.dir/__/__/Drivers/STM32G4xx_HAL_Driver/Src/stm32g4xx_hal_uart.c.obj
                0x08002c98                UART_SetConfig
 .text.UART_AdvFeatureConfig
                0x08003290      0x144 cmake/stm32cubemx/CMakeFiles/STM32_Drivers.dir/__/__/Drivers/STM32G4xx_HAL_Driver/Src/stm32g4xx_hal_uart.c.obj
                0x08003290                UART_AdvFeatureConfig
 .text.UART_CheckIdleState
                0x080033d4      0x154 cmake/stm32cubemx/CMakeFiles/STM32_Drivers.dir/__/__/Drivers/STM32G4xx_HAL_Driver/Src/stm32g4xx_hal_uart.c.obj
                0x080033d4                UART_CheckIdleState
 .text.UART_WaitOnFlagUntilTimeout
                0x08003528       0xda cmake/stm32cubemx/CMakeFiles/STM32_Drivers.dir/__/__/Drivers/STM32G4xx_HAL_Driver/Src/stm32g4xx_hal_uart.c.obj
                0x08003528                UART_WaitOnFlagUntilTimeout
 .text.UART_EndRxTransfer
                0x08003602       0xcc cmake/stm32cubemx/CMakeFiles/STM32_Drivers.dir/__/__/Drivers/STM32G4xx_HAL_Driver/Src/stm32g4xx_hal_uart.c.obj
 .text.HAL_UARTEx_DisableFifoMode
                0x080036ce       0x72 cmake/stm32cubemx/CMakeFiles/STM32_Drivers.dir/__/__/Drivers/STM32G4xx_HAL_Driver/Src/stm32g4xx_hal_uart_ex.c.obj
                0x080036ce                HAL_UARTEx_DisableFifoMode
 .text.HAL_UARTEx_SetTxFifoThreshold
                0x08003740       0x7c cmake/stm32cubemx/CMakeFiles/STM32_Drivers.dir/__/__/Drivers/STM32G4xx_HAL_Driver/Src/stm32g4xx_hal_uart_ex.c.obj
                0x08003740                HAL_UARTEx_SetTxFifoThreshold
 .text.HAL_UARTEx_SetRxFifoThreshold
                0x080037bc       0x7c cmake/stm32cubemx/CMakeFiles/STM32_Drivers.dir/__/__/Drivers/STM32G4xx_HAL_Driver/Src/stm32g4xx_hal_uart_ex.c.obj
                0x080037bc                HAL_UARTEx_SetRxFifoThreshold
 .text.UARTEx_SetNbDataToProcess
                0x08003838       0x9c cmake/stm32cubemx/CMakeFiles/STM32_Drivers.dir/__/__/Drivers/STM32G4xx_HAL_Driver/Src/stm32g4xx_hal_uart_ex.c.obj
 .text.HAL_OPAMP_Init
                0x080038d4      0x1a0 cmake/stm32cubemx/CMakeFiles/STM32_Drivers.dir/__/__/Drivers/STM32G4xx_HAL_Driver/Src/stm32g4xx_hal_opamp.c.obj
                0x080038d4                HAL_OPAMP_Init
 .text.LL_TIM_SetPrescaler
                0x08003a74       0x1c cmake/stm32cubemx/CMakeFiles/STM32_Drivers.dir/__/__/Drivers/STM32G4xx_HAL_Driver/Src/stm32g4xx_ll_tim.c.obj
 .text.LL_TIM_SetAutoReload
                0x08003a90       0x1c cmake/stm32cubemx/CMakeFiles/STM32_Drivers.dir/__/__/Drivers/STM32G4xx_HAL_Driver/Src/stm32g4xx_ll_tim.c.obj
 .text.LL_TIM_SetRepetitionCounter
                0x08003aac       0x1c cmake/stm32cubemx/CMakeFiles/STM32_Drivers.dir/__/__/Drivers/STM32G4xx_HAL_Driver/Src/stm32g4xx_ll_tim.c.obj
 .text.LL_TIM_GenerateEvent_UPDATE
                0x08003ac8       0x20 cmake/stm32cubemx/CMakeFiles/STM32_Drivers.dir/__/__/Drivers/STM32G4xx_HAL_Driver/Src/stm32g4xx_ll_tim.c.obj
 .text.LL_TIM_Init
                0x08003ae8      0x144 cmake/stm32cubemx/CMakeFiles/STM32_Drivers.dir/__/__/Drivers/STM32G4xx_HAL_Driver/Src/stm32g4xx_ll_tim.c.obj
                0x08003ae8                LL_TIM_Init
 .text.HAL_TIM_Base_Init
                0x08003c2c       0xae cmake/stm32cubemx/CMakeFiles/STM32_Drivers.dir/__/__/Drivers/STM32G4xx_HAL_Driver/Src/stm32g4xx_hal_tim.c.obj
                0x08003c2c                HAL_TIM_Base_Init
 *fill*         0x08003cda        0x2 
 .text.TIM_Base_SetConfig
                0x08003cdc      0x168 cmake/stm32cubemx/CMakeFiles/STM32_Drivers.dir/__/__/Drivers/STM32G4xx_HAL_Driver/Src/stm32g4xx_hal_tim.c.obj
                0x08003cdc                TIM_Base_SetConfig
 .text.HAL_TIMEx_MasterConfigSynchronization
                0x08003e44      0x12c cmake/stm32cubemx/CMakeFiles/STM32_Drivers.dir/__/__/Drivers/STM32G4xx_HAL_Driver/Src/stm32g4xx_hal_tim_ex.c.obj
                0x08003e44                HAL_TIMEx_MasterConfigSynchronization
 .text.LL_DAC_EnableDMAReq
                0x08003f70       0x2e CMakeFiles/DAC_GenerateWaveform_TriggerHW_Init.dir/Src/main.cpp.obj
 .text.LL_DAC_DMA_GetRegAddr
                0x08003f9e       0x32 CMakeFiles/DAC_GenerateWaveform_TriggerHW_Init.dir/Src/main.cpp.obj
 .text.LL_DAC_Enable
                0x08003fd0       0x2c CMakeFiles/DAC_GenerateWaveform_TriggerHW_Init.dir/Src/main.cpp.obj
 .text.LL_DAC_EnableTrigger
                0x08003ffc       0x2c CMakeFiles/DAC_GenerateWaveform_TriggerHW_Init.dir/Src/main.cpp.obj
 .text.LL_DAC_EnableIT_DMAUDR1
                0x08004028       0x20 CMakeFiles/DAC_GenerateWaveform_TriggerHW_Init.dir/Src/main.cpp.obj
 .text.LL_DAC_DisableIT_DMAUDR1
                0x08004048       0x20 CMakeFiles/DAC_GenerateWaveform_TriggerHW_Init.dir/Src/main.cpp.obj
 .text.LL_DMA_EnableChannel
                0x08004068       0x44 CMakeFiles/DAC_GenerateWaveform_TriggerHW_Init.dir/Src/main.cpp.obj
 .text.LL_DMA_SetDataLength
                0x080040ac       0x4c CMakeFiles/DAC_GenerateWaveform_TriggerHW_Init.dir/Src/main.cpp.obj
 .text.LL_DMA_ConfigAddresses
                0x080040f8       0x7c CMakeFiles/DAC_GenerateWaveform_TriggerHW_Init.dir/Src/main.cpp.obj
 .text.LL_DMA_EnableIT_TE
                0x08004174       0x44 CMakeFiles/DAC_GenerateWaveform_TriggerHW_Init.dir/Src/main.cpp.obj
 .text.LL_RCC_HSI_Enable
                0x080041b8       0x20 CMakeFiles/DAC_GenerateWaveform_TriggerHW_Init.dir/Src/main.cpp.obj
 .text.LL_RCC_HSI_IsReady
                0x080041d8       0x28 CMakeFiles/DAC_GenerateWaveform_TriggerHW_Init.dir/Src/main.cpp.obj
 .text.LL_RCC_HSI_SetCalibTrimming
                0x08004200       0x2c CMakeFiles/DAC_GenerateWaveform_TriggerHW_Init.dir/Src/main.cpp.obj
 .text.LL_RCC_SetSysClkSource
                0x0800422c       0x28 CMakeFiles/DAC_GenerateWaveform_TriggerHW_Init.dir/Src/main.cpp.obj
 .text.LL_RCC_GetSysClkSource
                0x08004254       0x1c CMakeFiles/DAC_GenerateWaveform_TriggerHW_Init.dir/Src/main.cpp.obj
 .text.LL_RCC_SetAHBPrescaler
                0x08004270       0x28 CMakeFiles/DAC_GenerateWaveform_TriggerHW_Init.dir/Src/main.cpp.obj
 .text.LL_RCC_SetAPB1Prescaler
                0x08004298       0x28 CMakeFiles/DAC_GenerateWaveform_TriggerHW_Init.dir/Src/main.cpp.obj
 .text.LL_RCC_SetAPB2Prescaler
                0x080042c0       0x28 CMakeFiles/DAC_GenerateWaveform_TriggerHW_Init.dir/Src/main.cpp.obj
 .text.LL_RCC_GetAPB1Prescaler
                0x080042e8       0x1c CMakeFiles/DAC_GenerateWaveform_TriggerHW_Init.dir/Src/main.cpp.obj
 .text.LL_RCC_PLL_Enable
                0x08004304       0x20 CMakeFiles/DAC_GenerateWaveform_TriggerHW_Init.dir/Src/main.cpp.obj
 .text.LL_RCC_PLL_IsReady
                0x08004324       0x28 CMakeFiles/DAC_GenerateWaveform_TriggerHW_Init.dir/Src/main.cpp.obj
 .text.LL_RCC_PLL_ConfigDomain_SYS
                0x0800434c       0x40 CMakeFiles/DAC_GenerateWaveform_TriggerHW_Init.dir/Src/main.cpp.obj
 .text.LL_RCC_PLL_EnableDomain_SYS
                0x0800438c       0x20 CMakeFiles/DAC_GenerateWaveform_TriggerHW_Init.dir/Src/main.cpp.obj
 .text.LL_FLASH_SetLatency
                0x080043ac       0x28 CMakeFiles/DAC_GenerateWaveform_TriggerHW_Init.dir/Src/main.cpp.obj
 .text.LL_FLASH_GetLatency
                0x080043d4       0x1c CMakeFiles/DAC_GenerateWaveform_TriggerHW_Init.dir/Src/main.cpp.obj
 .text.LL_PWR_SetRegulVoltageScaling
                0x080043f0       0x28 CMakeFiles/DAC_GenerateWaveform_TriggerHW_Init.dir/Src/main.cpp.obj
 .text.LL_TIM_EnableCounter
                0x08004418       0x20 CMakeFiles/DAC_GenerateWaveform_TriggerHW_Init.dir/Src/main.cpp.obj
 .text.LL_GPIO_SetOutputPin
                0x08004438       0x1c CMakeFiles/DAC_GenerateWaveform_TriggerHW_Init.dir/Src/main.cpp.obj
 .text.LL_GPIO_ResetOutputPin
                0x08004454       0x1c CMakeFiles/DAC_GenerateWaveform_TriggerHW_Init.dir/Src/main.cpp.obj
 .text.LL_GPIO_TogglePin
                0x08004470       0x32 CMakeFiles/DAC_GenerateWaveform_TriggerHW_Init.dir/Src/main.cpp.obj
 *fill*         0x080044a2        0x2 
 .text.main     0x080044a4       0xcc CMakeFiles/DAC_GenerateWaveform_TriggerHW_Init.dir/Src/main.cpp.obj
                0x080044a4                main
 .text._Z18SystemClock_Configv
                0x08004570       0xf0 CMakeFiles/DAC_GenerateWaveform_TriggerHW_Init.dir/Src/main.cpp.obj
                0x08004570                SystemClock_Config()
 .text._Z12Activate_DACv
                0x08004660       0x68 CMakeFiles/DAC_GenerateWaveform_TriggerHW_Init.dir/Src/main.cpp.obj
                0x08004660                Activate_DAC()
 .text.UserButton_Callback
                0x080046c8       0x2c CMakeFiles/DAC_GenerateWaveform_TriggerHW_Init.dir/Src/main.cpp.obj
                0x080046c8                UserButton_Callback
 .text.DacDmaTransferError_Callback
                0x080046f4       0x10 CMakeFiles/DAC_GenerateWaveform_TriggerHW_Init.dir/Src/main.cpp.obj
                0x080046f4                DacDmaTransferError_Callback
 .text.DacUnderrunError_Callback
                0x08004704       0x1c CMakeFiles/DAC_GenerateWaveform_TriggerHW_Init.dir/Src/main.cpp.obj
                0x08004704                DacUnderrunError_Callback
 .text._Z6LED_Onv
                0x08004720       0x12 CMakeFiles/DAC_GenerateWaveform_TriggerHW_Init.dir/Src/main.cpp.obj
                0x08004720                LED_On()
 .text._Z7LED_Offv
                0x08004732       0x12 CMakeFiles/DAC_GenerateWaveform_TriggerHW_Init.dir/Src/main.cpp.obj
                0x08004732                LED_Off()
 .text._Z12LED_Blinkingm
                0x08004744       0x26 CMakeFiles/DAC_GenerateWaveform_TriggerHW_Init.dir/Src/main.cpp.obj
                0x08004744                LED_Blinking(unsigned long)
 *fill*         0x0800476a        0x2 
 .text._Z22WaitForUserButtonPressv
                0x0800476c       0x38 CMakeFiles/DAC_GenerateWaveform_TriggerHW_Init.dir/Src/main.cpp.obj
                0x0800476c                WaitForUserButtonPress()
 .text._Z30TIM_PrescalerReloadCalculationv
                0x080047a4       0x9c CMakeFiles/DAC_GenerateWaveform_TriggerHW_Init.dir/Src/main.cpp.obj
                0x080047a4                TIM_PrescalerReloadCalculation()
 .text.Error_Handler
                0x08004840        0xe CMakeFiles/DAC_GenerateWaveform_TriggerHW_Init.dir/Src/main.cpp.obj
                0x08004840                Error_Handler
 *fill*         0x0800484e        0x2 
 .text.__NVIC_GetPriorityGrouping
                0x08004850       0x1c CMakeFiles/DAC_GenerateWaveform_TriggerHW_Init.dir/Src/gpio.c.obj
 .text.__NVIC_EnableIRQ
                0x0800486c       0x3c CMakeFiles/DAC_GenerateWaveform_TriggerHW_Init.dir/Src/gpio.c.obj
 .text.__NVIC_SetPriority
                0x080048a8       0x54 CMakeFiles/DAC_GenerateWaveform_TriggerHW_Init.dir/Src/gpio.c.obj
 .text.NVIC_EncodePriority
                0x080048fc       0x66 CMakeFiles/DAC_GenerateWaveform_TriggerHW_Init.dir/Src/gpio.c.obj
 *fill*         0x08004962        0x2 
 .text.LL_AHB2_GRP1_EnableClock
                0x08004964       0x30 CMakeFiles/DAC_GenerateWaveform_TriggerHW_Init.dir/Src/gpio.c.obj
 .text.LL_SYSCFG_SetEXTISource
                0x08004994       0x70 CMakeFiles/DAC_GenerateWaveform_TriggerHW_Init.dir/Src/gpio.c.obj
 .text.LL_GPIO_SetPinMode
                0x08004a04       0x7a CMakeFiles/DAC_GenerateWaveform_TriggerHW_Init.dir/Src/gpio.c.obj
 .text.LL_GPIO_SetPinPull
                0x08004a7e       0x7a CMakeFiles/DAC_GenerateWaveform_TriggerHW_Init.dir/Src/gpio.c.obj
 .text.LL_GPIO_SetOutputPin
                0x08004af8       0x1c CMakeFiles/DAC_GenerateWaveform_TriggerHW_Init.dir/Src/gpio.c.obj
 .text.LL_GPIO_ResetOutputPin
                0x08004b14       0x1c CMakeFiles/DAC_GenerateWaveform_TriggerHW_Init.dir/Src/gpio.c.obj
 .text.MX_GPIO_Init
                0x08004b30      0x1a0 CMakeFiles/DAC_GenerateWaveform_TriggerHW_Init.dir/Src/gpio.c.obj
                0x08004b30                MX_GPIO_Init
 .text.LL_RCC_SetADCClockSource
                0x08004cd0       0x48 CMakeFiles/DAC_GenerateWaveform_TriggerHW_Init.dir/Src/adc.c.obj
 .text.MX_ADC1_Init
                0x08004d18       0xfc CMakeFiles/DAC_GenerateWaveform_TriggerHW_Init.dir/Src/adc.c.obj
                0x08004d18                MX_ADC1_Init
 .text.MX_ADC2_Init
                0x08004e14       0xc0 CMakeFiles/DAC_GenerateWaveform_TriggerHW_Init.dir/Src/adc.c.obj
                0x08004e14                MX_ADC2_Init
 .text.HAL_ADC_MspInit
                0x08004ed4       0xf8 CMakeFiles/DAC_GenerateWaveform_TriggerHW_Init.dir/Src/adc.c.obj
                0x08004ed4                HAL_ADC_MspInit
 .text.__NVIC_GetPriorityGrouping
                0x08004fcc       0x1c CMakeFiles/DAC_GenerateWaveform_TriggerHW_Init.dir/Src/dac.c.obj
 .text.__NVIC_EnableIRQ
                0x08004fe8       0x3c CMakeFiles/DAC_GenerateWaveform_TriggerHW_Init.dir/Src/dac.c.obj
 .text.__NVIC_SetPriority
                0x08005024       0x54 CMakeFiles/DAC_GenerateWaveform_TriggerHW_Init.dir/Src/dac.c.obj
 .text.NVIC_EncodePriority
                0x08005078       0x66 CMakeFiles/DAC_GenerateWaveform_TriggerHW_Init.dir/Src/dac.c.obj
 .text.LL_DAC_SetSignedFormat
                0x080050de       0x40 CMakeFiles/DAC_GenerateWaveform_TriggerHW_Init.dir/Src/dac.c.obj
 .text.LL_DAC_DisableDMADoubleDataMode
                0x0800511e       0x30 CMakeFiles/DAC_GenerateWaveform_TriggerHW_Init.dir/Src/dac.c.obj
 .text.LL_DAC_EnableTrigger
                0x0800514e       0x2c CMakeFiles/DAC_GenerateWaveform_TriggerHW_Init.dir/Src/dac.c.obj
 *fill*         0x0800517a        0x2 
 .text.LL_DMA_SetDataTransferDirection
                0x0800517c       0x50 CMakeFiles/DAC_GenerateWaveform_TriggerHW_Init.dir/Src/dac.c.obj
 .text.LL_DMA_SetMode
                0x080051cc       0x4c CMakeFiles/DAC_GenerateWaveform_TriggerHW_Init.dir/Src/dac.c.obj
 .text.LL_DMA_SetPeriphIncMode
                0x08005218       0x4c CMakeFiles/DAC_GenerateWaveform_TriggerHW_Init.dir/Src/dac.c.obj
 .text.LL_DMA_SetMemoryIncMode
                0x08005264       0x4c CMakeFiles/DAC_GenerateWaveform_TriggerHW_Init.dir/Src/dac.c.obj
 .text.LL_DMA_SetPeriphSize
                0x080052b0       0x4c CMakeFiles/DAC_GenerateWaveform_TriggerHW_Init.dir/Src/dac.c.obj
 .text.LL_DMA_SetMemorySize
                0x080052fc       0x4c CMakeFiles/DAC_GenerateWaveform_TriggerHW_Init.dir/Src/dac.c.obj
 .text.LL_DMA_SetChannelPriorityLevel
                0x08005348       0x4c CMakeFiles/DAC_GenerateWaveform_TriggerHW_Init.dir/Src/dac.c.obj
 .text.LL_DMA_SetPeriphRequest
                0x08005394       0x54 CMakeFiles/DAC_GenerateWaveform_TriggerHW_Init.dir/Src/dac.c.obj
 .text.LL_AHB2_GRP1_EnableClock
                0x080053e8       0x30 CMakeFiles/DAC_GenerateWaveform_TriggerHW_Init.dir/Src/dac.c.obj
 .text.MX_DAC1_Init
                0x08005418      0x11c CMakeFiles/DAC_GenerateWaveform_TriggerHW_Init.dir/Src/dac.c.obj
                0x08005418                MX_DAC1_Init
 .text.__NVIC_GetPriorityGrouping
                0x08005534       0x1c CMakeFiles/DAC_GenerateWaveform_TriggerHW_Init.dir/Src/dma.c.obj
 .text.__NVIC_EnableIRQ
                0x08005550       0x3c CMakeFiles/DAC_GenerateWaveform_TriggerHW_Init.dir/Src/dma.c.obj
 .text.__NVIC_SetPriority
                0x0800558c       0x54 CMakeFiles/DAC_GenerateWaveform_TriggerHW_Init.dir/Src/dma.c.obj
 .text.NVIC_EncodePriority
                0x080055e0       0x66 CMakeFiles/DAC_GenerateWaveform_TriggerHW_Init.dir/Src/dma.c.obj
 *fill*         0x08005646        0x2 
 .text.LL_AHB1_GRP1_EnableClock
                0x08005648       0x30 CMakeFiles/DAC_GenerateWaveform_TriggerHW_Init.dir/Src/dma.c.obj
 .text.MX_DMA_Init
                0x08005678       0x44 CMakeFiles/DAC_GenerateWaveform_TriggerHW_Init.dir/Src/dma.c.obj
                0x08005678                MX_DMA_Init
 .text.LL_RCC_SetUSARTClockSource
                0x080056bc       0x34 CMakeFiles/DAC_GenerateWaveform_TriggerHW_Init.dir/Src/usart.c.obj
 .text.LL_RCC_SetLPUARTClockSource
                0x080056f0       0x2c CMakeFiles/DAC_GenerateWaveform_TriggerHW_Init.dir/Src/usart.c.obj
 .text.MX_LPUART1_UART_Init
                0x0800571c       0x94 CMakeFiles/DAC_GenerateWaveform_TriggerHW_Init.dir/Src/usart.c.obj
                0x0800571c                MX_LPUART1_UART_Init
 .text.MX_USART1_UART_Init
                0x080057b0       0x98 CMakeFiles/DAC_GenerateWaveform_TriggerHW_Init.dir/Src/usart.c.obj
                0x080057b0                MX_USART1_UART_Init
 .text.HAL_UART_MspInit
                0x08005848       0xf4 CMakeFiles/DAC_GenerateWaveform_TriggerHW_Init.dir/Src/usart.c.obj
                0x08005848                HAL_UART_MspInit
 .text.MX_OPAMP1_Init
                0x0800593c       0x4c CMakeFiles/DAC_GenerateWaveform_TriggerHW_Init.dir/Src/opamp.c.obj
                0x0800593c                MX_OPAMP1_Init
 .text.MX_OPAMP2_Init
                0x08005988       0x4c CMakeFiles/DAC_GenerateWaveform_TriggerHW_Init.dir/Src/opamp.c.obj
                0x08005988                MX_OPAMP2_Init
 .text.HAL_OPAMP_MspInit
                0x080059d4       0xa8 CMakeFiles/DAC_GenerateWaveform_TriggerHW_Init.dir/Src/opamp.c.obj
                0x080059d4                HAL_OPAMP_MspInit
 .text.__NVIC_GetPriorityGrouping
                0x08005a7c       0x1c CMakeFiles/DAC_GenerateWaveform_TriggerHW_Init.dir/Src/tim.c.obj
 .text.__NVIC_EnableIRQ
                0x08005a98       0x3c CMakeFiles/DAC_GenerateWaveform_TriggerHW_Init.dir/Src/tim.c.obj
 .text.__NVIC_SetPriority
                0x08005ad4       0x54 CMakeFiles/DAC_GenerateWaveform_TriggerHW_Init.dir/Src/tim.c.obj
 .text.NVIC_EncodePriority
                0x08005b28       0x66 CMakeFiles/DAC_GenerateWaveform_TriggerHW_Init.dir/Src/tim.c.obj
 *fill*         0x08005b8e        0x2 
 .text.LL_APB1_GRP1_EnableClock
                0x08005b90       0x30 CMakeFiles/DAC_GenerateWaveform_TriggerHW_Init.dir/Src/tim.c.obj
 .text.LL_TIM_DisableARRPreload
                0x08005bc0       0x20 CMakeFiles/DAC_GenerateWaveform_TriggerHW_Init.dir/Src/tim.c.obj
 .text.LL_TIM_SetTriggerOutput
                0x08005be0       0x2a CMakeFiles/DAC_GenerateWaveform_TriggerHW_Init.dir/Src/tim.c.obj
 .text.LL_TIM_DisableMasterSlaveMode
                0x08005c0a       0x20 CMakeFiles/DAC_GenerateWaveform_TriggerHW_Init.dir/Src/tim.c.obj
 *fill*         0x08005c2a        0x2 
 .text.MX_TIM6_Init
                0x08005c2c       0x80 CMakeFiles/DAC_GenerateWaveform_TriggerHW_Init.dir/Src/tim.c.obj
                0x08005c2c                MX_TIM6_Init
 .text.MX_TIM7_Init
                0x08005cac       0x74 CMakeFiles/DAC_GenerateWaveform_TriggerHW_Init.dir/Src/tim.c.obj
                0x08005cac                MX_TIM7_Init
 .text.HAL_TIM_Base_MspInit
                0x08005d20       0x40 CMakeFiles/DAC_GenerateWaveform_TriggerHW_Init.dir/Src/tim.c.obj
                0x08005d20                HAL_TIM_Base_MspInit
 .text.LL_DAC_IsActiveFlag_DMAUDR1
                0x08005d60       0x28 CMakeFiles/DAC_GenerateWaveform_TriggerHW_Init.dir/Src/stm32g4xx_it.c.obj
 .text.LL_DAC_ClearFlag_DMAUDR1
                0x08005d88       0x1c CMakeFiles/DAC_GenerateWaveform_TriggerHW_Init.dir/Src/stm32g4xx_it.c.obj
 .text.LL_DMA_IsActiveFlag_TE3
                0x08005da4       0x28 CMakeFiles/DAC_GenerateWaveform_TriggerHW_Init.dir/Src/stm32g4xx_it.c.obj
 .text.LL_DMA_ClearFlag_TE3
                0x08005dcc       0x1c CMakeFiles/DAC_GenerateWaveform_TriggerHW_Init.dir/Src/stm32g4xx_it.c.obj
 .text.LL_EXTI_IsActiveFlag_0_31
                0x08005de8       0x2c CMakeFiles/DAC_GenerateWaveform_TriggerHW_Init.dir/Src/stm32g4xx_it.c.obj
 .text.LL_EXTI_ClearFlag_0_31
                0x08005e14       0x20 CMakeFiles/DAC_GenerateWaveform_TriggerHW_Init.dir/Src/stm32g4xx_it.c.obj
 .text.NMI_Handler
                0x08005e34        0xe CMakeFiles/DAC_GenerateWaveform_TriggerHW_Init.dir/Src/stm32g4xx_it.c.obj
                0x08005e34                NMI_Handler
 .text.HardFault_Handler
                0x08005e42        0x8 CMakeFiles/DAC_GenerateWaveform_TriggerHW_Init.dir/Src/stm32g4xx_it.c.obj
                0x08005e42                HardFault_Handler
 .text.MemManage_Handler
                0x08005e4a        0x8 CMakeFiles/DAC_GenerateWaveform_TriggerHW_Init.dir/Src/stm32g4xx_it.c.obj
                0x08005e4a                MemManage_Handler
 .text.BusFault_Handler
                0x08005e52        0x8 CMakeFiles/DAC_GenerateWaveform_TriggerHW_Init.dir/Src/stm32g4xx_it.c.obj
                0x08005e52                BusFault_Handler
 .text.UsageFault_Handler
                0x08005e5a        0x8 CMakeFiles/DAC_GenerateWaveform_TriggerHW_Init.dir/Src/stm32g4xx_it.c.obj
                0x08005e5a                UsageFault_Handler
 .text.SVC_Handler
                0x08005e62        0xe CMakeFiles/DAC_GenerateWaveform_TriggerHW_Init.dir/Src/stm32g4xx_it.c.obj
                0x08005e62                SVC_Handler
 .text.DebugMon_Handler
                0x08005e70        0xe CMakeFiles/DAC_GenerateWaveform_TriggerHW_Init.dir/Src/stm32g4xx_it.c.obj
                0x08005e70                DebugMon_Handler
 .text.PendSV_Handler
                0x08005e7e        0xe CMakeFiles/DAC_GenerateWaveform_TriggerHW_Init.dir/Src/stm32g4xx_it.c.obj
                0x08005e7e                PendSV_Handler
 .text.SysTick_Handler
                0x08005e8c        0xc CMakeFiles/DAC_GenerateWaveform_TriggerHW_Init.dir/Src/stm32g4xx_it.c.obj
                0x08005e8c                SysTick_Handler
 .text.DMA1_Channel1_IRQHandler
                0x08005e98       0x14 CMakeFiles/DAC_GenerateWaveform_TriggerHW_Init.dir/Src/stm32g4xx_it.c.obj
                0x08005e98                DMA1_Channel1_IRQHandler
 .text.DMA1_Channel3_IRQHandler
                0x08005eac       0x24 CMakeFiles/DAC_GenerateWaveform_TriggerHW_Init.dir/Src/stm32g4xx_it.c.obj
                0x08005eac                DMA1_Channel3_IRQHandler
 .text.EXTI15_10_IRQHandler
                0x08005ed0       0x22 CMakeFiles/DAC_GenerateWaveform_TriggerHW_Init.dir/Src/stm32g4xx_it.c.obj
                0x08005ed0                EXTI15_10_IRQHandler
 *fill*         0x08005ef2        0x2 
 .text.TIM6_DAC_IRQHandler
                0x08005ef4       0x24 CMakeFiles/DAC_GenerateWaveform_TriggerHW_Init.dir/Src/stm32g4xx_it.c.obj
                0x08005ef4                TIM6_DAC_IRQHandler
 .text.HAL_MspInit
                0x08005f18       0x48 CMakeFiles/DAC_GenerateWaveform_TriggerHW_Init.dir/Src/stm32g4xx_hal_msp.c.obj
                0x08005f18                HAL_MspInit
 .text.Reset_Handler
                0x08005f60       0x50 CMakeFiles/DAC_GenerateWaveform_TriggerHW_Init.dir/startup_stm32g474xx.s.obj
                0x08005f60                Reset_Handler
 .text.Default_Handler
                0x08005fb0        0x2 CMakeFiles/DAC_GenerateWaveform_TriggerHW_Init.dir/startup_stm32g474xx.s.obj
                0x08005fb0                RTC_Alarm_IRQHandler
                0x08005fb0                EXTI2_IRQHandler
                0x08005fb0                TIM8_TRG_COM_IRQHandler
                0x08005fb0                TIM8_CC_IRQHandler
                0x08005fb0                HRTIM1_Master_IRQHandler
                0x08005fb0                SPI4_IRQHandler
                0x08005fb0                FDCAN3_IT0_IRQHandler
                0x08005fb0                TIM1_CC_IRQHandler
                0x08005fb0                HRTIM1_FLT_IRQHandler
                0x08005fb0                HRTIM1_TIMF_IRQHandler
                0x08005fb0                USB_HP_IRQHandler
                0x08005fb0                CORDIC_IRQHandler
                0x08005fb0                HRTIM1_TIMD_IRQHandler
                0x08005fb0                DMA2_Channel8_IRQHandler
                0x08005fb0                EXTI3_IRQHandler
                0x08005fb0                I2C3_ER_IRQHandler
                0x08005fb0                EXTI0_IRQHandler
                0x08005fb0                I2C2_EV_IRQHandler
                0x08005fb0                FPU_IRQHandler
                0x08005fb0                FDCAN1_IT1_IRQHandler
                0x08005fb0                TIM1_UP_TIM16_IRQHandler
                0x08005fb0                ADC1_2_IRQHandler
                0x08005fb0                HRTIM1_TIME_IRQHandler
                0x08005fb0                SPI1_IRQHandler
                0x08005fb0                HRTIM1_TIMC_IRQHandler
                0x08005fb0                TIM8_UP_IRQHandler
                0x08005fb0                DMA2_Channel2_IRQHandler
                0x08005fb0                DMA1_Channel4_IRQHandler
                0x08005fb0                TIM20_TRG_COM_IRQHandler
                0x08005fb0                USART3_IRQHandler
                0x08005fb0                DMA1_Channel7_IRQHandler
                0x08005fb0                UART5_IRQHandler
                0x08005fb0                ADC3_IRQHandler
                0x08005fb0                TIM4_IRQHandler
                0x08005fb0                DMA2_Channel1_IRQHandler
                0x08005fb0                QUADSPI_IRQHandler
                0x08005fb0                I2C1_EV_IRQHandler
                0x08005fb0                DMA1_Channel6_IRQHandler
                0x08005fb0                UART4_IRQHandler
                0x08005fb0                DMA2_Channel4_IRQHandler
                0x08005fb0                TIM3_IRQHandler
                0x08005fb0                RCC_IRQHandler
                0x08005fb0                TIM20_UP_IRQHandler
                0x08005fb0                Default_Handler
                0x08005fb0                DMA2_Channel7_IRQHandler
                0x08005fb0                RTC_TAMP_LSECSS_IRQHandler
                0x08005fb0                FMAC_IRQHandler
                0x08005fb0                DMA1_Channel8_IRQHandler
                0x08005fb0                HRTIM1_TIMA_IRQHandler
                0x08005fb0                TIM7_DAC_IRQHandler
                0x08005fb0                FDCAN3_IT1_IRQHandler
                0x08005fb0                TIM5_IRQHandler
                0x08005fb0                UCPD1_IRQHandler
                0x08005fb0                I2C3_EV_IRQHandler
                0x08005fb0                EXTI9_5_IRQHandler
                0x08005fb0                RTC_WKUP_IRQHandler
                0x08005fb0                PVD_PVM_IRQHandler
                0x08005fb0                SPI2_IRQHandler
                0x08005fb0                ADC5_IRQHandler
                0x08005fb0                DMA2_Channel5_IRQHandler
                0x08005fb0                CRS_IRQHandler
                0x08005fb0                DMA1_Channel5_IRQHandler
                0x08005fb0                USB_LP_IRQHandler
                0x08005fb0                EXTI4_IRQHandler
                0x08005fb0                RNG_IRQHandler
                0x08005fb0                HRTIM1_TIMB_IRQHandler
                0x08005fb0                TIM1_TRG_COM_TIM17_IRQHandler
                0x08005fb0                FDCAN2_IT1_IRQHandler
                0x08005fb0                ADC4_IRQHandler
                0x08005fb0                WWDG_IRQHandler
                0x08005fb0                I2C4_EV_IRQHandler
                0x08005fb0                FDCAN2_IT0_IRQHandler
                0x08005fb0                LPUART1_IRQHandler
                0x08005fb0                DMA2_Channel6_IRQHandler
                0x08005fb0                FDCAN1_IT0_IRQHandler
                0x08005fb0                TIM2_IRQHandler
                0x08005fb0                COMP7_IRQHandler
                0x08005fb0                COMP1_2_3_IRQHandler
                0x08005fb0                EXTI1_IRQHandler
                0x08005fb0                USART2_IRQHandler
                0x08005fb0                COMP4_5_6_IRQHandler
                0x08005fb0                TIM20_BRK_IRQHandler
                0x08005fb0                I2C2_ER_IRQHandler
                0x08005fb0                DMA1_Channel2_IRQHandler
                0x08005fb0                TIM8_BRK_IRQHandler
                0x08005fb0                FLASH_IRQHandler
                0x08005fb0                TIM20_CC_IRQHandler
                0x08005fb0                USART1_IRQHandler
                0x08005fb0                SPI3_IRQHandler
                0x08005fb0                I2C1_ER_IRQHandler
                0x08005fb0                FMC_IRQHandler
                0x08005fb0                LPTIM1_IRQHandler
                0x08005fb0                DMAMUX_OVR_IRQHandler
                0x08005fb0                I2C4_ER_IRQHandler
                0x08005fb0                USBWakeUp_IRQHandler
                0x08005fb0                SAI1_IRQHandler
                0x08005fb0                DMA2_Channel3_IRQHandler
                0x08005fb0                TIM1_BRK_TIM15_IRQHandler
 .text.memset   0x08005fb2       0x10 /home/patrik/programs/STM32CubeCLT/GNU-tools-for-STM32/bin/../lib/gcc/arm-none-eabi/13.3.1/../../../../arm-none-eabi/lib/thumb/v7e-m+fp/hard/libc_nano.a(libc_a-memset.o)
                0x08005fb2                memset
 *fill*         0x08005fc2        0x2 
 .text.__libc_init_array
                0x08005fc4       0x48 /home/patrik/programs/STM32CubeCLT/GNU-tools-for-STM32/bin/../lib/gcc/arm-none-eabi/13.3.1/../../../../arm-none-eabi/lib/thumb/v7e-m+fp/hard/libc_nano.a(libc_a-init.o)
                0x08005fc4                __libc_init_array
 *(.glue_7)
 .glue_7        0x0800600c        0x0 linker stubs
 *(.glue_7t)
 .glue_7t       0x0800600c        0x0 linker stubs
 *(.eh_frame)
 .eh_frame      0x0800600c        0x0 /home/patrik/programs/STM32CubeCLT/GNU-tools-for-STM32/bin/../lib/gcc/arm-none-eabi/13.3.1/thumb/v7e-m+fp/hard/crtbegin.o
 *(.init)
 .init          0x0800600c        0x4 /home/patrik/programs/STM32CubeCLT/GNU-tools-for-STM32/bin/../lib/gcc/arm-none-eabi/13.3.1/thumb/v7e-m+fp/hard/crti.o
                0x0800600c                _init
 .init          0x08006010        0x8 /home/patrik/programs/STM32CubeCLT/GNU-tools-for-STM32/bin/../lib/gcc/arm-none-eabi/13.3.1/thumb/v7e-m+fp/hard/crtn.o
 *(.fini)
 .fini          0x08006018        0x4 /home/patrik/programs/STM32CubeCLT/GNU-tools-for-STM32/bin/../lib/gcc/arm-none-eabi/13.3.1/thumb/v7e-m+fp/hard/crti.o
                0x08006018                _fini
 .fini          0x0800601c        0x8 /home/patrik/programs/STM32CubeCLT/GNU-tools-for-STM32/bin/../lib/gcc/arm-none-eabi/13.3.1/thumb/v7e-m+fp/hard/crtn.o
                0x08006024                        . = ALIGN (0x4)
                0x08006024                        _etext = .

.vfp11_veneer   0x08006024        0x0
 .vfp11_veneer  0x08006024        0x0 linker stubs

.v4_bx          0x08006024        0x0
 .v4_bx         0x08006024        0x0 linker stubs

.iplt           0x08006024        0x0
 .iplt          0x08006024        0x0 /home/patrik/programs/STM32CubeCLT/GNU-tools-for-STM32/bin/../lib/gcc/arm-none-eabi/13.3.1/thumb/v7e-m+fp/hard/crtbegin.o

.rodata         0x08006024       0x80
                0x08006024                        . = ALIGN (0x4)
 *(.rodata)
 *(.rodata*)
 .rodata.APBPrescTable
                0x08006024        0x8 cmake/stm32cubemx/CMakeFiles/STM32_Drivers.dir/__/__/Src/system_stm32g4xx.c.obj
                0x08006024                APBPrescTable
 .rodata.UARTPrescTable
                0x0800602c       0x18 cmake/stm32cubemx/CMakeFiles/STM32_Drivers.dir/__/__/Drivers/STM32G4xx_HAL_Driver/Src/stm32g4xx_hal_uart.c.obj
                0x0800602c                UARTPrescTable
 .rodata.numerator.1
                0x08006044        0x8 cmake/stm32cubemx/CMakeFiles/STM32_Drivers.dir/__/__/Drivers/STM32G4xx_HAL_Driver/Src/stm32g4xx_hal_uart_ex.c.obj
 .rodata.denominator.0
                0x0800604c        0x8 cmake/stm32cubemx/CMakeFiles/STM32_Drivers.dir/__/__/Drivers/STM32G4xx_HAL_Driver/Src/stm32g4xx_hal_uart_ex.c.obj
 .rodata._ZL18CHANNEL_OFFSET_TAB
                0x08006054        0x8 CMakeFiles/DAC_GenerateWaveform_TriggerHW_Init.dir/Src/main.cpp.obj
 .rodata._ZL29WaveformSine_12bits_32samples
                0x0800605c       0x40 CMakeFiles/DAC_GenerateWaveform_TriggerHW_Init.dir/Src/main.cpp.obj
 .rodata.CHANNEL_OFFSET_TAB
                0x0800609c        0x8 CMakeFiles/DAC_GenerateWaveform_TriggerHW_Init.dir/Src/dac.c.obj
                0x080060a4                        . = ALIGN (0x4)

.ARM.extab      0x080060a4        0x0
                0x080060a4                        . = ALIGN (0x4)
 *(.ARM.extab* .gnu.linkonce.armextab.*)
                0x080060a4                        . = ALIGN (0x4)

.ARM            0x080060a4        0x8
                0x080060a4                        . = ALIGN (0x4)
                0x080060a4                        __exidx_start = .
 *(.ARM.exidx*)
 .ARM.exidx     0x080060a4        0x8 /home/patrik/programs/STM32CubeCLT/GNU-tools-for-STM32/bin/../lib/gcc/arm-none-eabi/13.3.1/thumb/v7e-m+fp/hard/libgcc.a(_udivmoddi4.o)
                0x080060ac                        __exidx_end = .
                0x080060ac                        . = ALIGN (0x4)

.preinit_array  0x080060ac        0x0
                0x080060ac                        . = ALIGN (0x4)
                0x080060ac                        PROVIDE (__preinit_array_start = .)
 *(.preinit_array*)
                0x080060ac                        PROVIDE (__preinit_array_end = .)
                0x080060ac                        . = ALIGN (0x4)

.init_array     0x080060ac        0x4
                0x080060ac                        . = ALIGN (0x4)
                0x080060ac                        PROVIDE (__init_array_start = .)
 *(SORT_BY_NAME(.init_array.*))
 *(.init_array*)
 .init_array    0x080060ac        0x4 /home/patrik/programs/STM32CubeCLT/GNU-tools-for-STM32/bin/../lib/gcc/arm-none-eabi/13.3.1/thumb/v7e-m+fp/hard/crtbegin.o
                0x080060b0                        PROVIDE (__init_array_end = .)
                0x080060b0                        . = ALIGN (0x4)

.fini_array     0x080060b0        0x4
                0x080060b0                        . = ALIGN (0x4)
                [!provide]                        PROVIDE (__fini_array_start = .)
 *(SORT_BY_NAME(.fini_array.*))
 *(.fini_array*)
 .fini_array    0x080060b0        0x4 /home/patrik/programs/STM32CubeCLT/GNU-tools-for-STM32/bin/../lib/gcc/arm-none-eabi/13.3.1/thumb/v7e-m+fp/hard/crtbegin.o
                [!provide]                        PROVIDE (__fini_array_end = .)
                0x080060b4                        . = ALIGN (0x4)
                0x080060b4                        _sidata = LOADADDR (.data)

.rel.dyn        0x080060b4        0x0
 .rel.iplt      0x080060b4        0x0 /home/patrik/programs/STM32CubeCLT/GNU-tools-for-STM32/bin/../lib/gcc/arm-none-eabi/13.3.1/thumb/v7e-m+fp/hard/crtbegin.o

.data           0x20000000        0xc load address 0x080060b4
                0x20000000                        . = ALIGN (0x4)
                0x20000000                        _sdata = .
 *(.data)
 *(.data*)
 .data.SystemCoreClock
                0x20000000        0x4 cmake/stm32cubemx/CMakeFiles/STM32_Drivers.dir/__/__/Src/system_stm32g4xx.c.obj
                0x20000000                SystemCoreClock
 .data.uwTickPrio
                0x20000004        0x4 cmake/stm32cubemx/CMakeFiles/STM32_Drivers.dir/__/__/Drivers/STM32G4xx_HAL_Driver/Src/stm32g4xx_hal.c.obj
                0x20000004                uwTickPrio
 .data.uwTickFreq
                0x20000008        0x4 cmake/stm32cubemx/CMakeFiles/STM32_Drivers.dir/__/__/Drivers/STM32G4xx_HAL_Driver/Src/stm32g4xx_hal.c.obj
                0x20000008                uwTickFreq
 *(.RamFunc)
 *(.RamFunc*)
                0x2000000c                        . = ALIGN (0x4)
                0x2000000c                        _edata = .

.igot.plt       0x2000000c        0x0 load address 0x080060c0
 .igot.plt      0x2000000c        0x0 /home/patrik/programs/STM32CubeCLT/GNU-tools-for-STM32/bin/../lib/gcc/arm-none-eabi/13.3.1/thumb/v7e-m+fp/hard/crtbegin.o
                0x2000000c                        . = ALIGN (0x4)

.bss            0x2000000c      0x354 load address 0x080060c0
                0x2000000c                        _sbss = .
                0x2000000c                        __bss_start__ = _sbss
 *(.bss)
 .bss           0x2000000c       0x1c /home/patrik/programs/STM32CubeCLT/GNU-tools-for-STM32/bin/../lib/gcc/arm-none-eabi/13.3.1/thumb/v7e-m+fp/hard/crtbegin.o
 *(.bss*)
 .bss.uwTick    0x20000028        0x4 cmake/stm32cubemx/CMakeFiles/STM32_Drivers.dir/__/__/Drivers/STM32G4xx_HAL_Driver/Src/stm32g4xx_hal.c.obj
                0x20000028                uwTick
 .bss.ubButtonPress
                0x2000002c        0x1 CMakeFiles/DAC_GenerateWaveform_TriggerHW_Init.dir/Src/main.cpp.obj
                0x2000002c                ubButtonPress
 *fill*         0x2000002d        0x3 
 .bss.timer_prescaler
                0x20000030        0x4 CMakeFiles/DAC_GenerateWaveform_TriggerHW_Init.dir/Src/main.cpp.obj
                0x20000030                timer_prescaler
 .bss.timer_reload
                0x20000034        0x4 CMakeFiles/DAC_GenerateWaveform_TriggerHW_Init.dir/Src/main.cpp.obj
                0x20000034                timer_reload
 .bss.hadc1     0x20000038       0x6c CMakeFiles/DAC_GenerateWaveform_TriggerHW_Init.dir/Src/adc.c.obj
                0x20000038                hadc1
 .bss.hadc2     0x200000a4       0x6c CMakeFiles/DAC_GenerateWaveform_TriggerHW_Init.dir/Src/adc.c.obj
                0x200000a4                hadc2
 .bss.hdma_adc1
                0x20000110       0x60 CMakeFiles/DAC_GenerateWaveform_TriggerHW_Init.dir/Src/adc.c.obj
                0x20000110                hdma_adc1
 .bss.HAL_RCC_ADC12_CLK_ENABLED
                0x20000170        0x4 CMakeFiles/DAC_GenerateWaveform_TriggerHW_Init.dir/Src/adc.c.obj
 .bss.hlpuart1  0x20000174       0x94 CMakeFiles/DAC_GenerateWaveform_TriggerHW_Init.dir/Src/usart.c.obj
                0x20000174                hlpuart1
 .bss.huart1    0x20000208       0x94 CMakeFiles/DAC_GenerateWaveform_TriggerHW_Init.dir/Src/usart.c.obj
                0x20000208                huart1
 .bss.hopamp1   0x2000029c       0x3c CMakeFiles/DAC_GenerateWaveform_TriggerHW_Init.dir/Src/opamp.c.obj
                0x2000029c                hopamp1
 .bss.hopamp2   0x200002d8       0x3c CMakeFiles/DAC_GenerateWaveform_TriggerHW_Init.dir/Src/opamp.c.obj
                0x200002d8                hopamp2
 .bss.htim7     0x20000314       0x4c CMakeFiles/DAC_GenerateWaveform_TriggerHW_Init.dir/Src/tim.c.obj
                0x20000314                htim7
 *(COMMON)
                0x20000360                        . = ALIGN (0x4)
                0x20000360                        _ebss = .
                0x20000360                        __bss_end__ = _ebss

._user_heap_stack
                0x20000360      0x600 load address 0x080060c0
                0x20000360                        . = ALIGN (0x8)
                [!provide]                        PROVIDE (end = .)
                0x20000360                        PROVIDE (_end = .)
                0x20000560                        . = (. + _Min_Heap_Size)
 *fill*         0x20000360      0x200 
                0x20000960                        . = (. + _Min_Stack_Size)
 *fill*         0x20000560      0x400 
                0x20000960                        . = ALIGN (0x8)

/DISCARD/
 libc.a(*)
 libm.a(*)
 libgcc.a(*)
OUTPUT(DAC_GenerateWaveform_TriggerHW_Init.elf elf32-littlearm)
LOAD linker stubs
LOAD /home/patrik/programs/STM32CubeCLT/GNU-tools-for-STM32/bin/../lib/gcc/arm-none-eabi/13.3.1/../../../../arm-none-eabi/lib/thumb/v7e-m+fp/hard/libc.a
LOAD /home/patrik/programs/STM32CubeCLT/GNU-tools-for-STM32/bin/../lib/gcc/arm-none-eabi/13.3.1/../../../../arm-none-eabi/lib/thumb/v7e-m+fp/hard/libm.a
LOAD /home/patrik/programs/STM32CubeCLT/GNU-tools-for-STM32/bin/../lib/gcc/arm-none-eabi/13.3.1/thumb/v7e-m+fp/hard/libgcc.a

.ARM.attributes
                0x00000000       0x30
 .ARM.attributes
                0x00000000       0x22 /home/patrik/programs/STM32CubeCLT/GNU-tools-for-STM32/bin/../lib/gcc/arm-none-eabi/13.3.1/thumb/v7e-m+fp/hard/crti.o
 .ARM.attributes
                0x00000022       0x34 /home/patrik/programs/STM32CubeCLT/GNU-tools-for-STM32/bin/../lib/gcc/arm-none-eabi/13.3.1/thumb/v7e-m+fp/hard/crtbegin.o
 .ARM.attributes
                0x00000056       0x34 cmake/stm32cubemx/CMakeFiles/STM32_Drivers.dir/__/__/Src/system_stm32g4xx.c.obj
 .ARM.attributes
                0x0000008a       0x34 cmake/stm32cubemx/CMakeFiles/STM32_Drivers.dir/__/__/Drivers/STM32G4xx_HAL_Driver/Src/stm32g4xx_ll_utils.c.obj
 .ARM.attributes
                0x000000be       0x34 cmake/stm32cubemx/CMakeFiles/STM32_Drivers.dir/__/__/Drivers/STM32G4xx_HAL_Driver/Src/stm32g4xx_ll_exti.c.obj
 .ARM.attributes
                0x000000f2       0x34 cmake/stm32cubemx/CMakeFiles/STM32_Drivers.dir/__/__/Drivers/STM32G4xx_HAL_Driver/Src/stm32g4xx_ll_gpio.c.obj
 .ARM.attributes
                0x00000126       0x34 cmake/stm32cubemx/CMakeFiles/STM32_Drivers.dir/__/__/Drivers/STM32G4xx_HAL_Driver/Src/stm32g4xx_hal_adc.c.obj
 .ARM.attributes
                0x0000015a       0x34 cmake/stm32cubemx/CMakeFiles/STM32_Drivers.dir/__/__/Drivers/STM32G4xx_HAL_Driver/Src/stm32g4xx_hal_adc_ex.c.obj
 .ARM.attributes
                0x0000018e       0x34 cmake/stm32cubemx/CMakeFiles/STM32_Drivers.dir/__/__/Drivers/STM32G4xx_HAL_Driver/Src/stm32g4xx_hal.c.obj
 .ARM.attributes
                0x000001c2       0x34 cmake/stm32cubemx/CMakeFiles/STM32_Drivers.dir/__/__/Drivers/STM32G4xx_HAL_Driver/Src/stm32g4xx_hal_rcc.c.obj
 .ARM.attributes
                0x000001f6       0x34 cmake/stm32cubemx/CMakeFiles/STM32_Drivers.dir/__/__/Drivers/STM32G4xx_HAL_Driver/Src/stm32g4xx_hal_gpio.c.obj
 .ARM.attributes
                0x0000022a       0x34 cmake/stm32cubemx/CMakeFiles/STM32_Drivers.dir/__/__/Drivers/STM32G4xx_HAL_Driver/Src/stm32g4xx_hal_dma.c.obj
 .ARM.attributes
                0x0000025e       0x34 cmake/stm32cubemx/CMakeFiles/STM32_Drivers.dir/__/__/Drivers/STM32G4xx_HAL_Driver/Src/stm32g4xx_hal_pwr_ex.c.obj
 .ARM.attributes
                0x00000292       0x34 cmake/stm32cubemx/CMakeFiles/STM32_Drivers.dir/__/__/Drivers/STM32G4xx_HAL_Driver/Src/stm32g4xx_hal_cortex.c.obj
 .ARM.attributes
                0x000002c6       0x34 cmake/stm32cubemx/CMakeFiles/STM32_Drivers.dir/__/__/Drivers/STM32G4xx_HAL_Driver/Src/stm32g4xx_ll_dac.c.obj
 .ARM.attributes
                0x000002fa       0x34 cmake/stm32cubemx/CMakeFiles/STM32_Drivers.dir/__/__/Drivers/STM32G4xx_HAL_Driver/Src/stm32g4xx_hal_uart.c.obj
 .ARM.attributes
                0x0000032e       0x34 cmake/stm32cubemx/CMakeFiles/STM32_Drivers.dir/__/__/Drivers/STM32G4xx_HAL_Driver/Src/stm32g4xx_hal_uart_ex.c.obj
 .ARM.attributes
                0x00000362       0x34 cmake/stm32cubemx/CMakeFiles/STM32_Drivers.dir/__/__/Drivers/STM32G4xx_HAL_Driver/Src/stm32g4xx_hal_opamp.c.obj
 .ARM.attributes
                0x00000396       0x34 cmake/stm32cubemx/CMakeFiles/STM32_Drivers.dir/__/__/Drivers/STM32G4xx_HAL_Driver/Src/stm32g4xx_ll_tim.c.obj
 .ARM.attributes
                0x000003ca       0x34 cmake/stm32cubemx/CMakeFiles/STM32_Drivers.dir/__/__/Drivers/STM32G4xx_HAL_Driver/Src/stm32g4xx_hal_tim.c.obj
 .ARM.attributes
                0x000003fe       0x34 cmake/stm32cubemx/CMakeFiles/STM32_Drivers.dir/__/__/Drivers/STM32G4xx_HAL_Driver/Src/stm32g4xx_hal_tim_ex.c.obj
 .ARM.attributes
                0x00000432       0x34 CMakeFiles/DAC_GenerateWaveform_TriggerHW_Init.dir/Src/main.cpp.obj
 .ARM.attributes
                0x00000466       0x34 CMakeFiles/DAC_GenerateWaveform_TriggerHW_Init.dir/Src/gpio.c.obj
 .ARM.attributes
                0x0000049a       0x34 CMakeFiles/DAC_GenerateWaveform_TriggerHW_Init.dir/Src/adc.c.obj
 .ARM.attributes
                0x000004ce       0x34 CMakeFiles/DAC_GenerateWaveform_TriggerHW_Init.dir/Src/dac.c.obj
 .ARM.attributes
                0x00000502       0x34 CMakeFiles/DAC_GenerateWaveform_TriggerHW_Init.dir/Src/dma.c.obj
 .ARM.attributes
                0x00000536       0x34 CMakeFiles/DAC_GenerateWaveform_TriggerHW_Init.dir/Src/usart.c.obj
 .ARM.attributes
                0x0000056a       0x34 CMakeFiles/DAC_GenerateWaveform_TriggerHW_Init.dir/Src/opamp.c.obj
 .ARM.attributes
                0x0000059e       0x34 CMakeFiles/DAC_GenerateWaveform_TriggerHW_Init.dir/Src/tim.c.obj
 .ARM.attributes
                0x000005d2       0x34 CMakeFiles/DAC_GenerateWaveform_TriggerHW_Init.dir/Src/stm32g4xx_it.c.obj
 .ARM.attributes
                0x00000606       0x34 CMakeFiles/DAC_GenerateWaveform_TriggerHW_Init.dir/Src/stm32g4xx_hal_msp.c.obj
 .ARM.attributes
                0x0000063a       0x21 CMakeFiles/DAC_GenerateWaveform_TriggerHW_Init.dir/startup_stm32g474xx.s.obj
 .ARM.attributes
                0x0000065b       0x34 /home/patrik/programs/STM32CubeCLT/GNU-tools-for-STM32/bin/../lib/gcc/arm-none-eabi/13.3.1/../../../../arm-none-eabi/lib/thumb/v7e-m+fp/hard/libc_nano.a(libc_a-memset.o)
 .ARM.attributes
                0x0000068f       0x34 /home/patrik/programs/STM32CubeCLT/GNU-tools-for-STM32/bin/../lib/gcc/arm-none-eabi/13.3.1/../../../../arm-none-eabi/lib/thumb/v7e-m+fp/hard/libc_nano.a(libc_a-init.o)
 .ARM.attributes
                0x000006c3       0x22 /home/patrik/programs/STM32CubeCLT/GNU-tools-for-STM32/bin/../lib/gcc/arm-none-eabi/13.3.1/thumb/v7e-m+fp/hard/libgcc.a(_aeabi_uldivmod.o)
 .ARM.attributes
                0x000006e5       0x34 /home/patrik/programs/STM32CubeCLT/GNU-tools-for-STM32/bin/../lib/gcc/arm-none-eabi/13.3.1/thumb/v7e-m+fp/hard/libgcc.a(_udivmoddi4.o)
 .ARM.attributes
                0x00000719       0x22 /home/patrik/programs/STM32CubeCLT/GNU-tools-for-STM32/bin/../lib/gcc/arm-none-eabi/13.3.1/thumb/v7e-m+fp/hard/libgcc.a(_dvmd_tls.o)
 .ARM.attributes
                0x0000073b       0x22 /home/patrik/programs/STM32CubeCLT/GNU-tools-for-STM32/bin/../lib/gcc/arm-none-eabi/13.3.1/thumb/v7e-m+fp/hard/crtn.o

.comment        0x00000000       0x43
 .comment       0x00000000       0x43 cmake/stm32cubemx/CMakeFiles/STM32_Drivers.dir/__/__/Src/system_stm32g4xx.c.obj
                                 0x44 (size before relaxing)
 .comment       0x00000043       0x44 cmake/stm32cubemx/CMakeFiles/STM32_Drivers.dir/__/__/Drivers/STM32G4xx_HAL_Driver/Src/stm32g4xx_ll_utils.c.obj
 .comment       0x00000043       0x44 cmake/stm32cubemx/CMakeFiles/STM32_Drivers.dir/__/__/Drivers/STM32G4xx_HAL_Driver/Src/stm32g4xx_ll_exti.c.obj
 .comment       0x00000043       0x44 cmake/stm32cubemx/CMakeFiles/STM32_Drivers.dir/__/__/Drivers/STM32G4xx_HAL_Driver/Src/stm32g4xx_ll_gpio.c.obj
 .comment       0x00000043       0x44 cmake/stm32cubemx/CMakeFiles/STM32_Drivers.dir/__/__/Drivers/STM32G4xx_HAL_Driver/Src/stm32g4xx_hal_adc.c.obj
 .comment       0x00000043       0x44 cmake/stm32cubemx/CMakeFiles/STM32_Drivers.dir/__/__/Drivers/STM32G4xx_HAL_Driver/Src/stm32g4xx_hal_adc_ex.c.obj
 .comment       0x00000043       0x44 cmake/stm32cubemx/CMakeFiles/STM32_Drivers.dir/__/__/Drivers/STM32G4xx_HAL_Driver/Src/stm32g4xx_hal.c.obj
 .comment       0x00000043       0x44 cmake/stm32cubemx/CMakeFiles/STM32_Drivers.dir/__/__/Drivers/STM32G4xx_HAL_Driver/Src/stm32g4xx_hal_rcc.c.obj
 .comment       0x00000043       0x44 cmake/stm32cubemx/CMakeFiles/STM32_Drivers.dir/__/__/Drivers/STM32G4xx_HAL_Driver/Src/stm32g4xx_hal_gpio.c.obj
 .comment       0x00000043       0x44 cmake/stm32cubemx/CMakeFiles/STM32_Drivers.dir/__/__/Drivers/STM32G4xx_HAL_Driver/Src/stm32g4xx_hal_dma.c.obj
 .comment       0x00000043       0x44 cmake/stm32cubemx/CMakeFiles/STM32_Drivers.dir/__/__/Drivers/STM32G4xx_HAL_Driver/Src/stm32g4xx_hal_pwr_ex.c.obj
 .comment       0x00000043       0x44 cmake/stm32cubemx/CMakeFiles/STM32_Drivers.dir/__/__/Drivers/STM32G4xx_HAL_Driver/Src/stm32g4xx_hal_cortex.c.obj
 .comment       0x00000043       0x44 cmake/stm32cubemx/CMakeFiles/STM32_Drivers.dir/__/__/Drivers/STM32G4xx_HAL_Driver/Src/stm32g4xx_ll_dac.c.obj
 .comment       0x00000043       0x44 cmake/stm32cubemx/CMakeFiles/STM32_Drivers.dir/__/__/Drivers/STM32G4xx_HAL_Driver/Src/stm32g4xx_hal_uart.c.obj
 .comment       0x00000043       0x44 cmake/stm32cubemx/CMakeFiles/STM32_Drivers.dir/__/__/Drivers/STM32G4xx_HAL_Driver/Src/stm32g4xx_hal_uart_ex.c.obj
 .comment       0x00000043       0x44 cmake/stm32cubemx/CMakeFiles/STM32_Drivers.dir/__/__/Drivers/STM32G4xx_HAL_Driver/Src/stm32g4xx_hal_opamp.c.obj
 .comment       0x00000043       0x44 cmake/stm32cubemx/CMakeFiles/STM32_Drivers.dir/__/__/Drivers/STM32G4xx_HAL_Driver/Src/stm32g4xx_ll_tim.c.obj
 .comment       0x00000043       0x44 cmake/stm32cubemx/CMakeFiles/STM32_Drivers.dir/__/__/Drivers/STM32G4xx_HAL_Driver/Src/stm32g4xx_hal_tim.c.obj
 .comment       0x00000043       0x44 cmake/stm32cubemx/CMakeFiles/STM32_Drivers.dir/__/__/Drivers/STM32G4xx_HAL_Driver/Src/stm32g4xx_hal_tim_ex.c.obj
 .comment       0x00000043       0x44 CMakeFiles/DAC_GenerateWaveform_TriggerHW_Init.dir/Src/main.cpp.obj
 .comment       0x00000043       0x44 CMakeFiles/DAC_GenerateWaveform_TriggerHW_Init.dir/Src/gpio.c.obj
 .comment       0x00000043       0x44 CMakeFiles/DAC_GenerateWaveform_TriggerHW_Init.dir/Src/adc.c.obj
 .comment       0x00000043       0x44 CMakeFiles/DAC_GenerateWaveform_TriggerHW_Init.dir/Src/dac.c.obj
 .comment       0x00000043       0x44 CMakeFiles/DAC_GenerateWaveform_TriggerHW_Init.dir/Src/dma.c.obj
 .comment       0x00000043       0x44 CMakeFiles/DAC_GenerateWaveform_TriggerHW_Init.dir/Src/usart.c.obj
 .comment       0x00000043       0x44 CMakeFiles/DAC_GenerateWaveform_TriggerHW_Init.dir/Src/opamp.c.obj
 .comment       0x00000043       0x44 CMakeFiles/DAC_GenerateWaveform_TriggerHW_Init.dir/Src/tim.c.obj
 .comment       0x00000043       0x44 CMakeFiles/DAC_GenerateWaveform_TriggerHW_Init.dir/Src/stm32g4xx_it.c.obj
 .comment       0x00000043       0x44 CMakeFiles/DAC_GenerateWaveform_TriggerHW_Init.dir/Src/stm32g4xx_hal_msp.c.obj

.debug_info     0x00000000    0x1e01e
 .debug_info    0x00000000      0x58e cmake/stm32cubemx/CMakeFiles/STM32_Drivers.dir/__/__/Src/system_stm32g4xx.c.obj
 .debug_info    0x0000058e      0xc20 cmake/stm32cubemx/CMakeFiles/STM32_Drivers.dir/__/__/Drivers/STM32G4xx_HAL_Driver/Src/stm32g4xx_ll_utils.c.obj
 .debug_info    0x000011ae      0x4c1 cmake/stm32cubemx/CMakeFiles/STM32_Drivers.dir/__/__/Drivers/STM32G4xx_HAL_Driver/Src/stm32g4xx_ll_exti.c.obj
 .debug_info    0x0000166f      0x95b cmake/stm32cubemx/CMakeFiles/STM32_Drivers.dir/__/__/Drivers/STM32G4xx_HAL_Driver/Src/stm32g4xx_ll_gpio.c.obj
 .debug_info    0x00001fca     0x2063 cmake/stm32cubemx/CMakeFiles/STM32_Drivers.dir/__/__/Drivers/STM32G4xx_HAL_Driver/Src/stm32g4xx_hal_adc.c.obj
 .debug_info    0x0000402d     0x1d80 cmake/stm32cubemx/CMakeFiles/STM32_Drivers.dir/__/__/Drivers/STM32G4xx_HAL_Driver/Src/stm32g4xx_hal_adc_ex.c.obj
 .debug_info    0x00005dad      0xb95 cmake/stm32cubemx/CMakeFiles/STM32_Drivers.dir/__/__/Drivers/STM32G4xx_HAL_Driver/Src/stm32g4xx_hal.c.obj
 .debug_info    0x00006942      0xbe0 cmake/stm32cubemx/CMakeFiles/STM32_Drivers.dir/__/__/Drivers/STM32G4xx_HAL_Driver/Src/stm32g4xx_hal_rcc.c.obj
 .debug_info    0x00007522      0x763 cmake/stm32cubemx/CMakeFiles/STM32_Drivers.dir/__/__/Drivers/STM32G4xx_HAL_Driver/Src/stm32g4xx_hal_gpio.c.obj
 .debug_info    0x00007c85      0x85f cmake/stm32cubemx/CMakeFiles/STM32_Drivers.dir/__/__/Drivers/STM32G4xx_HAL_Driver/Src/stm32g4xx_hal_dma.c.obj
 .debug_info    0x000084e4      0x93f cmake/stm32cubemx/CMakeFiles/STM32_Drivers.dir/__/__/Drivers/STM32G4xx_HAL_Driver/Src/stm32g4xx_hal_pwr_ex.c.obj
 .debug_info    0x00008e23      0xdf9 cmake/stm32cubemx/CMakeFiles/STM32_Drivers.dir/__/__/Drivers/STM32G4xx_HAL_Driver/Src/stm32g4xx_hal_cortex.c.obj
 .debug_info    0x00009c1c      0x5a9 cmake/stm32cubemx/CMakeFiles/STM32_Drivers.dir/__/__/Drivers/STM32G4xx_HAL_Driver/Src/stm32g4xx_ll_dac.c.obj
 .debug_info    0x0000a1c5     0x481e cmake/stm32cubemx/CMakeFiles/STM32_Drivers.dir/__/__/Drivers/STM32G4xx_HAL_Driver/Src/stm32g4xx_hal_uart.c.obj
 .debug_info    0x0000e9e3      0xfdd cmake/stm32cubemx/CMakeFiles/STM32_Drivers.dir/__/__/Drivers/STM32G4xx_HAL_Driver/Src/stm32g4xx_hal_uart_ex.c.obj
 .debug_info    0x0000f9c0      0x76a cmake/stm32cubemx/CMakeFiles/STM32_Drivers.dir/__/__/Drivers/STM32G4xx_HAL_Driver/Src/stm32g4xx_hal_opamp.c.obj
 .debug_info    0x0001012a     0x11d8 cmake/stm32cubemx/CMakeFiles/STM32_Drivers.dir/__/__/Drivers/STM32G4xx_HAL_Driver/Src/stm32g4xx_ll_tim.c.obj
 .debug_info    0x00011302     0x2c52 cmake/stm32cubemx/CMakeFiles/STM32_Drivers.dir/__/__/Drivers/STM32G4xx_HAL_Driver/Src/stm32g4xx_hal_tim.c.obj
 .debug_info    0x00013f54     0x1d95 cmake/stm32cubemx/CMakeFiles/STM32_Drivers.dir/__/__/Drivers/STM32G4xx_HAL_Driver/Src/stm32g4xx_hal_tim_ex.c.obj
 .debug_info    0x00015ce9     0x12ea CMakeFiles/DAC_GenerateWaveform_TriggerHW_Init.dir/Src/main.cpp.obj
 .debug_info    0x00016fd3      0xfcd CMakeFiles/DAC_GenerateWaveform_TriggerHW_Init.dir/Src/gpio.c.obj
 .debug_info    0x00017fa0      0xde7 CMakeFiles/DAC_GenerateWaveform_TriggerHW_Init.dir/Src/adc.c.obj
 .debug_info    0x00018d87     0x1202 CMakeFiles/DAC_GenerateWaveform_TriggerHW_Init.dir/Src/dac.c.obj
 .debug_info    0x00019f89      0xa87 CMakeFiles/DAC_GenerateWaveform_TriggerHW_Init.dir/Src/dma.c.obj
 .debug_info    0x0001aa10      0xd8e CMakeFiles/DAC_GenerateWaveform_TriggerHW_Init.dir/Src/usart.c.obj
 .debug_info    0x0001b79e      0x794 CMakeFiles/DAC_GenerateWaveform_TriggerHW_Init.dir/Src/opamp.c.obj
 .debug_info    0x0001bf32     0x147f CMakeFiles/DAC_GenerateWaveform_TriggerHW_Init.dir/Src/tim.c.obj
 .debug_info    0x0001d3b1      0x8ac CMakeFiles/DAC_GenerateWaveform_TriggerHW_Init.dir/Src/stm32g4xx_it.c.obj
 .debug_info    0x0001dc5d      0x391 CMakeFiles/DAC_GenerateWaveform_TriggerHW_Init.dir/Src/stm32g4xx_hal_msp.c.obj
 .debug_info    0x0001dfee       0x30 CMakeFiles/DAC_GenerateWaveform_TriggerHW_Init.dir/startup_stm32g474xx.s.obj

.debug_abbrev   0x00000000     0x4111
 .debug_abbrev  0x00000000      0x11a cmake/stm32cubemx/CMakeFiles/STM32_Drivers.dir/__/__/Src/system_stm32g4xx.c.obj
 .debug_abbrev  0x0000011a      0x25e cmake/stm32cubemx/CMakeFiles/STM32_Drivers.dir/__/__/Drivers/STM32G4xx_HAL_Driver/Src/stm32g4xx_ll_utils.c.obj
 .debug_abbrev  0x00000378      0x184 cmake/stm32cubemx/CMakeFiles/STM32_Drivers.dir/__/__/Drivers/STM32G4xx_HAL_Driver/Src/stm32g4xx_ll_exti.c.obj
 .debug_abbrev  0x000004fc      0x235 cmake/stm32cubemx/CMakeFiles/STM32_Drivers.dir/__/__/Drivers/STM32G4xx_HAL_Driver/Src/stm32g4xx_ll_gpio.c.obj
 .debug_abbrev  0x00000731      0x2d3 cmake/stm32cubemx/CMakeFiles/STM32_Drivers.dir/__/__/Drivers/STM32G4xx_HAL_Driver/Src/stm32g4xx_hal_adc.c.obj
 .debug_abbrev  0x00000a04      0x2ee cmake/stm32cubemx/CMakeFiles/STM32_Drivers.dir/__/__/Drivers/STM32G4xx_HAL_Driver/Src/stm32g4xx_hal_adc_ex.c.obj
 .debug_abbrev  0x00000cf2      0x271 cmake/stm32cubemx/CMakeFiles/STM32_Drivers.dir/__/__/Drivers/STM32G4xx_HAL_Driver/Src/stm32g4xx_hal.c.obj
 .debug_abbrev  0x00000f63      0x2c9 cmake/stm32cubemx/CMakeFiles/STM32_Drivers.dir/__/__/Drivers/STM32G4xx_HAL_Driver/Src/stm32g4xx_hal_rcc.c.obj
 .debug_abbrev  0x0000122c      0x1cb cmake/stm32cubemx/CMakeFiles/STM32_Drivers.dir/__/__/Drivers/STM32G4xx_HAL_Driver/Src/stm32g4xx_hal_gpio.c.obj
 .debug_abbrev  0x000013f7      0x1e2 cmake/stm32cubemx/CMakeFiles/STM32_Drivers.dir/__/__/Drivers/STM32G4xx_HAL_Driver/Src/stm32g4xx_hal_dma.c.obj
 .debug_abbrev  0x000015d9      0x22c cmake/stm32cubemx/CMakeFiles/STM32_Drivers.dir/__/__/Drivers/STM32G4xx_HAL_Driver/Src/stm32g4xx_hal_pwr_ex.c.obj
 .debug_abbrev  0x00001805      0x31c cmake/stm32cubemx/CMakeFiles/STM32_Drivers.dir/__/__/Drivers/STM32G4xx_HAL_Driver/Src/stm32g4xx_hal_cortex.c.obj
 .debug_abbrev  0x00001b21      0x1a7 cmake/stm32cubemx/CMakeFiles/STM32_Drivers.dir/__/__/Drivers/STM32G4xx_HAL_Driver/Src/stm32g4xx_ll_dac.c.obj
 .debug_abbrev  0x00001cc8      0x304 cmake/stm32cubemx/CMakeFiles/STM32_Drivers.dir/__/__/Drivers/STM32G4xx_HAL_Driver/Src/stm32g4xx_hal_uart.c.obj
 .debug_abbrev  0x00001fcc      0x2d2 cmake/stm32cubemx/CMakeFiles/STM32_Drivers.dir/__/__/Drivers/STM32G4xx_HAL_Driver/Src/stm32g4xx_hal_uart_ex.c.obj
 .debug_abbrev  0x0000229e      0x1a6 cmake/stm32cubemx/CMakeFiles/STM32_Drivers.dir/__/__/Drivers/STM32G4xx_HAL_Driver/Src/stm32g4xx_hal_opamp.c.obj
 .debug_abbrev  0x00002444      0x23e cmake/stm32cubemx/CMakeFiles/STM32_Drivers.dir/__/__/Drivers/STM32G4xx_HAL_Driver/Src/stm32g4xx_ll_tim.c.obj
 .debug_abbrev  0x00002682      0x2a7 cmake/stm32cubemx/CMakeFiles/STM32_Drivers.dir/__/__/Drivers/STM32G4xx_HAL_Driver/Src/stm32g4xx_hal_tim.c.obj
 .debug_abbrev  0x00002929      0x2c5 cmake/stm32cubemx/CMakeFiles/STM32_Drivers.dir/__/__/Drivers/STM32G4xx_HAL_Driver/Src/stm32g4xx_hal_tim_ex.c.obj
 .debug_abbrev  0x00002bee      0x2e3 CMakeFiles/DAC_GenerateWaveform_TriggerHW_Init.dir/Src/main.cpp.obj
 .debug_abbrev  0x00002ed1      0x286 CMakeFiles/DAC_GenerateWaveform_TriggerHW_Init.dir/Src/gpio.c.obj
 .debug_abbrev  0x00003157      0x201 CMakeFiles/DAC_GenerateWaveform_TriggerHW_Init.dir/Src/adc.c.obj
 .debug_abbrev  0x00003358      0x1f7 CMakeFiles/DAC_GenerateWaveform_TriggerHW_Init.dir/Src/dac.c.obj
 .debug_abbrev  0x0000354f      0x1e3 CMakeFiles/DAC_GenerateWaveform_TriggerHW_Init.dir/Src/dma.c.obj
 .debug_abbrev  0x00003732      0x253 CMakeFiles/DAC_GenerateWaveform_TriggerHW_Init.dir/Src/usart.c.obj
 .debug_abbrev  0x00003985      0x1db CMakeFiles/DAC_GenerateWaveform_TriggerHW_Init.dir/Src/opamp.c.obj
 .debug_abbrev  0x00003b60      0x28a CMakeFiles/DAC_GenerateWaveform_TriggerHW_Init.dir/Src/tim.c.obj
 .debug_abbrev  0x00003dea      0x213 CMakeFiles/DAC_GenerateWaveform_TriggerHW_Init.dir/Src/stm32g4xx_it.c.obj
 .debug_abbrev  0x00003ffd       0xf0 CMakeFiles/DAC_GenerateWaveform_TriggerHW_Init.dir/Src/stm32g4xx_hal_msp.c.obj
 .debug_abbrev  0x000040ed       0x24 CMakeFiles/DAC_GenerateWaveform_TriggerHW_Init.dir/startup_stm32g474xx.s.obj

.debug_aranges  0x00000000     0x1b80
 .debug_aranges
                0x00000000       0x28 cmake/stm32cubemx/CMakeFiles/STM32_Drivers.dir/__/__/Src/system_stm32g4xx.c.obj
 .debug_aranges
                0x00000028      0x100 cmake/stm32cubemx/CMakeFiles/STM32_Drivers.dir/__/__/Drivers/STM32G4xx_HAL_Driver/Src/stm32g4xx_ll_utils.c.obj
 .debug_aranges
                0x00000128       0xb0 cmake/stm32cubemx/CMakeFiles/STM32_Drivers.dir/__/__/Drivers/STM32G4xx_HAL_Driver/Src/stm32g4xx_ll_exti.c.obj
 .debug_aranges
                0x000001d8       0x70 cmake/stm32cubemx/CMakeFiles/STM32_Drivers.dir/__/__/Drivers/STM32G4xx_HAL_Driver/Src/stm32g4xx_ll_gpio.c.obj
 .debug_aranges
                0x00000248      0x248 cmake/stm32cubemx/CMakeFiles/STM32_Drivers.dir/__/__/Drivers/STM32G4xx_HAL_Driver/Src/stm32g4xx_hal_adc.c.obj
 .debug_aranges
                0x00000490      0x1c0 cmake/stm32cubemx/CMakeFiles/STM32_Drivers.dir/__/__/Drivers/STM32G4xx_HAL_Driver/Src/stm32g4xx_hal_adc_ex.c.obj
 .debug_aranges
                0x00000650      0x148 cmake/stm32cubemx/CMakeFiles/STM32_Drivers.dir/__/__/Drivers/STM32G4xx_HAL_Driver/Src/stm32g4xx_hal.c.obj
 .debug_aranges
                0x00000798       0x98 cmake/stm32cubemx/CMakeFiles/STM32_Drivers.dir/__/__/Drivers/STM32G4xx_HAL_Driver/Src/stm32g4xx_hal_rcc.c.obj
 .debug_aranges
                0x00000830       0x58 cmake/stm32cubemx/CMakeFiles/STM32_Drivers.dir/__/__/Drivers/STM32G4xx_HAL_Driver/Src/stm32g4xx_hal_gpio.c.obj
 .debug_aranges
                0x00000888       0x90 cmake/stm32cubemx/CMakeFiles/STM32_Drivers.dir/__/__/Drivers/STM32G4xx_HAL_Driver/Src/stm32g4xx_hal_dma.c.obj
 .debug_aranges
                0x00000918      0x140 cmake/stm32cubemx/CMakeFiles/STM32_Drivers.dir/__/__/Drivers/STM32G4xx_HAL_Driver/Src/stm32g4xx_hal_pwr_ex.c.obj
 .debug_aranges
                0x00000a58      0x128 cmake/stm32cubemx/CMakeFiles/STM32_Drivers.dir/__/__/Drivers/STM32G4xx_HAL_Driver/Src/stm32g4xx_hal_cortex.c.obj
 .debug_aranges
                0x00000b80       0x48 cmake/stm32cubemx/CMakeFiles/STM32_Drivers.dir/__/__/Drivers/STM32G4xx_HAL_Driver/Src/stm32g4xx_ll_dac.c.obj
 .debug_aranges
                0x00000bc8      0x248 cmake/stm32cubemx/CMakeFiles/STM32_Drivers.dir/__/__/Drivers/STM32G4xx_HAL_Driver/Src/stm32g4xx_hal_uart.c.obj
 .debug_aranges
                0x00000e10       0xa8 cmake/stm32cubemx/CMakeFiles/STM32_Drivers.dir/__/__/Drivers/STM32G4xx_HAL_Driver/Src/stm32g4xx_hal_uart_ex.c.obj
 .debug_aranges
                0x00000eb8       0x70 cmake/stm32cubemx/CMakeFiles/STM32_Drivers.dir/__/__/Drivers/STM32G4xx_HAL_Driver/Src/stm32g4xx_hal_opamp.c.obj
 .debug_aranges
                0x00000f28      0x148 cmake/stm32cubemx/CMakeFiles/STM32_Drivers.dir/__/__/Drivers/STM32G4xx_HAL_Driver/Src/stm32g4xx_ll_tim.c.obj
 .debug_aranges
                0x00001070      0x3e0 cmake/stm32cubemx/CMakeFiles/STM32_Drivers.dir/__/__/Drivers/STM32G4xx_HAL_Driver/Src/stm32g4xx_hal_tim.c.obj
 .debug_aranges
                0x00001450      0x240 cmake/stm32cubemx/CMakeFiles/STM32_Drivers.dir/__/__/Drivers/STM32G4xx_HAL_Driver/Src/stm32g4xx_hal_tim_ex.c.obj
 .debug_aranges
                0x00001690      0x168 CMakeFiles/DAC_GenerateWaveform_TriggerHW_Init.dir/Src/main.cpp.obj
 .debug_aranges
                0x000017f8       0x70 CMakeFiles/DAC_GenerateWaveform_TriggerHW_Init.dir/Src/gpio.c.obj
 .debug_aranges
                0x00001868       0x40 CMakeFiles/DAC_GenerateWaveform_TriggerHW_Init.dir/Src/adc.c.obj
 .debug_aranges
                0x000018a8       0xa0 CMakeFiles/DAC_GenerateWaveform_TriggerHW_Init.dir/Src/dac.c.obj
 .debug_aranges
                0x00001948       0x48 CMakeFiles/DAC_GenerateWaveform_TriggerHW_Init.dir/Src/dma.c.obj
 .debug_aranges
                0x00001990       0x48 CMakeFiles/DAC_GenerateWaveform_TriggerHW_Init.dir/Src/usart.c.obj
 .debug_aranges
                0x000019d8       0x38 CMakeFiles/DAC_GenerateWaveform_TriggerHW_Init.dir/Src/opamp.c.obj
 .debug_aranges
                0x00001a10       0x78 CMakeFiles/DAC_GenerateWaveform_TriggerHW_Init.dir/Src/tim.c.obj
 .debug_aranges
                0x00001a88       0xb0 CMakeFiles/DAC_GenerateWaveform_TriggerHW_Init.dir/Src/stm32g4xx_it.c.obj
 .debug_aranges
                0x00001b38       0x20 CMakeFiles/DAC_GenerateWaveform_TriggerHW_Init.dir/Src/stm32g4xx_hal_msp.c.obj
 .debug_aranges
                0x00001b58       0x28 CMakeFiles/DAC_GenerateWaveform_TriggerHW_Init.dir/startup_stm32g474xx.s.obj

.debug_rnglists
                0x00000000     0x151e
 .debug_rnglists
                0x00000000       0x1a cmake/stm32cubemx/CMakeFiles/STM32_Drivers.dir/__/__/Src/system_stm32g4xx.c.obj
 .debug_rnglists
                0x0000001a       0xbf cmake/stm32cubemx/CMakeFiles/STM32_Drivers.dir/__/__/Drivers/STM32G4xx_HAL_Driver/Src/stm32g4xx_ll_utils.c.obj
 .debug_rnglists
                0x000000d9       0x80 cmake/stm32cubemx/CMakeFiles/STM32_Drivers.dir/__/__/Drivers/STM32G4xx_HAL_Driver/Src/stm32g4xx_ll_exti.c.obj
 .debug_rnglists
                0x00000159       0x51 cmake/stm32cubemx/CMakeFiles/STM32_Drivers.dir/__/__/Drivers/STM32G4xx_HAL_Driver/Src/stm32g4xx_ll_gpio.c.obj
 .debug_rnglists
                0x000001aa      0x1c0 cmake/stm32cubemx/CMakeFiles/STM32_Drivers.dir/__/__/Drivers/STM32G4xx_HAL_Driver/Src/stm32g4xx_hal_adc.c.obj
 .debug_rnglists
                0x0000036a      0x15a cmake/stm32cubemx/CMakeFiles/STM32_Drivers.dir/__/__/Drivers/STM32G4xx_HAL_Driver/Src/stm32g4xx_hal_adc_ex.c.obj
 .debug_rnglists
                0x000004c4       0xf1 cmake/stm32cubemx/CMakeFiles/STM32_Drivers.dir/__/__/Drivers/STM32G4xx_HAL_Driver/Src/stm32g4xx_hal.c.obj
 .debug_rnglists
                0x000005b5       0x74 cmake/stm32cubemx/CMakeFiles/STM32_Drivers.dir/__/__/Drivers/STM32G4xx_HAL_Driver/Src/stm32g4xx_hal_rcc.c.obj
 .debug_rnglists
                0x00000629       0x3f cmake/stm32cubemx/CMakeFiles/STM32_Drivers.dir/__/__/Drivers/STM32G4xx_HAL_Driver/Src/stm32g4xx_hal_gpio.c.obj
 .debug_rnglists
                0x00000668       0x71 cmake/stm32cubemx/CMakeFiles/STM32_Drivers.dir/__/__/Drivers/STM32G4xx_HAL_Driver/Src/stm32g4xx_hal_dma.c.obj
 .debug_rnglists
                0x000006d9       0xf1 cmake/stm32cubemx/CMakeFiles/STM32_Drivers.dir/__/__/Drivers/STM32G4xx_HAL_Driver/Src/stm32g4xx_hal_pwr_ex.c.obj
 .debug_rnglists
                0x000007ca       0xda cmake/stm32cubemx/CMakeFiles/STM32_Drivers.dir/__/__/Drivers/STM32G4xx_HAL_Driver/Src/stm32g4xx_hal_cortex.c.obj
 .debug_rnglists
                0x000008a4       0x33 cmake/stm32cubemx/CMakeFiles/STM32_Drivers.dir/__/__/Drivers/STM32G4xx_HAL_Driver/Src/stm32g4xx_ll_dac.c.obj
 .debug_rnglists
                0x000008d7      0x1fa cmake/stm32cubemx/CMakeFiles/STM32_Drivers.dir/__/__/Drivers/STM32G4xx_HAL_Driver/Src/stm32g4xx_hal_uart.c.obj
 .debug_rnglists
                0x00000ad1       0x7f cmake/stm32cubemx/CMakeFiles/STM32_Drivers.dir/__/__/Drivers/STM32G4xx_HAL_Driver/Src/stm32g4xx_hal_uart_ex.c.obj
 .debug_rnglists
                0x00000b50       0x52 cmake/stm32cubemx/CMakeFiles/STM32_Drivers.dir/__/__/Drivers/STM32G4xx_HAL_Driver/Src/stm32g4xx_hal_opamp.c.obj
 .debug_rnglists
                0x00000ba2       0xfe cmake/stm32cubemx/CMakeFiles/STM32_Drivers.dir/__/__/Drivers/STM32G4xx_HAL_Driver/Src/stm32g4xx_ll_tim.c.obj
 .debug_rnglists
                0x00000ca0      0x328 cmake/stm32cubemx/CMakeFiles/STM32_Drivers.dir/__/__/Drivers/STM32G4xx_HAL_Driver/Src/stm32g4xx_hal_tim.c.obj
 .debug_rnglists
                0x00000fc8      0x1cc cmake/stm32cubemx/CMakeFiles/STM32_Drivers.dir/__/__/Drivers/STM32G4xx_HAL_Driver/Src/stm32g4xx_hal_tim_ex.c.obj
 .debug_rnglists
                0x00001194      0x10c CMakeFiles/DAC_GenerateWaveform_TriggerHW_Init.dir/Src/main.cpp.obj
 .debug_rnglists
                0x000012a0       0x50 CMakeFiles/DAC_GenerateWaveform_TriggerHW_Init.dir/Src/gpio.c.obj
 .debug_rnglists
                0x000012f0       0x2e CMakeFiles/DAC_GenerateWaveform_TriggerHW_Init.dir/Src/adc.c.obj
 .debug_rnglists
                0x0000131e       0x74 CMakeFiles/DAC_GenerateWaveform_TriggerHW_Init.dir/Src/dac.c.obj
 .debug_rnglists
                0x00001392       0x31 CMakeFiles/DAC_GenerateWaveform_TriggerHW_Init.dir/Src/dma.c.obj
 .debug_rnglists
                0x000013c3       0x34 CMakeFiles/DAC_GenerateWaveform_TriggerHW_Init.dir/Src/usart.c.obj
 .debug_rnglists
                0x000013f7       0x26 CMakeFiles/DAC_GenerateWaveform_TriggerHW_Init.dir/Src/opamp.c.obj
 .debug_rnglists
                0x0000141d       0x56 CMakeFiles/DAC_GenerateWaveform_TriggerHW_Init.dir/Src/tim.c.obj
 .debug_rnglists
                0x00001473       0x7f CMakeFiles/DAC_GenerateWaveform_TriggerHW_Init.dir/Src/stm32g4xx_it.c.obj
 .debug_rnglists
                0x000014f2       0x13 CMakeFiles/DAC_GenerateWaveform_TriggerHW_Init.dir/Src/stm32g4xx_hal_msp.c.obj
 .debug_rnglists
                0x00001505       0x19 CMakeFiles/DAC_GenerateWaveform_TriggerHW_Init.dir/startup_stm32g474xx.s.obj

.debug_macro    0x00000000    0x2fa2a
 .debug_macro   0x00000000      0x20c cmake/stm32cubemx/CMakeFiles/STM32_Drivers.dir/__/__/Src/system_stm32g4xx.c.obj
 .debug_macro   0x0000020c      0xade cmake/stm32cubemx/CMakeFiles/STM32_Drivers.dir/__/__/Src/system_stm32g4xx.c.obj
 .debug_macro   0x00000cea       0x2e cmake/stm32cubemx/CMakeFiles/STM32_Drivers.dir/__/__/Src/system_stm32g4xx.c.obj
 .debug_macro   0x00000d18       0x28 cmake/stm32cubemx/CMakeFiles/STM32_Drivers.dir/__/__/Src/system_stm32g4xx.c.obj
 .debug_macro   0x00000d40       0x22 cmake/stm32cubemx/CMakeFiles/STM32_Drivers.dir/__/__/Src/system_stm32g4xx.c.obj
 .debug_macro   0x00000d62       0x8e cmake/stm32cubemx/CMakeFiles/STM32_Drivers.dir/__/__/Src/system_stm32g4xx.c.obj
 .debug_macro   0x00000df0       0x51 cmake/stm32cubemx/CMakeFiles/STM32_Drivers.dir/__/__/Src/system_stm32g4xx.c.obj
 .debug_macro   0x00000e41      0x103 cmake/stm32cubemx/CMakeFiles/STM32_Drivers.dir/__/__/Src/system_stm32g4xx.c.obj
 .debug_macro   0x00000f44       0x6a cmake/stm32cubemx/CMakeFiles/STM32_Drivers.dir/__/__/Src/system_stm32g4xx.c.obj
 .debug_macro   0x00000fae      0x1df cmake/stm32cubemx/CMakeFiles/STM32_Drivers.dir/__/__/Src/system_stm32g4xx.c.obj
 .debug_macro   0x0000118d       0x1c cmake/stm32cubemx/CMakeFiles/STM32_Drivers.dir/__/__/Src/system_stm32g4xx.c.obj
 .debug_macro   0x000011a9       0x22 cmake/stm32cubemx/CMakeFiles/STM32_Drivers.dir/__/__/Src/system_stm32g4xx.c.obj
 .debug_macro   0x000011cb       0xfb cmake/stm32cubemx/CMakeFiles/STM32_Drivers.dir/__/__/Src/system_stm32g4xx.c.obj
 .debug_macro   0x000012c6     0x1011 cmake/stm32cubemx/CMakeFiles/STM32_Drivers.dir/__/__/Src/system_stm32g4xx.c.obj
 .debug_macro   0x000022d7      0x11f cmake/stm32cubemx/CMakeFiles/STM32_Drivers.dir/__/__/Src/system_stm32g4xx.c.obj
 .debug_macro   0x000023f6    0x18b8c cmake/stm32cubemx/CMakeFiles/STM32_Drivers.dir/__/__/Src/system_stm32g4xx.c.obj
 .debug_macro   0x0001af82       0x6d cmake/stm32cubemx/CMakeFiles/STM32_Drivers.dir/__/__/Src/system_stm32g4xx.c.obj
 .debug_macro   0x0001afef      0x167 cmake/stm32cubemx/CMakeFiles/STM32_Drivers.dir/__/__/Src/system_stm32g4xx.c.obj
 .debug_macro   0x0001b156     0x3558 cmake/stm32cubemx/CMakeFiles/STM32_Drivers.dir/__/__/Src/system_stm32g4xx.c.obj
 .debug_macro   0x0001e6ae      0x190 cmake/stm32cubemx/CMakeFiles/STM32_Drivers.dir/__/__/Src/system_stm32g4xx.c.obj
 .debug_macro   0x0001e83e       0x5c cmake/stm32cubemx/CMakeFiles/STM32_Drivers.dir/__/__/Src/system_stm32g4xx.c.obj
 .debug_macro   0x0001e89a     0x171f cmake/stm32cubemx/CMakeFiles/STM32_Drivers.dir/__/__/Src/system_stm32g4xx.c.obj
 .debug_macro   0x0001ffb9      0x600 cmake/stm32cubemx/CMakeFiles/STM32_Drivers.dir/__/__/Src/system_stm32g4xx.c.obj
 .debug_macro   0x000205b9      0x1b6 cmake/stm32cubemx/CMakeFiles/STM32_Drivers.dir/__/__/Src/system_stm32g4xx.c.obj
 .debug_macro   0x0002076f      0x34a cmake/stm32cubemx/CMakeFiles/STM32_Drivers.dir/__/__/Src/system_stm32g4xx.c.obj
 .debug_macro   0x00020ab9      0x53c cmake/stm32cubemx/CMakeFiles/STM32_Drivers.dir/__/__/Src/system_stm32g4xx.c.obj
 .debug_macro   0x00020ff5      0x18b cmake/stm32cubemx/CMakeFiles/STM32_Drivers.dir/__/__/Src/system_stm32g4xx.c.obj
 .debug_macro   0x00021180       0x43 cmake/stm32cubemx/CMakeFiles/STM32_Drivers.dir/__/__/Src/system_stm32g4xx.c.obj